09-09 19:04:14.264   756   756 E vendor.fih.hardware.box@1.0-service: Box::BoxCMD sbuf_len=88
09-09 19:04:14.264   756   756 I BBSYS   : bbsupd:8::data_app_native_crash;com.test.ffmpegvideoplay;com.test.ffmpegvideoplay|1|1.0;N/A
09-09 19:04:14.264   756   756 I BBSYS   : update info(8): data_app_native_crash;com.test.ffmpegvideoplay;com.test.ffmpegvideoplay|1|1.0;N/A 
09-09 19:04:14.264   756   756 I BBSYS   : Err: openbbsfile[/vendor/BBSYS/DROPBOX]:No such file or directory
09-09 19:04:14.265  2538  2538 I ButtonDispatcher: setVisibility() : visibility = 0 mVisibility = 0 mIsTemporaryInvisible = false this = com.android.systemui.statusbar.phone.ButtonDispatcher@387277b
09-09 19:04:14.265  2538  2538 I ButtonDispatcher: setVisibility() : visibility = 0 mVisibility = 0 mIsTemporaryInvisible = false this = com.android.systemui.statusbar.phone.ButtonDispatcher@387277b
09-09 19:04:14.266  2538  2538 D StatusBar: hiding the MENU button
09-09 19:04:14.274  1505  2375 I chatty  : uid=1000(system) WifiService expire 44 lines
09-09 19:04:14.275   740 27666 D SDM     : DisplayBase::BuildLayerStackStats: LayerStack layer_count: 7, app_layer_count: 6, gpu_target_index: 6, display type: 0
09-09 19:04:14.282 24109 28820 E STBIntentService: send error message:data_app_native_crash;1568027054117(pkgName:com.test.ffmpegvideoplay;version:1.0;versionCode:1) to BBS for ANR/FC/TOMB_STONE...
09-09 19:04:14.284 24109 24109 E STBIntentService: Service Destroyed.. 
09-09 19:04:14.292   740 27666 D SDM     : DisplayBase::BuildLayerStackStats: LayerStack layer_count: 7, app_layer_count: 6, gpu_target_index: 6, display type: 0
09-09 19:04:14.309   740 27666 D SDM     : DisplayBase::BuildLayerStackStats: LayerStack layer_count: 7, app_layer_count: 6, gpu_target_index: 6, display type: 0
09-09 19:04:14.325   740 27666 D SDM     : DisplayBase::BuildLayerStackStats: LayerStack layer_count: 7, app_layer_count: 6, gpu_target_index: 6, display type: 0
09-09 19:04:14.342   740 27666 D SDM     : DisplayBase::BuildLayerStackStats: LayerStack layer_count: 7, app_layer_count: 6, gpu_target_index: 6, display type: 0
09-09 19:04:14.359   740 27666 D SDM     : DisplayBase::BuildLayerStackStats: LayerStack layer_count: 7, app_layer_count: 6, gpu_target_index: 6, display type: 0
09-09 19:04:14.375  2538  2538 I ButtonDispatcher: setVisibility() : visibility = 0 mVisibility = 0 mIsTemporaryInvisible = false this = com.android.systemui.statusbar.phone.ButtonDispatcher@387277b
09-09 19:04:14.376   740 27666 D SDM     : DisplayBase::BuildLayerStackStats: LayerStack layer_count: 7, app_layer_count: 6, gpu_target_index: 6, display type: 0
09-09 19:04:14.394   740 27666 D SDM     : DisplayBase::BuildLayerStackStats: LayerStack layer_count: 7, app_layer_count: 6, gpu_target_index: 6, display type: 0
09-09 19:04:14.409   740 27666 D SDM     : DisplayBase::BuildLayerStackStats: LayerStack layer_count: 7, app_layer_count: 6, gpu_target_index: 6, display type: 0
09-09 19:04:14.426   740 27666 D SDM     : DisplayBase::BuildLayerStackStats: LayerStack layer_count: 7, app_layer_count: 6, gpu_target_index: 6, display type: 0
09-09 19:04:14.442   740 27666 D SDM     : DisplayBase::BuildLayerStackStats: LayerStack layer_count: 7, app_layer_count: 6, gpu_target_index: 6, display type: 0
09-09 19:04:14.459   740 27666 D SDM     : DisplayBase::BuildLayerStackStats: LayerStack layer_count: 7, app_layer_count: 6, gpu_target_index: 6, display type: 0
09-09 19:04:14.476   740 27666 D SDM     : DisplayBase::BuildLayerStackStats: LayerStack layer_count: 7, app_layer_count: 6, gpu_target_index: 6, display type: 0
09-09 19:04:14.492   740 27666 D SDM     : DisplayBase::BuildLayerStackStats: LayerStack layer_count: 7, app_layer_count: 6, gpu_target_index: 6, display type: 0
09-09 19:04:14.509   740 27666 D SDM     : DisplayBase::BuildLayerStackStats: LayerStack layer_count: 7, app_layer_count: 6, gpu_target_index: 6, display type: 0
09-09 19:04:14.525   740 27666 D SDM     : DisplayBase::BuildLayerStackStats: LayerStack layer_count: 7, app_layer_count: 6, gpu_target_index: 6, display type: 0
09-09 19:04:14.609   740 27666 D SDM     : DisplayBase::BuildLayerStackStats: LayerStack layer_count: 7, app_layer_count: 6, gpu_target_index: 6, display type: 0
09-09 19:04:14.763  2538  2658 D NetworkController: onReceive: intent=Intent { act=android.net.wifi.RSSI_CHANGED flg=0x4000010 (has extras) }
09-09 19:04:14.765  2538  2658 D NetworkController.WifiSignalController: Change in state from: connected=true,enabled=true,level=4,inetCondition=1,iconGroup=IconGroup(Wi-Fi Icons),activityIn=true,activityOut=true,rssi=-51,lastModified=09-09 19:04:13,ssid="Algento-1705-5G",isTransient=false,statusLabel=null
09-09 19:04:14.765  2538  2658 D NetworkController.WifiSignalController: 	to: connected=true,enabled=true,level=4,inetCondition=1,iconGroup=IconGroup(Wi-Fi Icons),activityIn=true,activityOut=true,rssi=-46,lastModified=09-09 19:04:13,ssid="Algento-1705-5G",isTransient=false,statusLabel=null
09-09 19:04:14.771 20237 20250 I gle.android.gm: Background concurrent copying GC freed 166583(9MB) AllocSpace objects, 12(560KB) LOS objects, 49% free, 11MB/22MB, paused 386us total 139.943ms
09-09 19:04:15.280  2538  2538 D NetworkController.WifiSignalController: Change in state from: connected=true,enabled=true,level=4,inetCondition=1,iconGroup=IconGroup(Wi-Fi Icons),activityIn=true,activityOut=true,rssi=-46,lastModified=09-09 19:04:14,ssid="Algento-1705-5G",isTransient=false,statusLabel=null
09-09 19:04:15.280  2538  2538 D NetworkController.WifiSignalController: 	to: connected=true,enabled=true,level=4,inetCondition=1,iconGroup=IconGroup(Wi-Fi Icons),activityIn=false,activityOut=false,rssi=-46,lastModified=09-09 19:04:14,ssid="Algento-1705-5G",isTransient=false,statusLabel=null
09-09 19:04:15.310   740 27666 D SDM     : DisplayBase::BuildLayerStackStats: LayerStack layer_count: 7, app_layer_count: 6, gpu_target_index: 6, display type: 0
09-09 19:04:15.326   740 27666 D SDM     : DisplayBase::BuildLayerStackStats: LayerStack layer_count: 7, app_layer_count: 6, gpu_target_index: 6, display type: 0
09-09 19:04:15.409   740 27666 D SDM     : DisplayBase::BuildLayerStackStats: LayerStack layer_count: 7, app_layer_count: 6, gpu_target_index: 6, display type: 0
09-09 19:04:15.575 21131 21131 D wpa_supplicant: nl80211: Drv Event 34 (NL80211_CMD_NEW_SCAN_RESULTS) received for wlan0
09-09 19:04:15.575 21131 21131 D wpa_supplicant: wlan0: nl80211: New scan results available
09-09 19:04:15.575 21131 21131 D wpa_supplicant: nl80211: Scan probed for SSID ''
09-09 19:04:15.575 21131 21131 D wpa_supplicant: nl80211: Scan probed for SSID 'ddddd'
09-09 19:04:15.576 21131 21131 D wpa_supplicant: nl80211: Scan included frequencies: 2412 2417 2422 2427 2432 2437 2442 2447 2452 2457 2462 2467 2472 5180 5200 5220 5240 5260 5280 5300 5320 5745 5765 5785 5805 5825
09-09 19:04:15.576 21131 21131 D wpa_supplicant: wlan0: Event SCAN_RESULTS (3) received
09-09 19:04:15.576 21131 21131 D wpa_supplicant: nl80211: Received scan results (15 BSSes)
09-09 19:04:15.576 21131 21131 D wpa_supplicant: nl80211: Scan results indicate BSS status with 9c:3d:cf:4a:d0:30 as associated
09-09 19:04:15.577 21131 21131 D wpa_supplicant: wlan0: BSS: Start scan result update 4218
09-09 19:04:15.577 21131 21131 D wpa_supplicant: wlan0: BSS: Add new id 7595 BSSID 98:01:a7:e9:45:19 SSID 'mymax' freq 5785
09-09 19:04:15.577 21131 21131 D wpa_supplicant: wlan0: BSS: Add new id 7596 BSSID 72:1a:a9:bd:59:48 SSID '\xe6\xb5\xb7\xe6\xb7\x80\xe6\x97\xa0\xe7\xba\xbf\xe7\xbd\x91' freq 2462
09-09 19:04:15.577 21131 21131 D wpa_supplicant: wlan0: BSS: Remove id 7593 BSSID 00:5a:13:62:ed:94 SSID 'MHQC' due to no match in scan
09-09 19:04:15.577 21131 21131 D wpa_supplicant: wlan0: BSS: Remove id 7589 BSSID 02:1a:a9:bd:5c:b1 SSID '\xe6\xb5\xb7\xe6\xb7\x80\xe6\x97\xa0\xe7\xba\xbf\xe7\xbd\x91' due to no match in scan
09-09 19:04:15.577 21131 21131 D wpa_supplicant: BSS: last_scan_res_used=15/32
09-09 19:04:15.577 21131 21131 D wpa_supplicant: wlan0: New scan results available (own=0 ext=1)
09-09 19:04:15.577 21131 21131 D wpa_supplicant: wlan0: Do not use results from externally requested scan operation for network selection
09-09 19:04:15.577  1131  2521 I LOWI-8.6.0.26: [LOWI-Scan] lowi_close_record:Scan done in 4089834422ms, 15 APs in scan results
09-09 19:04:15.584  1505  2378 I chatty  : uid=1000(system) WifiScanningSer expire 32 lines
09-09 19:04:16.532  1505  1726 D AutomaticBrightnessController: RingBuffer :[53.0 / 400ms, 52.0 / 201ms, 53.0 / 599ms, 52.0 / 800ms, 53.0 / 600ms, 54.0 / 400ms, 56.0 / 201ms, 54.0 / 598ms, 53.0 / 600ms, 54.0 / 201ms, 53.0 / 1001ms, 54.0 / 599ms, 56.0 / 1001ms, 54.0 / 201ms, 56.0 / 206ms, 51.0 / 194ms, 52.0 / 198ms, 51.0 / 201ms, 52.0 / 199ms, 51.0 / 405ms, 49.0 / 195ms, 52.0 / 200ms, 51.0 / 206ms, 49.0 / 196ms, 48.0 / 198ms, 47.0 / 200ms, 46.0 / 1203ms]
09-09 19:04:16.799 20237 20237 V FA-SVC  : onUnbind called for intent. action: com.google.android.gms.gcm.ACTION_TASK_READY
09-09 19:04:16.802 20237 20237 V FA-SVC  : Device PackageMeasurementTaskService is shutting down
09-09 19:04:17.288  2538  2538 D NetworkController.WifiSignalController: Change in state from: connected=true,enabled=true,level=4,inetCondition=1,iconGroup=IconGroup(Wi-Fi Icons),activityIn=false,activityOut=false,rssi=-46,lastModified=09-09 19:04:15,ssid="Algento-1705-5G",isTransient=false,statusLabel=null
09-09 19:04:17.288  2538  2538 D NetworkController.WifiSignalController: 	to: connected=true,enabled=true,level=4,inetCondition=1,iconGroup=IconGroup(Wi-Fi Icons),activityIn=true,activityOut=true,rssi=-46,lastModified=09-09 19:04:15,ssid="Algento-1705-5G",isTransient=false,statusLabel=null
09-09 19:04:17.327   740 27666 D SDM     : DisplayBase::BuildLayerStackStats: LayerStack layer_count: 7, app_layer_count: 6, gpu_target_index: 6, display type: 0
09-09 19:04:17.343   740 27666 D SDM     : DisplayBase::BuildLayerStackStats: LayerStack layer_count: 7, app_layer_count: 6, gpu_target_index: 6, display type: 0
09-09 19:04:17.427   740 27666 D SDM     : DisplayBase::BuildLayerStackStats: LayerStack layer_count: 7, app_layer_count: 6, gpu_target_index: 6, display type: 0
09-09 19:04:17.801  2538  2658 D NetworkController: onReceive: intent=Intent { act=android.net.wifi.RSSI_CHANGED flg=0x4000010 (has extras) }
09-09 19:04:17.815  2538  2658 D NetworkController.WifiSignalController: Change in state from: connected=true,enabled=true,level=4,inetCondition=1,iconGroup=IconGroup(Wi-Fi Icons),activityIn=true,activityOut=true,rssi=-46,lastModified=09-09 19:04:17,ssid="Algento-1705-5G",isTransient=false,statusLabel=null
09-09 19:04:17.815  2538  2658 D NetworkController.WifiSignalController: 	to: connected=true,enabled=true,level=4,inetCondition=1,iconGroup=IconGroup(Wi-Fi Icons),activityIn=true,activityOut=true,rssi=-48,lastModified=09-09 19:04:17,ssid="Algento-1705-5G",isTransient=false,statusLabel=null
09-09 19:04:18.293  2538  2538 D NetworkController.WifiSignalController: Change in state from: connected=true,enabled=true,level=4,inetCondition=1,iconGroup=IconGroup(Wi-Fi Icons),activityIn=true,activityOut=true,rssi=-48,lastModified=09-09 19:04:17,ssid="Algento-1705-5G",isTransient=false,statusLabel=null
09-09 19:04:18.293  2538  2538 D NetworkController.WifiSignalController: 	to: connected=true,enabled=true,level=4,inetCondition=1,iconGroup=IconGroup(Wi-Fi Icons),activityIn=false,activityOut=false,rssi=-48,lastModified=09-09 19:04:17,ssid="Algento-1705-5G",isTransient=false,statusLabel=null
09-09 19:04:18.345   740 27666 D SDM     : DisplayBase::BuildLayerStackStats: LayerStack layer_count: 7, app_layer_count: 6, gpu_target_index: 6, display type: 0
09-09 19:04:18.360   740 27666 D SDM     : DisplayBase::BuildLayerStackStats: LayerStack layer_count: 7, app_layer_count: 6, gpu_target_index: 6, display type: 0
09-09 19:04:18.443   740 27666 D SDM     : DisplayBase::BuildLayerStackStats: LayerStack layer_count: 7, app_layer_count: 6, gpu_target_index: 6, display type: 0
09-09 19:04:18.719 21095 21346 D HomeActivity: 6 : showNextSearchword ==  
09-09 19:04:19.251  2841  2841 D ImsResolver: maybeAddedImsService, packageName: com.sina.weibo
09-09 19:04:19.254 25596 25682 D CustomThreadPoolExecutor: beforeExecute -- SohuNormal--1--com.sohu.sohuvideo.control.apk.e$1@8df665f start execute
09-09 19:04:19.254 25596 25682 D CustomThreadPoolExecutor: afterExecute -- com.sohu.sohuvideo.sdk.android.threadpool.CustomThreadPoolExecutor@15e7272[Running, pool size = 2, active threads = 1, queued tasks = 0, completed tasks = 29]--com.sohu.sohuvideo.control.apk.e$1@8df665f execute finished
09-09 19:04:19.269  1505  1690 I chatty  : uid=1000(system) android.bg expire 17 lines
09-09 19:04:19.273  1505  1505 I NotificationService: action=android.intent.action.PACKAGE_CHANGED removing=false
09-09 19:04:19.280 20237 28826 I AppsUpload: Received intent with action android.intent.action.PACKAGE_CHANGED
09-09 19:04:19.325  1505  1505 I Telecom : DefaultDialerCache: Refreshing default dialer for user 0: now com.android.contacts: DDC.oR@KJw
09-09 19:04:19.326  1505  1505 D NotificationService: handleSavePolicyFile
09-09 19:04:19.361  3261 14791 D FileOperator: Mode change to WRITE_MODE!
09-09 19:04:19.372  1505  1690 W VoiceInteractionManagerService: no available voice interaction services found for user 0
09-09 19:04:19.375  2841  2841 E PhoneInterfaceManager: [PhoneIntfMgr] getCarrierPackageNamesForIntent: No UICC
09-09 19:04:19.375  2841  2841 D CarrierSvcBindHelper: No carrier app for: 0
09-09 19:04:19.375  2841  2841 E PhoneInterfaceManager: [PhoneIntfMgr] getCarrierPackageNamesForIntent: No UICC
09-09 19:04:19.375  2841  2841 D CarrierSvcBindHelper: No carrier app for: 1
09-09 19:04:19.379 19984 20133 D PackageUpdatedTask: mAllAppsList.updatePackage com.sina.weibo
09-09 19:04:19.444 19984 20133 D IconTheme.IconCache: updateIconThemeIcon
09-09 19:04:19.448 19984 20133 D IconTheme.IconCache: updateIconThemeIcon
09-09 19:04:19.476   740 27666 D SDM     : DisplayBase::BuildLayerStackStats: LayerStack layer_count: 7, app_layer_count: 6, gpu_target_index: 6, display type: 0
09-09 19:04:19.476 19984 19984 D PagedView: PagedView.onMeasure(): 1080, 2280
09-09 19:04:19.476 19984 19984 D PagedView: PagedView.scaledSize: 1080, 2280
09-09 19:04:19.476 19984 19984 D PagedView: PagedView.parentSize: 4560, 4560
09-09 19:04:19.476 19984 19984 D PagedView: PagedView.horizontalPadding: 42
09-09 19:04:19.477 19984 19984 D PagedView: PagedView.verticalPadding: 312
09-09 19:04:19.477 19984 19984 D PagedView: PagedView.onLayout()
09-09 19:04:19.477 19984 19984 D PagedView: 	layout-child0: 0, 0
09-09 19:04:19.477 19984 19984 D PagedView: 	layout-child1: 1101, 89
09-09 19:04:19.477 19984 19984 D PagedView: 	layout-child2: 2161, 89
09-09 19:04:19.477 19984 19984 D PagedView: 	layout-child3: 3221, 89
09-09 19:04:19.477 19984 19984 I ItemLongClick: DragDriver : null, Options : null, isAccessibleDrag : false
09-09 19:04:19.559   740 27666 D SDM     : DisplayBase::BuildLayerStackStats: LayerStack layer_count: 7, app_layer_count: 6, gpu_target_index: 6, display type: 0
09-09 19:04:19.692 19943 28626 E WakeLock: GCM_HB_ALARM release without a matched acquire!
09-09 19:04:19.692 19943 28626 W WakeLock: GCM_HB_ALARM counter does not exist
09-09 19:04:19.742 20237  3862 I Icing   : IndexChimeraService.getServiceInterface callingPackage=com.google.android.gms componentName=AppsCorpus serviceId=36
09-09 19:04:19.742 20237 32345 I Icing   : IndexChimeraService.getServiceInterface callingPackage=com.google.android.gms componentName=AppsCorpus serviceId=32
09-09 19:04:19.754 20237 28837 W Icing   : No valid account for uploading user actions: adpe: Not signed in
09-09 19:04:19.784 20237 28837 I Icing   : Usage reports ok 0, Failed Usage reports 0, indexed 0, rejected 0
09-09 19:04:19.790 20237 28837 W Icing   : No valid account for uploading user actions: adpe: Not signed in
09-09 19:04:19.821 20237 28837 I Icing   : Usage reports ok 0, Failed Usage reports 0, indexed 0, rejected 0
09-09 19:04:20.307  2538  2538 D NetworkController.WifiSignalController: Change in state from: connected=true,enabled=true,level=4,inetCondition=1,iconGroup=IconGroup(Wi-Fi Icons),activityIn=false,activityOut=false,rssi=-48,lastModified=09-09 19:04:18,ssid="Algento-1705-5G",isTransient=false,statusLabel=null
09-09 19:04:20.307  2538  2538 D NetworkController.WifiSignalController: 	to: connected=true,enabled=true,level=4,inetCondition=1,iconGroup=IconGroup(Wi-Fi Icons),activityIn=true,activityOut=true,rssi=-48,lastModified=09-09 19:04:18,ssid="Algento-1705-5G",isTransient=false,statusLabel=null
09-09 19:04:20.360   740 27666 D SDM     : DisplayBase::BuildLayerStackStats: LayerStack layer_count: 7, app_layer_count: 6, gpu_target_index: 6, display type: 0
09-09 19:04:20.376   740 27666 D SDM     : DisplayBase::BuildLayerStackStats: LayerStack layer_count: 7, app_layer_count: 6, gpu_target_index: 6, display type: 0
09-09 19:04:20.460   740 27666 D SDM     : DisplayBase::BuildLayerStackStats: LayerStack layer_count: 7, app_layer_count: 6, gpu_target_index: 6, display type: 0
09-09 19:04:20.509 20237 12576 I Icing   : Indexing com.google.android.gms-internal.3p:MobileApplication from com.google.android.gms
09-09 19:04:20.531 20237 12576 I Icing   : Indexing com.google.android.gms-internal.3p:MusicGroup from com.google.android.gms
09-09 19:04:20.542 20237 12576 I Icing   : Indexing com.google.android.gms-internal.3p:MusicPlaylist from com.google.android.gms
09-09 19:04:20.553 20237 12576 I Icing   : Indexing com.google.android.gms-internal.3p:DigitalDocument from com.google.android.gms
09-09 19:04:20.562 20237 12576 I Icing   : Indexing com.google.android.gms-internal.3p:MusicAlbum from com.google.android.gms
09-09 19:04:20.569 20237 12576 I Icing   : Indexing com.google.android.gms-internal.3p:Message from com.google.android.gms
09-09 19:04:20.578 20237 12576 I Icing   : Indexing com.google.android.gms-internal.3p:Photograph from com.google.android.gms
09-09 19:04:20.586 20237 12576 I Icing   : Indexing com.google.android.gms-internal.3p:MusicRecording from com.google.android.gms
09-09 19:04:20.597 20237 12576 I Icing   : Indexing done com.google.android.gms-internal.3p:MobileApplication
09-09 19:04:20.601 20237 12576 I Icing   : Indexing done com.google.android.gms-internal.3p:MusicGroup
09-09 19:04:20.606 20237 12576 I Icing   : Indexing done com.google.android.gms-internal.3p:MusicPlaylist
09-09 19:04:20.610 20237 12576 I Icing   : Indexing done com.google.android.gms-internal.3p:DigitalDocument
09-09 19:04:20.613 20237 12576 I Icing   : Indexing done com.google.android.gms-internal.3p:MusicAlbum
09-09 19:04:20.615 20237 12576 I Icing   : Indexing done com.google.android.gms-internal.3p:Message
09-09 19:04:20.618 20237 12576 I Icing   : Indexing done com.google.android.gms-internal.3p:Photograph
09-09 19:04:20.621 20237 12576 I Icing   : Indexing done com.google.android.gms-internal.3p:MusicRecording
09-09 19:04:20.829 20237 12576 I Icing   : Indexing com.google.android.gms-apps from com.google.android.gms
09-09 19:04:20.835  2538  2658 D NetworkController: onReceive: intent=Intent { act=android.net.wifi.RSSI_CHANGED flg=0x4000010 (has extras) }
09-09 19:04:20.837  1505 14033 I chatty  : uid=1000(system) Binder:1505_1C expire 25 lines
09-09 19:04:20.919 20237 12576 I Icing   : Indexing done com.google.android.gms-apps
09-09 19:04:21.318  2538  2538 D NetworkController.WifiSignalController: Change in state from: connected=true,enabled=true,level=4,inetCondition=1,iconGroup=IconGroup(Wi-Fi Icons),activityIn=true,activityOut=true,rssi=-48,lastModified=09-09 19:04:20,ssid="Algento-1705-5G",isTransient=false,statusLabel=null
09-09 19:04:21.318  2538  2538 D NetworkController.WifiSignalController: 	to: connected=true,enabled=true,level=4,inetCondition=1,iconGroup=IconGroup(Wi-Fi Icons),activityIn=false,activityOut=false,rssi=-48,lastModified=09-09 19:04:20,ssid="Algento-1705-5G",isTransient=false,statusLabel=null
09-09 19:04:21.361   740 27666 D SDM     : DisplayBase::BuildLayerStackStats: LayerStack layer_count: 7, app_layer_count: 6, gpu_target_index: 6, display type: 0
09-09 19:04:21.377   740 27666 D SDM     : DisplayBase::BuildLayerStackStats: LayerStack layer_count: 7, app_layer_count: 6, gpu_target_index: 6, display type: 0
09-09 19:04:21.460   740 27666 D SDM     : DisplayBase::BuildLayerStackStats: LayerStack layer_count: 7, app_layer_count: 6, gpu_target_index: 6, display type: 0
09-09 19:04:22.060 15023 15105 I chatty  : uid=10433(im.thebot.messenger) expire 97 lines
09-09 19:04:22.212 15023 15047 I chatty  : uid=10433(im.thebot.messenger) expire 7 lines
09-09 19:04:22.482  1505  1742 D BatteryService: Processing new values: info={.chargerAcOnline = false, .chargerUsbOnline = true, .chargerWirelessOnline = false, .maxChargingCurrent = 500000, .maxChargingVoltage = 5000000, .batteryStatus = FULL, .batteryHealth = GOOD, .batteryPresent = true, .batteryLevel = 100, .batteryVoltage = 4354, .batteryTemperature = 290, .batteryCurrent = -2, .batteryCycleCount = 4, .batteryFullCharge = 3163000, .batteryChargeCounter = 3177311, .batteryTechnology = Li-ion}, mBatteryLevelCritical=false, mPlugType=2
09-09 19:04:22.482  1505  1742 I BatteryService: shutdownIfLowCurrentLocked batteryLevel = 100 , hasChargingCurrent = true(isPowered=true,batteryCurrent=-2,hardware=qcom) , hitShutdownVoltage = true(batteryVoltage=4354,mBatteryMinVoltage=-1) , isSystemReady = true
09-09 19:04:22.483  1505  1742 D BatteryService: Sending ACTION_BATTERY_CHANGED. scale:100, info:{.chargerAcOnline = false, .chargerUsbOnline = true, .chargerWirelessOnline = false, .maxChargingCurrent = 500000, .maxChargingVoltage = 5000000, .batteryStatus = FULL, .batteryHealth = GOOD, .batteryPresent = true, .batteryLevel = 100, .batteryVoltage = 4354, .batteryTemperature = 290, .batteryCurrent = -2, .batteryCycleCount = 4, .batteryFullCharge = 3163000, .batteryChargeCounter = 3177311, .batteryTechnology = Li-ion}, EXTRA_WIRELESS_CHARGER_DISABLE = false
09-09 19:04:22.483  1505  1706 D BatteryStatsImpl: resetWhenChargingLongTime resetTime=25200000 ,mchargingUPTime=1558901157 , (resetTime-(uptime-mchargingUPTime))=22273081 ,onBattery=false
09-09 19:04:22.486  2538  2538 D KeyguardUpdateMonitor: received broadcast android.intent.action.BATTERY_CHANGED
09-09 19:04:22.486  2538  2538 D KeyguardUpdateMonitor: ACTION_BATTERY_CHANGED...maxChargingMicroAmp: 500000 maxChargingMicroVolt: 5000000 current: -2000 isDisableWireless: false
09-09 19:04:22.487  2538  2538 D BatteryController: mPluggedIn = true;mCharging =false; status=5; level=100
09-09 19:04:22.488 21322 21322 I [BatteryProtectApp]: ACTION_BATTERY_CHANGED -> Temprature : 29.0
09-09 19:04:22.489 21322 21322 I [BatteryProtectApp]: DetectBatteryService: MaxTempShutDown : false
09-09 19:04:22.489 21322 21322 I [BatteryProtectApp]: DetectBatteryService: LowTempShutDown : false
09-09 19:04:22.489  2841  2841 D QtiCarrierConfigHelper: WARNING, no carrier configs on phone Id: 0
09-09 19:04:22.490 21322 21322 I [BatteryProtectApp]: IS_SUPPORT_DECREASE_CHARGING : true
09-09 19:04:22.490  2538  2538 I BatteryView: updateShowPercent showPercent: 0 mUseSmallBatteryLevel: true mAllowShowPercentage: true
09-09 19:04:22.490  2538  2538 I BatteryMeterDrawableBase: isHideWaring mHideWaring: false
09-09 19:04:22.492   760   760 V LocSvc_HIDL_IzatSubscription: [batteryLevelUpdate][777] [HS] <<<<= [HC]
09-09 19:04:22.492  2538  2538 I BatteryView: updateShowPercent showPercent: 0 mUseSmallBatteryLevel: true mAllowShowPercentage: true
09-09 19:04:22.492  2538  2538 I BatteryMeterDrawableBase: isHideWaring mHideWaring: false
09-09 19:04:22.494  2538  2538 I BatteryView: updateShowPercent showPercent: 0 mUseSmallBatteryLevel: true mAllowShowPercentage: true
09-09 19:04:22.494  2538  2538 I BatteryMeterDrawableBase: isHideWaring mHideWaring: false
09-09 19:04:22.495  2538  2538 D KeyguardUpdateMonitor: handleBatteryUpdate
09-09 19:04:22.496  2538  2538 D CustomizeUtils: getConfig() : srsId = F_REMOVE_LOW_BATTERY_NOTIFY result = true type = bool pkg = com.android.systemui
09-09 19:04:22.496  2538  2538 D PowerUI : Power saver on , don't show low battery 
09-09 19:04:22.519   740 27666 D SDM     : DisplayBase::BuildLayerStackStats: LayerStack layer_count: 7, app_layer_count: 6, gpu_target_index: 6, display type: 0
09-09 19:04:22.552   740 27666 D SDM     : DisplayBase::BuildLayerStackStats: LayerStack layer_count: 7, app_layer_count: 6, gpu_target_index: 6, display type: 0
09-09 19:04:22.627   740 27666 D SDM     : DisplayBase::BuildLayerStackStats: LayerStack layer_count: 7, app_layer_count: 6, gpu_target_index: 6, display type: 0
09-09 19:04:23.214  1505  1691 V ActivityManager: Attempted to start a foreground service (ComponentInfo{com.tencent.mm/com.tencent.mm.plugin.sport.model.SportForegroundService}) with a broken notification (no icon: Notification(channel=reminder_channel_id pri=0 contentView=null vibrate=null sound=null smartAlertCount=0x0 defaults=0x0 flags=0x40 color=0x00000000 vis=PRIVATE))
09-09 19:04:23.230  1505  1691 W ContextImpl: Calling a method in the system process without a qualified user: android.app.ContextImpl.sendBroadcast:1017 com.android.server.am.ServiceRecord$1.run:721 android.os.Handler.handleCallback:874 android.os.Handler.dispatchMessage:100 android.os.Looper.loop:198 
09-09 19:04:23.230  1505  1691 I chatty  : uid=1000(system) ActivityManager expire 4 lines
09-09 19:04:23.613 18634 18679 D UMS_Agent: resetTimer
09-09 19:04:23.619 18634 18683 D UMS_Agent: resetTimer
09-09 19:04:23.761 21095 21346 D HomeActivity: 7 : showNextSearchword == 
09-09 19:04:23.863  2538  2658 D NetworkController: onReceive: intent=Intent { act=android.net.wifi.RSSI_CHANGED flg=0x4000010 (has extras) }
09-09 19:04:23.872  2538  2658 D NetworkController.WifiSignalController: Change in state from: connected=true,enabled=true,level=4,inetCondition=1,iconGroup=IconGroup(Wi-Fi Icons),activityIn=false,activityOut=false,rssi=-48,lastModified=09-09 19:04:21,ssid="Algento-1705-5G",isTransient=false,statusLabel=null
09-09 19:04:23.872  2538  2658 D NetworkController.WifiSignalController: 	to: connected=true,enabled=true,level=4,inetCondition=1,iconGroup=IconGroup(Wi-Fi Icons),activityIn=false,activityOut=false,rssi=-46,lastModified=09-09 19:04:21,ssid="Algento-1705-5G",isTransient=false,statusLabel=null
09-09 19:04:24.741 15023 15023 I chatty  : uid=10433(im.thebot.messenger) expire 916 lines
09-09 19:04:24.749 15023 15164 I chatty  : uid=10433(im.thebot.messenger) expire 14 lines
09-09 19:04:26.535  1505  1726 D AutomaticBrightnessController: RingBuffer :[46.0 / 197ms, 47.0 / 201ms, 46.0 / 2198ms, 47.0 / 1001ms, 48.0 / 402ms, 47.0 / 597ms, 46.0 / 400ms, 47.0 / 1200ms, 48.0 / 200ms, 47.0 / 200ms, 48.0 / 601ms, 49.0 / 1399ms, 47.0 / 1004ms, 48.0 / 200ms, 47.0 / 200ms, 48.0 / 201ms]
09-09 19:04:26.865  1505  2376 I chatty  : uid=1000(system) WifiStateMachin expire 42 lines
09-09 19:04:26.897  2538  2658 D NetworkController: onReceive: intent=Intent { act=android.net.wifi.RSSI_CHANGED flg=0x4000010 (has extras) }
09-09 19:04:26.903  2538  2658 D NetworkController.WifiSignalController: Change in state from: connected=true,enabled=true,level=4,inetCondition=1,iconGroup=IconGroup(Wi-Fi Icons),activityIn=false,activityOut=false,rssi=-46,lastModified=09-09 19:04:23,ssid="Algento-1705-5G",isTransient=false,statusLabel=null
09-09 19:04:26.903  2538  2658 D NetworkController.WifiSignalController: 	to: connected=true,enabled=true,level=4,inetCondition=1,iconGroup=IconGroup(Wi-Fi Icons),activityIn=false,activityOut=false,rssi=-47,lastModified=09-09 19:04:23,ssid="Algento-1705-5G",isTransient=false,statusLabel=null
09-09 19:04:27.093 25960 25960 W Finsky  : [2] jfo.a(63): Self-update check failed with error: com.android.volley.NoConnectionError: org.chromium.net.impl.NetworkExceptionImpl: Exception in CronetUrlRequest: net::ERR_CONNECTION_TIMED_OUT, ErrorCode=6, InternalErrorCode=-118, Retryable=true
09-09 19:04:27.831  1505 14033 D ActivityManager: Raise procstate to external provider: ProcessRecord{5c37eb0 18562:com.cubic.autohome/u0a34}
09-09 19:04:27.876 25960 25960 W Finsky  : [2] jfo.a(63): Self-update check failed with error: com.android.volley.NoConnectionError: org.chromium.net.impl.NetworkExceptionImpl: Exception in CronetUrlRequest: net::ERR_CONNECTION_TIMED_OUT, ErrorCode=6, InternalErrorCode=-118, Retryable=true
09-09 19:04:28.348  2538  2538 D NetworkController.WifiSignalController: Change in state from: connected=true,enabled=true,level=4,inetCondition=1,iconGroup=IconGroup(Wi-Fi Icons),activityIn=false,activityOut=false,rssi=-47,lastModified=09-09 19:04:26,ssid="Algento-1705-5G",isTransient=false,statusLabel=null
09-09 19:04:28.348  2538  2538 D NetworkController.WifiSignalController: 	to: connected=true,enabled=true,level=4,inetCondition=1,iconGroup=IconGroup(Wi-Fi Icons),activityIn=true,activityOut=true,rssi=-47,lastModified=09-09 19:04:26,ssid="Algento-1705-5G",isTransient=false,statusLabel=null
09-09 19:04:28.387   740 27666 D SDM     : DisplayBase::BuildLayerStackStats: LayerStack layer_count: 7, app_layer_count: 6, gpu_target_index: 6, display type: 0
09-09 19:04:28.420   740 27666 D SDM     : DisplayBase::BuildLayerStackStats: LayerStack layer_count: 7, app_layer_count: 6, gpu_target_index: 6, display type: 0
09-09 19:04:28.493   740 27666 D SDM     : DisplayBase::BuildLayerStackStats: LayerStack layer_count: 7, app_layer_count: 6, gpu_target_index: 6, display type: 0
09-09 19:04:28.777 21095 21346 D HomeActivity: 8 : showNextSearchword == 
09-09 19:04:29.348  2538  2538 D NetworkController.WifiSignalController: Change in state from: connected=true,enabled=true,level=4,inetCondition=1,iconGroup=IconGroup(Wi-Fi Icons),activityIn=true,activityOut=true,rssi=-47,lastModified=09-09 19:04:28,ssid="Algento-1705-5G",isTransient=false,statusLabel=null
09-09 19:04:29.348  2538  2538 D NetworkController.WifiSignalController: 	to: connected=true,enabled=true,level=4,inetCondition=1,iconGroup=IconGroup(Wi-Fi Icons),activityIn=false,activityOut=false,rssi=-47,lastModified=09-09 19:04:28,ssid="Algento-1705-5G",isTransient=false,statusLabel=null
09-09 19:04:29.378   740 27666 D SDM     : DisplayBase::BuildLayerStackStats: LayerStack layer_count: 7, app_layer_count: 6, gpu_target_index: 6, display type: 0
09-09 19:04:29.395   740 27666 D SDM     : DisplayBase::BuildLayerStackStats: LayerStack layer_count: 7, app_layer_count: 6, gpu_target_index: 6, display type: 0
09-09 19:04:29.477   740 27666 D SDM     : DisplayBase::BuildLayerStackStats: LayerStack layer_count: 7, app_layer_count: 6, gpu_target_index: 6, display type: 0
09-09 19:04:29.814  1505  1532 I chatty  : uid=1000(system) HeapTaskDaemon expire 4 lines
09-09 19:04:29.925  2538  2658 D NetworkController: onReceive: intent=Intent { act=android.net.wifi.RSSI_CHANGED flg=0x4000010 (has extras) }
09-09 19:04:29.932  2538  2658 D NetworkController.WifiSignalController: Change in state from: connected=true,enabled=true,level=4,inetCondition=1,iconGroup=IconGroup(Wi-Fi Icons),activityIn=false,activityOut=false,rssi=-47,lastModified=09-09 19:04:29,ssid="Algento-1705-5G",isTransient=false,statusLabel=null
09-09 19:04:29.932  2538  2658 D NetworkController.WifiSignalController: 	to: connected=true,enabled=true,level=4,inetCondition=1,iconGroup=IconGroup(Wi-Fi Icons),activityIn=false,activityOut=false,rssi=-48,lastModified=09-09 19:04:29,ssid="Algento-1705-5G",isTransient=false,statusLabel=null
09-09 19:04:30.854 25960 28844 I Finsky  : [7840] fig.a(59): [Cache and Sync] mode not available for any accounts.
09-09 19:04:30.876 25960 28844 D Volley  : [7840] uhb.b: Cache cleared.
09-09 19:04:30.881 26221 26260 E PlayCommon: [7754] acwd.d(264): Failed to connect to server: java.net.SocketTimeoutException: failed to connect to play.googleapis.com/172.217.160.74 (port 443) from /10.0.0.44 (port 41303) after 10000ms
09-09 19:04:30.930 25960 25960 I Finsky  : [2] phl.b(15): jobFinished: 1-1337. TimeElapsed: 189893ms
09-09 19:04:31.101 25960 28845 I Finsky  : [7841] fig.a(59): [Cache and Sync] mode not available for any accounts.
09-09 19:04:31.119 25960 28845 D Volley  : [7841] uhb.b: Cache cleared.
09-09 19:04:31.183 25960 25960 I Finsky  : [2] jeo.a(7): No need to schedule routine hygiene, as hygiene is already running.
09-09 19:04:31.279 25960 25960 I Finsky  : [2] pgf.a(10): Job 1-1337 finished
09-09 19:04:31.281 25960 25960 I Finsky  : [2] pgk.handleMessage(81): RunningQueue size: 0, PendingQueue size: 0
09-09 19:04:31.282 25960 25960 I Finsky  : [2] pgk.handleMessage(85): Waiting on changed job store
09-09 19:04:32.953  2538  2658 D NetworkController: onReceive: intent=Intent { act=android.net.wifi.RSSI_CHANGED flg=0x4000010 (has extras) }
09-09 19:04:33.029 18562 18601 D UMS_Agent: resetTimer
09-09 19:04:33.780 21095 21346 D HomeActivity: 9 : showNextSearchword == 
09-09 19:04:34.017 18782 18812 D UMS_Agent: resetTimer
09-09 19:04:34.778 25960 28672 I Finsky  : [7837] phq.b(7): Jobs in database: 1-1337 3-279 3-280 10-4 10-8 10-11 10-15 10-18 10-22 10-29 10-30 10-38 10-39 10-42 10-47 10-48 10-50 10-55 12-1 24-77777777 26-1414141414 
09-09 19:04:35.064 25960 25960 I Finsky  : [2] pgk.handleMessage(81): RunningQueue size: 0, PendingQueue size: 0
09-09 19:04:35.064 25960 25960 I Finsky  : [2] pgk.handleMessage(27): Executor finished
09-09 19:04:27.898  1505 14033 I chatty  : uid=1000(system) Binder:1505_1C identical 5 lines
09-09 19:04:27.944  1505 14033 D ActivityManager: Raise procstate to external provider: ProcessRecord{5c37eb0 18562:com.cubic.autohome/u0a34}
09-09 19:04:35.331  1505  1726 D AutomaticBrightnessController: updateAmbientLux Ring =[47.0 / 604ms, 48.0 / 200ms, 47.0 / 200ms, 48.0 / 200ms, 47.0 / 597ms, 48.0 / 199ms, 47.0 / 600ms, 46.0 / 200ms, 47.0 / 601ms, 46.0 / 199ms, 47.0 / 2202ms, 46.0 / 400ms, 47.0 / 404ms, 46.0 / 395ms, 47.0 / 2202ms, 46.0 / 798ms]
09-09 19:04:35.331  1505  1726 D AutomaticBrightnessController: updateAmbientLux Light sensor value: 46 lux.
09-09 19:04:35.332  1505  1726 D SettingsProvider: Brightness >> Calling : android >> Pid : 1505 : screen_brightness =  34
09-09 19:04:35.337  1505  1505 V SettingsProvider: Notifying for 0: content://settings/system/screen_brightness
09-09 19:04:35.340  1505  1726 D SettingsProvider: Brightness >> Calling : android >> Pid : 1505 : screen_brightness =  34
09-09 19:04:35.346  2538  2538 D KeyguardTextClock: onTimeChanged, mShouldRunTicker: false
09-09 19:04:35.348  1505  2501 D DisplayManagerService: Set backlight to 38
09-09 19:04:35.347  2538  2538 D KeyguardTextClock: onTimeChanged, mShouldRunTicker: false
09-09 19:04:35.350   742   742 D qdlights: write_int: write 38 to /sys/class/leds/lcd-backlight/brightness
09-09 19:04:35.351   742   742 D qdlights: write_int: fd opened :
09-09 19:04:35.351   742   742 D qdlights: write_int: amt = 3, value = 38
09-09 19:04:35.351   742   742 D qdlights: 
09-09 19:04:35.351  2538  2538 D KeyguardTextClock: onTimeChanged, mShouldRunTicker: false
09-09 19:04:35.363  1505  2501 D DisplayManagerService: Set backlight to 36
09-09 19:04:35.365   742   742 D qdlights: write_int: write 36 to /sys/class/leds/lcd-backlight/brightness
09-09 19:04:35.365   742   742 D qdlights: write_int: fd opened :
09-09 19:04:35.365   742   742 D qdlights: write_int: amt = 3, value = 36
09-09 19:04:35.365   742   742 D qdlights: 
09-09 19:04:35.380  1505  1726 D SettingsProvider: Brightness >> Calling : android >> Pid : 1505 : screen_brightness =  34
09-09 19:04:35.381  1505  2501 D DisplayManagerService: Set backlight to 34
09-09 19:04:35.383   742   742 D qdlights: write_int: write 34 to /sys/class/leds/lcd-backlight/brightness
09-09 19:04:35.383   742   742 D qdlights: write_int: fd opened :
09-09 19:04:35.383   742   742 D qdlights: write_int: amt = 3, value = 34
09-09 19:04:35.383   742   742 D qdlights: 
09-09 19:04:35.408 18887 18924 D UMS_Agent: resetTimer
09-09 19:04:35.452 25960 25960 I Finsky  : [2] phq.b(7): Jobs in database: 1-1337 3-279 3-280 10-4 10-8 10-11 10-15 10-18 10-22 10-29 10-30 10-38 10-39 10-42 10-47 10-48 10-50 10-55 12-1 24-77777777 26-1414141414 
09-09 19:04:35.486 25960 25960 I Finsky  : [2] pfj.a(67): ConstraintMapping: 24-77777777,  -> L: 0ms, D: 55702799ms, C: false, I: true, N: 0
09-09 19:04:35.541 25960 25960 I Finsky  : [2] pfj.a(67): ConstraintMapping: 1-1337, 10-4, 10-8, 10-11, 10-15, 10-18, 10-22, 10-29, 10-30, 10-38, 10-39, 10-42, 10-47, 10-48, 10-50, 10-55, 12-1,  -> L: 0ms, D: 629377ms, C: false, I: false, N: 1
09-09 19:04:35.545 25960 25960 I Finsky  : [2] pfj.a(67): ConstraintMapping: 3-279,  -> L: 0ms, D: 84195752ms, C: false, I: true, N: 1
09-09 19:04:35.549 25960 25960 I Finsky  : [2] pfj.a(67): ConstraintMapping: 3-280,  -> L: 0ms, D: 84195817ms, C: true, I: true, N: 2
09-09 19:04:35.552 25960 25960 I Finsky  : [2] pfj.a(67): ConstraintMapping: 26-1414141414,  -> L: 13092870ms, D: 13992870ms, C: false, I: false, N: 0
09-09 19:04:35.555 25960 25960 I Finsky  : [2] com.google.android.finsky.scheduler.JobSchedulerEngine.a(42): Cancelling existing job with id: 9001
09-09 19:04:35.558 25960 25960 I Finsky  : [2] com.google.android.finsky.scheduler.JobSchedulerEngine.a(42): Cancelling existing job with id: 9007
09-09 19:04:35.561 25960 25960 I Finsky  : [2] com.google.android.finsky.scheduler.JobSchedulerEngine.a(42): Cancelling existing job with id: 9008
09-09 19:04:35.565 25960 25960 I Finsky  : [2] com.google.android.finsky.scheduler.JobSchedulerEngine.a(42): Cancelling existing job with id: 9006
09-09 19:04:35.569 25960 25960 I Finsky  : [2] com.google.android.finsky.scheduler.JobSchedulerEngine.a(4): Scheduling job Id: 9000, L: 0, D: 55702799, C: false, I: true, N: 0
09-09 19:04:35.571 25960 25960 I Finsky  : [2] com.google.android.finsky.scheduler.JobSchedulerEngine.a(4): Scheduling job Id: 9003, L: 0, D: 629377, C: false, I: false, N: 1
09-09 19:04:35.583 25960 25960 I Finsky  : [2] com.google.android.finsky.scheduler.JobSchedulerEngine.a(4): Scheduling job Id: 9004, L: 0, D: 84195752, C: false, I: true, N: 1
09-09 19:04:35.585 25960 25960 I Finsky  : [2] com.google.android.finsky.scheduler.JobSchedulerEngine.a(4): Scheduling job Id: 9005, L: 0, D: 84195817, C: true, I: true, N: 2
09-09 19:04:35.588 25960 25960 I Finsky  : [2] com.google.android.finsky.scheduler.JobSchedulerEngine.a(4): Scheduling job Id: 9009, L: 13092870, D: 13992870, C: false, I: false, N: 0
09-09 19:04:35.595 25960 25960 I Finsky  : [2] com.google.android.finsky.scheduler.JobSchedulerEngine$PhoneskyJobSchedulerJobService.onStartJob(3): onJobSchedulerWakeup with jobId 9003
09-09 19:04:35.599 25960 25960 I Finsky  : [2] pgc.a(21): Scheduling fallback job with id: 9034, and delay: 43200000 ms
09-09 19:04:35.604 25960 25960 I Finsky  : [2] pgc.a(5): Scheduling fallback in 64799997 (absolute: 4154678372)
09-09 19:04:35.618  1505  1742 D BatteryService: Processing new values: info={.chargerAcOnline = false, .chargerUsbOnline = true, .chargerWirelessOnline = false, .maxChargingCurrent = 500000, .maxChargingVoltage = 5000000, .batteryStatus = FULL, .batteryHealth = GOOD, .batteryPresent = true, .batteryLevel = 100, .batteryVoltage = 4354, .batteryTemperature = 290, .batteryCurrent = -2, .batteryCycleCount = 4, .batteryFullCharge = 3163000, .batteryChargeCounter = 3177322, .batteryTechnology = Li-ion}, mBatteryLevelCritical=false, mPlugType=2
09-09 19:04:35.618  1505  1742 I BatteryService: shutdownIfLowCurrentLocked batteryLevel = 100 , hasChargingCurrent = true(isPowered=true,batteryCurrent=-2,hardware=qcom) , hitShutdownVoltage = true(batteryVoltage=4354,mBatteryMinVoltage=-1) , isSystemReady = true
09-09 19:04:35.618  1505  1742 D BatteryService: Sending ACTION_BATTERY_CHANGED. scale:100, info:{.chargerAcOnline = false, .chargerUsbOnline = true, .chargerWirelessOnline = false, .maxChargingCurrent = 500000, .maxChargingVoltage = 5000000, .batteryStatus = FULL, .batteryHealth = GOOD, .batteryPresent = true, .batteryLevel = 100, .batteryVoltage = 4354, .batteryTemperature = 290, .batteryCurrent = -2, .batteryCycleCount = 4, .batteryFullCharge = 3163000, .batteryChargeCounter = 3177322, .batteryTechnology = Li-ion}, EXTRA_WIRELESS_CHARGER_DISABLE = false
09-09 19:04:35.618  1505  1706 D BatteryStatsImpl: resetWhenChargingLongTime resetTime=25200000 ,mchargingUPTime=1558901157 , (resetTime-(uptime-mchargingUPTime))=22259945 ,onBattery=false
09-09 19:04:35.620  2841  2841 D QtiCarrierConfigHelper: WARNING, no carrier configs on phone Id: 0
09-09 19:04:35.621  2538  2538 D KeyguardUpdateMonitor: received broadcast android.intent.action.BATTERY_CHANGED
09-09 19:04:35.621  2538  2538 D KeyguardUpdateMonitor: ACTION_BATTERY_CHANGED...maxChargingMicroAmp: 500000 maxChargingMicroVolt: 5000000 current: -2000 isDisableWireless: false
09-09 19:04:35.621  2538  2538 D BatteryController: mPluggedIn = true;mCharging =false; status=5; level=100
09-09 19:04:35.623 21322 21322 I [BatteryProtectApp]: ACTION_BATTERY_CHANGED -> Temprature : 29.0
09-09 19:04:35.623  2538  2538 I BatteryView: updateShowPercent showPercent: 0 mUseSmallBatteryLevel: true mAllowShowPercentage: true
09-09 19:04:35.623  2538  2538 I BatteryMeterDrawableBase: isHideWaring mHideWaring: false
09-09 19:04:35.623 21322 21322 I [BatteryProtectApp]: DetectBatteryService: MaxTempShutDown : false
09-09 19:04:35.623 21322 21322 I [BatteryProtectApp]: DetectBatteryService: LowTempShutDown : false
09-09 19:04:35.624 21322 21322 I [BatteryProtectApp]: IS_SUPPORT_DECREASE_CHARGING : true
09-09 19:04:35.624  2538  2538 I BatteryView: updateShowPercent showPercent: 0 mUseSmallBatteryLevel: true mAllowShowPercentage: true
09-09 19:04:35.625  2538  2538 I BatteryMeterDrawableBase: isHideWaring mHideWaring: false
09-09 19:04:35.625   760   760 V LocSvc_HIDL_IzatSubscription: [batteryLevelUpdate][777] [HS] <<<<= [HC]
09-09 19:04:35.625  2538  2538 I BatteryView: updateShowPercent showPercent: 0 mUseSmallBatteryLevel: true mAllowShowPercentage: true
09-09 19:04:35.625  2538  2538 I BatteryMeterDrawableBase: isHideWaring mHideWaring: false
09-09 19:04:35.626  2538  2538 D KeyguardUpdateMonitor: handleBatteryUpdate
09-09 19:04:35.627  2538  2538 D CustomizeUtils: getConfig() : srsId = F_REMOVE_LOW_BATTERY_NOTIFY result = true type = bool pkg = com.android.systemui
09-09 19:04:35.627  2538  2538 D PowerUI : Power saver on , don't show low battery 
09-09 19:04:35.647   740 27666 D SDM     : DisplayBase::BuildLayerStackStats: LayerStack layer_count: 7, app_layer_count: 6, gpu_target_index: 6, display type: 0
09-09 19:04:35.664   740 27666 D SDM     : DisplayBase::BuildLayerStackStats: LayerStack layer_count: 7, app_layer_count: 6, gpu_target_index: 6, display type: 0
09-09 19:04:35.744   740 27666 D SDM     : DisplayBase::BuildLayerStackStats: LayerStack layer_count: 7, app_layer_count: 6, gpu_target_index: 6, display type: 0
09-09 19:04:35.757 18562 18604 D UMS_Agent: resetTimer
09-09 19:04:35.988  2538  2658 D NetworkController: onReceive: intent=Intent { act=android.net.wifi.RSSI_CHANGED flg=0x4000010 (has extras) }
09-09 19:04:35.989  1505  2389 I chatty  : uid=1000(system) Binder:1505_3 expire 15 lines
09-09 19:04:35.989  1505 17800 I chatty  : uid=1000(system) Binder:1505_20 expire 21 lines
09-09 19:04:35.992  2538  2658 D NetworkController.WifiSignalController: Change in state from: connected=true,enabled=true,level=4,inetCondition=1,iconGroup=IconGroup(Wi-Fi Icons),activityIn=false,activityOut=false,rssi=-48,lastModified=09-09 19:04:29,ssid="Algento-1705-5G",isTransient=false,statusLabel=null
09-09 19:04:35.992  2538  2658 D NetworkController.WifiSignalController: 	to: connected=true,enabled=true,level=4,inetCondition=1,iconGroup=IconGroup(Wi-Fi Icons),activityIn=false,activityOut=false,rssi=-47,lastModified=09-09 19:04:29,ssid="Algento-1705-5G",isTransient=false,statusLabel=null
09-09 19:04:36.168 18935 18975 D UMS_Agent: resetTimer
09-09 19:04:36.318 18782 18816 D UMS_Agent: resetTimer
09-09 19:04:36.368  1505  2375 I chatty  : uid=1000(system) WifiService expire 32 lines
09-09 19:04:36.489  3261  3261 D FileOperator: Mode change to WRITE_MODE!
09-09 19:04:37.551  1019  1141 E storaged: getDiskStats failed with result NOT_SUPPORTED and size 0
09-09 19:04:37.659 25960 25977 I Finsky  : [7735] ias.run(3): Stats for Executor: BlockingExecutor icd@45c4a63[Running, pool size = 1, active threads = 1, queued tasks = 0, completed tasks = 14]
09-09 19:04:37.660 25960 25977 I Finsky  : [7735] ias.run(3): Stats for Executor: LightweightExecutor icd@5880660[Running, pool size = 4, active threads = 0, queued tasks = 0, completed tasks = 63]
09-09 19:04:37.733  1505  1726 D AutomaticBrightnessController: RingBuffer :[47.0 / 203ms, 48.0 / 200ms, 47.0 / 200ms, 48.0 / 200ms, 47.0 / 597ms, 48.0 / 199ms, 47.0 / 600ms, 46.0 / 200ms, 47.0 / 601ms, 46.0 / 199ms, 47.0 / 2202ms, 46.0 / 400ms, 47.0 / 404ms, 46.0 / 395ms, 47.0 / 2202ms, 46.0 / 801ms, 47.0 / 196ms, 46.0 / 201ms, 47.0 / 2002ms]
09-09 19:04:37.735  7236  7299 D WorkerThreadMonitor: Kill MSF check result[ senderSize:0,sendInterval:12188647,receiveInterval=12188646,addCmdCount=0
09-09 19:04:37.802 18887 18927 D UMS_Agent: resetTimer
09-09 19:04:37.978 15023 15023 I chatty  : uid=10433(im.thebot.messenger) expire 715 lines
09-09 19:04:37.979 18935 18977 D UMS_Agent: resetTimer
09-09 19:04:38.044 25960 25977 I Finsky  : [7735] ias.run(3): Stats for Executor: bgExecutor icd@b1c2719[Running, pool size = 4, active threads = 0, queued tasks = 0, completed tasks = 57]
09-09 19:04:38.822 21095 21346 D HomeActivity: 10 : showNextSearchword == 
09-09 19:04:39.033  2538  2658 D NetworkController: onReceive: intent=Intent { act=android.net.wifi.RSSI_CHANGED flg=0x4000010 (has extras) }
09-09 19:04:39.039  2538  2658 D NetworkController.WifiSignalController: Change in state from: connected=true,enabled=true,level=4,inetCondition=1,iconGroup=IconGroup(Wi-Fi Icons),activityIn=false,activityOut=false,rssi=-47,lastModified=09-09 19:04:35,ssid="Algento-1705-5G",isTransient=false,statusLabel=null
09-09 19:04:39.039  2538  2658 D NetworkController.WifiSignalController: 	to: connected=true,enabled=true,level=4,inetCondition=1,iconGroup=IconGroup(Wi-Fi Icons),activityIn=false,activityOut=false,rssi=-48,lastModified=09-09 19:04:35,ssid="Algento-1705-5G",isTransient=false,statusLabel=null
09-09 19:04:39.749 19943 28835 E WakeLock: GCM_HB_ALARM release without a matched acquire!
09-09 19:04:39.749 19943 28835 W WakeLock: GCM_HB_ALARM counter does not exist
09-09 19:04:39.751  1505  2380 D ConnectivityService: reportNetworkConnectivity(139, false) by 10113
09-09 19:04:39.752  1505 13852 I chatty  : uid=1000(system) NetworkMonitorN expire 8 lines
09-09 19:04:39.756 19943 28835 W WakeLock: GCM_CONN_ALARM counter does not exist
09-09 19:04:39.788  1505 28851 I chatty  : uid=1000 system_server expire 2 lines
09-09 19:04:39.789  1505 28852 I chatty  : uid=1000 system_server expire 2 lines
09-09 19:04:39.824  1505  2380 D ConnectivityService: NetworkAgentInfo [WIFI () - 139] validation passed
09-09 19:04:40.389  2538  2538 D NetworkController.WifiSignalController: Change in state from: connected=true,enabled=true,level=4,inetCondition=1,iconGroup=IconGroup(Wi-Fi Icons),activityIn=false,activityOut=false,rssi=-48,lastModified=09-09 19:04:39,ssid="Algento-1705-5G",isTransient=false,statusLabel=null
09-09 19:04:40.389  2538  2538 D NetworkController.WifiSignalController: 	to: connected=true,enabled=true,level=4,inetCondition=1,iconGroup=IconGroup(Wi-Fi Icons),activityIn=true,activityOut=true,rssi=-48,lastModified=09-09 19:04:39,ssid="Algento-1705-5G",isTransient=false,statusLabel=null
09-09 19:04:40.442   740 27666 D SDM     : DisplayBase::BuildLayerStackStats: LayerStack layer_count: 7, app_layer_count: 6, gpu_target_index: 6, display type: 0
09-09 19:04:40.475   740 27666 D SDM     : DisplayBase::BuildLayerStackStats: LayerStack layer_count: 7, app_layer_count: 6, gpu_target_index: 6, display type: 0
09-09 19:04:40.561   740 27666 D SDM     : DisplayBase::BuildLayerStackStats: LayerStack layer_count: 7, app_layer_count: 6, gpu_target_index: 6, display type: 0
09-09 19:04:40.926 25960 25960 I Finsky  : [2] pgk.handleMessage(10): DeviceState: DeviceState{currentTime=1568027080823, isCharging=true, isIdle=false, netAny=false, netNotRoaming=false, netUnmetered=false}
09-09 19:04:41.021 25960 28672 I Finsky  : [7837] phq.b(7): Jobs in database: 1-1337 3-279 3-280 10-4 10-8 10-11 10-15 10-18 10-22 10-29 10-30 10-38 10-39 10-42 10-47 10-48 10-50 10-55 12-1 24-77777777 26-1414141414 
09-09 19:04:41.446 25960 25960 I Finsky  : [2] pgk.handleMessage(81): RunningQueue size: 0, PendingQueue size: 0
09-09 19:04:41.447 25960 25960 I Finsky  : [2] pgk.handleMessage(27): Executor finished
09-09 19:04:42.033  1505  2376 I chatty  : uid=1000(system) WifiStateMachin expire 38 lines
09-09 19:04:42.042 25960 25960 I Finsky  : [2] phq.b(7): Jobs in database: 1-1337 3-279 3-280 10-4 10-8 10-11 10-15 10-18 10-22 10-29 10-30 10-38 10-39 10-42 10-47 10-48 10-50 10-55 12-1 24-77777777 26-1414141414 
09-09 19:04:42.043 15023 15105 I chatty  : uid=10433(im.thebot.messenger) expire 100 lines
09-09 19:04:42.057  2538  2658 D NetworkController: onReceive: intent=Intent { act=android.net.wifi.RSSI_CHANGED flg=0x4000010 (has extras) }
09-09 19:04:42.060  2538  2658 D NetworkController.WifiSignalController: Change in state from: connected=true,enabled=true,level=4,inetCondition=1,iconGroup=IconGroup(Wi-Fi Icons),activityIn=true,activityOut=true,rssi=-48,lastModified=09-09 19:04:40,ssid="Algento-1705-5G",isTransient=false,statusLabel=null
09-09 19:04:42.060  2538  2658 D NetworkController.WifiSignalController: 	to: connected=true,enabled=true,level=4,inetCondition=1,iconGroup=IconGroup(Wi-Fi Icons),activityIn=true,activityOut=true,rssi=-47,lastModified=09-09 19:04:40,ssid="Algento-1705-5G",isTransient=false,statusLabel=null
