09-09 18:55:31.268  1505  1568 D ActivityManager: Raise procstate to external provider: ProcessRecord{5c37eb0 18562:com.cubic.autohome/u0a34}
09-09 18:55:31.269  1505  1568 I chatty  : uid=1000(system) Binder:1505_2 identical 1 line
09-09 18:55:31.270  1505  1568 D ActivityManager: Raise procstate to external provider: ProcessRecord{5c37eb0 18562:com.cubic.autohome/u0a34}
09-09 18:55:31.295  1505 14033 D ActivityManager: Raise procstate to external provider: ProcessRecord{5c37eb0 18562:com.cubic.autohome/u0a34}
09-09 18:55:35.620  1505  1742 D BatteryService: Processing new values: info={.chargerAcOnline = false, .chargerUsbOnline = true, .chargerWirelessOnline = false, .maxChargingCurrent = 500000, .maxChargingVoltage = 5000000, .batteryStatus = FULL, .batteryHealth = GOOD, .batteryPresent = true, .batteryLevel = 100, .batteryVoltage = 4354, .batteryTemperature = 290, .batteryCurrent = -2, .batteryCycleCount = 4, .batteryFullCharge = 3163000, .batteryChargeCounter = 3177093, .batteryTechnology = Li-ion}, mBatteryLevelCritical=false, mPlugType=2
09-09 18:55:35.620  1505  1742 I BatteryService: shutdownIfLowCurrentLocked batteryLevel = 100 , hasChargingCurrent = true(isPowered=true,batteryCurrent=-2,hardware=qcom) , hitShutdownVoltage = true(batteryVoltage=4354,mBatteryMinVoltage=-1) , isSystemReady = true
09-09 18:55:35.620  1505  1742 D BatteryService: Sending ACTION_BATTERY_CHANGED. scale:100, info:{.chargerAcOnline = false, .chargerUsbOnline = true, .chargerWirelessOnline = false, .maxChargingCurrent = 500000, .maxChargingVoltage = 5000000, .batteryStatus = FULL, .batteryHealth = GOOD, .batteryPresent = true, .batteryLevel = 100, .batteryVoltage = 4354, .batteryTemperature = 290, .batteryCurrent = -2, .batteryCycleCount = 4, .batteryFullCharge = 3163000, .batteryChargeCounter = 3177093, .batteryTechnology = Li-ion}, EXTRA_WIRELESS_CHARGER_DISABLE = false
09-09 18:55:35.620  1505  1706 D BatteryStatsImpl: resetWhenChargingLongTime resetTime=25200000 ,mchargingUPTime=1558901157 , (resetTime-(uptime-mchargingUPTime))=22799944 ,onBattery=false
09-09 18:55:37.536  1019  1141 E storaged: getDiskStats failed with result NOT_SUPPORTED and size 0
09-09 18:55:38.099  1505  1726 D AutomaticBrightnessController: RingBuffer :[59.0 / 198ms, 60.0 / 204ms, 59.0 / 397ms, 60.0 / 401ms, 59.0 / 403ms, 58.0 / 396ms, 60.0 / 200ms, 59.0 / 200ms, 60.0 / 1001ms, 59.0 / 400ms, 58.0 / 199ms, 59.0 / 202ms, 58.0 / 398ms, 59.0 / 201ms, 58.0 / 799ms, 59.0 / 201ms, 60.0 / 200ms, 59.0 / 598ms, 60.0 / 201ms, 59.0 / 201ms, 58.0 / 600ms, 59.0 / 600ms, 58.0 / 201ms, 59.0 / 799ms, 60.0 / 201ms, 59.0 / 200ms, 58.0 / 399ms, 57.0 / 1400ms]
09-09 18:55:42.142  1505  1742 D BatteryService: Processing new values: info={.chargerAcOnline = false, .chargerUsbOnline = true, .chargerWirelessOnline = false, .maxChargingCurrent = 500000, .maxChargingVoltage = 5000000, .batteryStatus = FULL, .batteryHealth = GOOD, .batteryPresent = true, .batteryLevel = 100, .batteryVoltage = 4354, .batteryTemperature = 290, .batteryCurrent = -3, .batteryCycleCount = 4, .batteryFullCharge = 3163000, .batteryChargeCounter = 3177098, .batteryTechnology = Li-ion}, mBatteryLevelCritical=false, mPlugType=2
09-09 18:55:42.143  1505  1742 I BatteryService: shutdownIfLowCurrentLocked batteryLevel = 100 , hasChargingCurrent = true(isPowered=true,batteryCurrent=-3,hardware=qcom) , hitShutdownVoltage = true(batteryVoltage=4354,mBatteryMinVoltage=-1) , isSystemReady = true
09-09 18:55:42.143  1505  1742 D BatteryService: Sending ACTION_BATTERY_CHANGED. scale:100, info:{.chargerAcOnline = false, .chargerUsbOnline = true, .chargerWirelessOnline = false, .maxChargingCurrent = 500000, .maxChargingVoltage = 5000000, .batteryStatus = FULL, .batteryHealth = GOOD, .batteryPresent = true, .batteryLevel = 100, .batteryVoltage = 4354, .batteryTemperature = 290, .batteryCurrent = -3, .batteryCycleCount = 4, .batteryFullCharge = 3163000, .batteryChargeCounter = 3177098, .batteryTechnology = Li-ion}, EXTRA_WIRELESS_CHARGER_DISABLE = false
09-09 18:55:42.143  1505  1706 D BatteryStatsImpl: resetWhenChargingLongTime resetTime=25200000 ,mchargingUPTime=1558901157 , (resetTime-(uptime-mchargingUPTime))=22793421 ,onBattery=false
09-09 18:55:48.301  1505  1726 D AutomaticBrightnessController: RingBuffer :[57.0 / 195ms, 58.0 / 201ms, 57.0 / 598ms, 58.0 / 401ms, 60.0 / 402ms, 59.0 / 598ms, 60.0 / 200ms, 59.0 / 1006ms, 60.0 / 194ms, 58.0 / 400ms, 60.0 / 201ms, 59.0 / 200ms, 60.0 / 200ms, 59.0 / 399ms, 58.0 / 200ms, 59.0 / 403ms, 60.0 / 199ms, 59.0 / 599ms, 60.0 / 199ms, 59.0 / 400ms, 60.0 / 201ms, 58.0 / 202ms, 56.0 / 199ms, 57.0 / 1200ms, 59.0 / 399ms, 58.0 / 604ms, 59.0 / 397ms]
09-09 18:55:58.303  1505  1726 D AutomaticBrightnessController: RingBuffer :[59.0 / 200ms, 61.0 / 200ms, 59.0 / 198ms, 60.0 / 402ms, 61.0 / 198ms, 60.0 / 201ms, 59.0 / 202ms, 60.0 / 397ms, 59.0 / 200ms, 60.0 / 400ms, 59.0 / 601ms, 60.0 / 200ms, 59.0 / 199ms, 60.0 / 202ms, 59.0 / 401ms, 60.0 / 200ms, 59.0 / 398ms, 58.0 / 800ms, 59.0 / 199ms, 58.0 / 400ms, 59.0 / 400ms, 60.0 / 401ms, 59.0 / 200ms, 58.0 / 200ms, 60.0 / 600ms, 58.0 / 602ms, 59.0 / 200ms, 58.0 / 798ms, 59.0 / 201ms, 60.0 / 200ms, 59.0 / 202ms]
09-09 18:56:01.149  1505  1742 D BatteryService: Processing new values: info={.chargerAcOnline = false, .chargerUsbOnline = true, .chargerWirelessOnline = false, .maxChargingCurrent = 500000, .maxChargingVoltage = 5000000, .batteryStatus = FULL, .batteryHealth = GOOD, .batteryPresent = true, .batteryLevel = 100, .batteryVoltage = 4353, .batteryTemperature = 280, .batteryCurrent = -2, .batteryCycleCount = 4, .batteryFullCharge = 3163000, .batteryChargeCounter = 3177112, .batteryTechnology = Li-ion}, mBatteryLevelCritical=false, mPlugType=2
09-09 18:56:01.150  1505  1742 I BatteryService: shutdownIfLowCurrentLocked batteryLevel = 100 , hasChargingCurrent = true(isPowered=true,batteryCurrent=-2,hardware=qcom) , hitShutdownVoltage = true(batteryVoltage=4353,mBatteryMinVoltage=-1) , isSystemReady = true
09-09 18:56:01.150  1505  1742 D BatteryService: Sending ACTION_BATTERY_CHANGED. scale:100, info:{.chargerAcOnline = false, .chargerUsbOnline = true, .chargerWirelessOnline = false, .maxChargingCurrent = 500000, .maxChargingVoltage = 5000000, .batteryStatus = FULL, .batteryHealth = GOOD, .batteryPresent = true, .batteryLevel = 100, .batteryVoltage = 4353, .batteryTemperature = 280, .batteryCurrent = -2, .batteryCycleCount = 4, .batteryFullCharge = 3163000, .batteryChargeCounter = 3177112, .batteryTechnology = Li-ion}, EXTRA_WIRELESS_CHARGER_DISABLE = false
09-09 18:56:01.152  1505  1706 D BatteryStatsImpl: resetWhenChargingLongTime resetTime=25200000 ,mchargingUPTime=1558901157 , (resetTime-(uptime-mchargingUPTime))=22774412 ,onBattery=false
09-09 18:56:08.505  1505  1726 D AutomaticBrightnessController: RingBuffer :[59.0 / 1ms, 56.0 / 201ms, 53.0 / 196ms, 52.0 / 201ms, 50.0 / 601ms, 49.0 / 199ms, 50.0 / 2399ms, 49.0 / 202ms, 50.0 / 199ms, 51.0 / 400ms, 50.0 / 601ms, 49.0 / 201ms, 50.0 / 198ms, 48.0 / 599ms, 49.0 / 400ms, 50.0 / 401ms, 48.0 / 399ms, 50.0 / 202ms, 49.0 / 199ms, 48.0 / 404ms, 49.0 / 198ms, 48.0 / 199ms, 49.0 / 199ms, 50.0 / 200ms, 49.0 / 400ms, 48.0 / 200ms, 50.0 / 401ms, 49.0 / 204ms]
09-09 18:56:18.902  1505  1726 D AutomaticBrightnessController: RingBuffer :[49.0 / 2ms, 50.0 / 196ms, 49.0 / 201ms, 48.0 / 201ms, 50.0 / 399ms, 49.0 / 398ms, 48.0 / 202ms, 49.0 / 199ms, 48.0 / 202ms, 50.0 / 198ms, 49.0 / 202ms, 48.0 / 200ms, 49.0 / 202ms, 50.0 / 596ms, 49.0 / 201ms, 50.0 / 201ms, 49.0 / 400ms, 50.0 / 199ms, 49.0 / 600ms, 48.0 / 400ms, 49.0 / 200ms, 50.0 / 200ms, 48.0 / 200ms, 49.0 / 200ms, 50.0 / 400ms, 49.0 / 200ms, 50.0 / 400ms, 49.0 / 199ms, 48.0 / 201ms, 49.0 / 401ms, 48.0 / 200ms, 49.0 / 398ms, 50.0 / 203ms, 49.0 / 1199ms, 50.0 / 400ms]
09-09 18:56:29.102  1505  1726 D AutomaticBrightnessController: RingBuffer :[50.0 / 398ms, 48.0 / 199ms, 49.0 / 202ms, 48.0 / 199ms, 50.0 / 200ms, 49.0 / 400ms, 48.0 / 200ms, 49.0 / 202ms, 50.0 / 598ms, 49.0 / 402ms, 50.0 / 399ms, 49.0 / 200ms, 50.0 / 201ms, 49.0 / 202ms, 50.0 / 197ms, 51.0 / 200ms, 54.0 / 200ms, 56.0 / 401ms, 58.0 / 401ms, 59.0 / 397ms, 60.0 / 1003ms, 61.0 / 198ms, 60.0 / 202ms, 59.0 / 197ms, 60.0 / 201ms, 59.0 / 200ms, 60.0 / 801ms, 59.0 / 199ms, 60.0 / 199ms, 61.0 / 201ms, 60.0 / 201ms, 58.0 / 600ms, 59.0 / 599ms]
09-09 18:56:35.626  1505  1742 D BatteryService: Processing new values: info={.chargerAcOnline = false, .chargerUsbOnline = true, .chargerWirelessOnline = false, .maxChargingCurrent = 500000, .maxChargingVoltage = 5000000, .batteryStatus = FULL, .batteryHealth = GOOD, .batteryPresent = true, .batteryLevel = 100, .batteryVoltage = 4353, .batteryTemperature = 280, .batteryCurrent = -2, .batteryCycleCount = 4, .batteryFullCharge = 3163000, .batteryChargeCounter = 3177139, .batteryTechnology = Li-ion}, mBatteryLevelCritical=false, mPlugType=2
09-09 18:56:35.628  1505  1742 I BatteryService: shutdownIfLowCurrentLocked batteryLevel = 100 , hasChargingCurrent = true(isPowered=true,batteryCurrent=-2,hardware=qcom) , hitShutdownVoltage = true(batteryVoltage=4353,mBatteryMinVoltage=-1) , isSystemReady = true
09-09 18:56:35.628  1505  1706 D BatteryStatsImpl: resetWhenChargingLongTime resetTime=25200000 ,mchargingUPTime=1558901157 , (resetTime-(uptime-mchargingUPTime))=22739936 ,onBattery=false
09-09 18:56:35.628  1505  1742 D BatteryService: Sending ACTION_BATTERY_CHANGED. scale:100, info:{.chargerAcOnline = false, .chargerUsbOnline = true, .chargerWirelessOnline = false, .maxChargingCurrent = 500000, .maxChargingVoltage = 5000000, .batteryStatus = FULL, .batteryHealth = GOOD, .batteryPresent = true, .batteryLevel = 100, .batteryVoltage = 4353, .batteryTemperature = 280, .batteryCurrent = -2, .batteryCycleCount = 4, .batteryFullCharge = 3163000, .batteryChargeCounter = 3177139, .batteryTechnology = Li-ion}, EXTRA_WIRELESS_CHARGER_DISABLE = false
09-09 18:56:37.537  1019  1141 E storaged: getDiskStats failed with result NOT_SUPPORTED and size 0
09-09 18:56:39.104  1505  1726 D AutomaticBrightnessController: RingBuffer :[58.0 / 201ms, 59.0 / 598ms, 58.0 / 2601ms, 59.0 / 201ms, 58.0 / 2600ms, 60.0 / 403ms, 59.0 / 198ms, 61.0 / 199ms, 62.0 / 202ms, 61.0 / 398ms, 60.0 / 1399ms, 61.0 / 600ms, 60.0 / 200ms, 61.0 / 200ms, 60.0 / 802ms]
09-09 18:56:39.245  1505  2361 W ActivityManager: Unable to start service Intent { act=com.cubic.autohome.intent.action.COCKROACH flg=0x4 (has extras) } U=0: not found
09-09 18:56:47.174  1505  1742 D BatteryService: Processing new values: info={.chargerAcOnline = false, .chargerUsbOnline = true, .chargerWirelessOnline = false, .maxChargingCurrent = 500000, .maxChargingVoltage = 5000000, .batteryStatus = FULL, .batteryHealth = GOOD, .batteryPresent = true, .batteryLevel = 100, .batteryVoltage = 4354, .batteryTemperature = 280, .batteryCurrent = -2, .batteryCycleCount = 4, .batteryFullCharge = 3163000, .batteryChargeCounter = 3177147, .batteryTechnology = Li-ion}, mBatteryLevelCritical=false, mPlugType=2
09-09 18:56:47.175  1505  1742 I BatteryService: shutdownIfLowCurrentLocked batteryLevel = 100 , hasChargingCurrent = true(isPowered=true,batteryCurrent=-2,hardware=qcom) , hitShutdownVoltage = true(batteryVoltage=4354,mBatteryMinVoltage=-1) , isSystemReady = true
09-09 18:56:47.175  1505  1742 D BatteryService: Sending ACTION_BATTERY_CHANGED. scale:100, info:{.chargerAcOnline = false, .chargerUsbOnline = true, .chargerWirelessOnline = false, .maxChargingCurrent = 500000, .maxChargingVoltage = 5000000, .batteryStatus = FULL, .batteryHealth = GOOD, .batteryPresent = true, .batteryLevel = 100, .batteryVoltage = 4354, .batteryTemperature = 280, .batteryCurrent = -2, .batteryCycleCount = 4, .batteryFullCharge = 3163000, .batteryChargeCounter = 3177147, .batteryTechnology = Li-ion}, EXTRA_WIRELESS_CHARGER_DISABLE = false
09-09 18:56:47.177  1505  1706 D BatteryStatsImpl: resetWhenChargingLongTime resetTime=25200000 ,mchargingUPTime=1558901157 , (resetTime-(uptime-mchargingUPTime))=22728388 ,onBattery=false
09-09 18:56:49.503  1505  1726 D AutomaticBrightnessController: RingBuffer :[60.0 / 199ms, 61.0 / 200ms, 60.0 / 801ms, 59.0 / 399ms, 60.0 / 400ms, 61.0 / 201ms, 59.0 / 200ms, 60.0 / 400ms, 61.0 / 399ms, 60.0 / 1201ms, 61.0 / 399ms, 59.0 / 201ms, 60.0 / 402ms, 59.0 / 197ms, 60.0 / 402ms, 59.0 / 201ms, 60.0 / 198ms, 61.0 / 400ms, 60.0 / 400ms, 61.0 / 200ms, 60.0 / 801ms, 59.0 / 198ms, 57.0 / 203ms, 56.0 / 398ms, 58.0 / 600ms, 57.0 / 400ms, 58.0 / 1600ms]
09-09 18:56:59.504  1505  1726 D AutomaticBrightnessController: RingBuffer :[58.0 / 197ms, 56.0 / 600ms, 57.0 / 805ms, 58.0 / 996ms, 57.0 / 203ms, 58.0 / 199ms, 57.0 / 1599ms, 56.0 / 399ms, 57.0 / 399ms, 58.0 / 201ms, 57.0 / 2601ms, 56.0 / 202ms, 57.0 / 397ms, 56.0 / 404ms, 57.0 / 196ms, 56.0 / 200ms, 57.0 / 402ms, 58.0 / 199ms]
09-09 18:57:03.687  1505  1691 V NotificationService: enqueueNotificationInternal: pkg=com.moji.evenwell id=1003 notification=Notification(channel=weather pri=2 contentView=com.moji.evenwell/0x7f0b0417 vibrate=null sound=null tick smartAlertCount=0x0 defaults=0x0 flags=0x142 color=0x00000000 vis=PUBLIC)
09-09 18:57:03.688  1505  1691 W ContextImpl: Calling a method in the system process without a qualified user: android.app.ContextImpl.sendBroadcast:1017 com.android.server.am.ServiceRecord$1.run:712 android.os.Handler.handleCallback:874 android.os.Handler.dispatchMessage:100 android.os.Looper.loop:198 
09-09 18:57:03.688  1505  1505 D NotificationService: EnqueueNotificationRunnable.run for: 0|com.moji.evenwell|1003|null|10033
09-09 18:57:03.791  1505  1505 D NotificationService: 0|com.moji.evenwell|1003|null|10033: updating permissions
09-09 18:57:03.791  1505  1505 I chatty  : uid=1000 system_server identical 1 line
09-09 18:57:03.792  1505  1505 D NotificationService: 0|com.moji.evenwell|1003|null|10033: updating permissions
09-09 18:57:11.704  1505  1726 D AutomaticBrightnessController: RingBuffer :[58.0 / 196ms, 57.0 / 1401ms, 58.0 / 400ms, 57.0 / 400ms, 58.0 / 402ms, 57.0 / 801ms, 56.0 / 198ms, 57.0 / 1199ms, 58.0 / 200ms, 57.0 / 2602ms, 56.0 / 199ms, 57.0 / 3800ms]
09-09 18:57:21.908  1505  1726 D AutomaticBrightnessController: RingBuffer :[57.0 / 396ms, 58.0 / 1603ms, 57.0 / 598ms, 56.0 / 200ms, 57.0 / 1400ms, 58.0 / 199ms, 57.0 / 600ms, 58.0 / 201ms, 57.0 / 199ms, 58.0 / 204ms, 57.0 / 2197ms, 58.0 / 201ms, 57.0 / 199ms, 58.0 / 400ms, 60.0 / 603ms, 61.0 / 197ms, 60.0 / 401ms, 61.0 / 202ms, 60.0 / 601ms]
09-09 18:57:32.308  1505  1726 D AutomaticBrightnessController: RingBuffer :[60.0 / 403ms, 61.0 / 199ms, 60.0 / 200ms, 62.0 / 199ms, 60.0 / 1399ms, 59.0 / 400ms, 60.0 / 199ms, 59.0 / 401ms, 58.0 / 401ms, 54.0 / 199ms, 57.0 / 601ms, 58.0 / 200ms, 59.0 / 201ms, 60.0 / 199ms, 59.0 / 200ms, 58.0 / 600ms, 59.0 / 203ms, 58.0 / 397ms, 57.0 / 399ms, 58.0 / 199ms, 59.0 / 201ms, 60.0 / 200ms, 61.0 / 200ms, 60.0 / 401ms, 61.0 / 199ms, 60.0 / 600ms, 59.0 / 802ms, 60.0 / 198ms, 59.0 / 803ms]
09-09 18:57:35.619  1505  1742 D BatteryService: Processing new values: info={.chargerAcOnline = false, .chargerUsbOnline = true, .chargerWirelessOnline = false, .maxChargingCurrent = 500000, .maxChargingVoltage = 5000000, .batteryStatus = FULL, .batteryHealth = GOOD, .batteryPresent = true, .batteryLevel = 100, .batteryVoltage = 4354, .batteryTemperature = 280, .batteryCurrent = -2, .batteryCycleCount = 4, .batteryFullCharge = 3163000, .batteryChargeCounter = 3177153, .batteryTechnology = Li-ion}, mBatteryLevelCritical=false, mPlugType=2
09-09 18:57:35.620  1505  1742 I BatteryService: shutdownIfLowCurrentLocked batteryLevel = 100 , hasChargingCurrent = true(isPowered=true,batteryCurrent=-2,hardware=qcom) , hitShutdownVoltage = true(batteryVoltage=4354,mBatteryMinVoltage=-1) , isSystemReady = true
09-09 18:57:35.620  1505  1742 D BatteryService: Sending ACTION_BATTERY_CHANGED. scale:100, info:{.chargerAcOnline = false, .chargerUsbOnline = true, .chargerWirelessOnline = false, .maxChargingCurrent = 500000, .maxChargingVoltage = 5000000, .batteryStatus = FULL, .batteryHealth = GOOD, .batteryPresent = true, .batteryLevel = 100, .batteryVoltage = 4354, .batteryTemperature = 280, .batteryCurrent = -2, .batteryCycleCount = 4, .batteryFullCharge = 3163000, .batteryChargeCounter = 3177153, .batteryTechnology = Li-ion}, EXTRA_WIRELESS_CHARGER_DISABLE = false
09-09 18:57:35.620  1505  1706 D BatteryStatsImpl: resetWhenChargingLongTime resetTime=25200000 ,mchargingUPTime=1558901157 , (resetTime-(uptime-mchargingUPTime))=22679944 ,onBattery=false
09-09 18:57:37.538  1019  1141 E storaged: getDiskStats failed with result NOT_SUPPORTED and size 0
09-09 18:57:43.111  1505  1726 D AutomaticBrightnessController: RingBuffer :[60.0 / 400ms, 59.0 / 598ms, 60.0 / 401ms, 59.0 / 1605ms, 60.0 / 195ms, 59.0 / 199ms, 60.0 / 1802ms, 59.0 / 200ms, 60.0 / 605ms, 59.0 / 596ms, 60.0 / 400ms, 61.0 / 202ms, 60.0 / 198ms, 59.0 / 402ms, 60.0 / 397ms, 59.0 / 402ms, 58.0 / 201ms, 59.0 / 1197ms, 60.0 / 804ms]
09-09 18:57:50.207  1505  1568 I ActivityManager: Killing 26065:com.google.process.gapps/u0a113 (adj 906): empty for 1803s
09-09 18:57:52.196  1505  1742 D BatteryService: Processing new values: info={.chargerAcOnline = false, .chargerUsbOnline = true, .chargerWirelessOnline = false, .maxChargingCurrent = 500000, .maxChargingVoltage = 5000000, .batteryStatus = FULL, .batteryHealth = GOOD, .batteryPresent = true, .batteryLevel = 100, .batteryVoltage = 4354, .batteryTemperature = 280, .batteryCurrent = -2, .batteryCycleCount = 4, .batteryFullCharge = 3163000, .batteryChargeCounter = 3177166, .batteryTechnology = Li-ion}, mBatteryLevelCritical=false, mPlugType=2
09-09 18:57:52.196  1505  1742 I BatteryService: shutdownIfLowCurrentLocked batteryLevel = 100 , hasChargingCurrent = true(isPowered=true,batteryCurrent=-2,hardware=qcom) , hitShutdownVoltage = true(batteryVoltage=4354,mBatteryMinVoltage=-1) , isSystemReady = true
09-09 18:57:52.197  1505  1742 D BatteryService: Sending ACTION_BATTERY_CHANGED. scale:100, info:{.chargerAcOnline = false, .chargerUsbOnline = true, .chargerWirelessOnline = false, .maxChargingCurrent = 500000, .maxChargingVoltage = 5000000, .batteryStatus = FULL, .batteryHealth = GOOD, .batteryPresent = true, .batteryLevel = 100, .batteryVoltage = 4354, .batteryTemperature = 280, .batteryCurrent = -2, .batteryCycleCount = 4, .batteryFullCharge = 3163000, .batteryChargeCounter = 3177166, .batteryTechnology = Li-ion}, EXTRA_WIRELESS_CHARGER_DISABLE = false
09-09 18:57:52.200  1505  1706 D BatteryStatsImpl: resetWhenChargingLongTime resetTime=25200000 ,mchargingUPTime=1558901157 , (resetTime-(uptime-mchargingUPTime))=22663364 ,onBattery=false
09-09 18:57:54.110  1505  1726 D AutomaticBrightnessController: RingBuffer :[60.0 / 202ms, 59.0 / 1796ms, 60.0 / 203ms, 59.0 / 597ms, 60.0 / 800ms, 59.0 / 205ms, 58.0 / 396ms, 59.0 / 201ms, 60.0 / 199ms, 58.0 / 199ms, 59.0 / 601ms, 61.0 / 199ms, 59.0 / 600ms, 60.0 / 402ms, 59.0 / 1002ms, 60.0 / 399ms, 59.0 / 999ms, 60.0 / 200ms, 59.0 / 401ms, 60.0 / 399ms, 59.0 / 1202ms]
09-09 18:58:05.415  1505  2823 D ActivityManager: Raise procstate to external provider: ProcessRecord{e16a3c1 25759:com.sohu.sohuvideo:pushcore/u0a90}
09-09 18:58:05.425  1505  2823 D ActivityManager: Raise procstate to external provider: ProcessRecord{e16a3c1 25759:com.sohu.sohuvideo:pushcore/u0a90}
09-09 18:58:05.436  1505  1568 D ActivityManager: Raise procstate to external provider: ProcessRecord{e16a3c1 25759:com.sohu.sohuvideo:pushcore/u0a90}
09-09 18:58:05.439  1505  1568 D ActivityManager: Raise procstate to external provider: ProcessRecord{e16a3c1 25759:com.sohu.sohuvideo:pushcore/u0a90}
09-09 18:58:05.509  1505  1726 D AutomaticBrightnessController: RingBuffer :[58.0 / 397ms, 59.0 / 1403ms, 60.0 / 402ms, 59.0 / 600ms, 58.0 / 199ms, 59.0 / 799ms, 58.0 / 201ms, 59.0 / 399ms, 60.0 / 399ms, 59.0 / 198ms, 60.0 / 202ms, 59.0 / 1001ms, 58.0 / 201ms, 59.0 / 1801ms, 58.0 / 199ms, 59.0 / 1398ms, 58.0 / 201ms, 59.0 / 1400ms]
09-09 18:58:09.293  1505  1706 E BatteryExternalStatsWorker: no controller energy info supplied for bluetooth
09-09 18:58:09.354  1505  1706 W BatteryExternalStatsWorker: modem info is invalid: ModemActivityInfo{ mTimestamp=4089492080 mSleepTimeMs=-639811201 mIdleTimeMs=420249233 mTxTimeMs[]=[0, 0, 0, 0, 0] mRxTimeMs=14186632 mEnergyUsed=0}
09-09 18:58:15.708  1505  1726 D AutomaticBrightnessController: RingBuffer :[59.0 / 598ms, 60.0 / 200ms, 59.0 / 601ms, 60.0 / 603ms, 59.0 / 400ms, 60.0 / 596ms, 59.0 / 799ms, 60.0 / 401ms, 59.0 / 402ms, 60.0 / 1197ms, 59.0 / 200ms, 60.0 / 600ms, 59.0 / 602ms, 60.0 / 399ms, 59.0 / 200ms, 60.0 / 2202ms, 59.0 / 797ms]
09-09 18:58:25.912  1505  1726 D AutomaticBrightnessController: RingBuffer :[59.0 / 198ms, 60.0 / 399ms, 59.0 / 802ms, 60.0 / 201ms, 59.0 / 201ms, 60.0 / 199ms, 58.0 / 601ms, 57.0 / 1004ms, 58.0 / 396ms, 57.0 / 399ms, 58.0 / 2199ms, 57.0 / 201ms, 58.0 / 603ms, 57.0 / 598ms, 58.0 / 401ms, 57.0 / 797ms, 58.0 / 801ms, 57.0 / 402ms]
09-09 18:58:35.626  1505  1742 D BatteryService: Processing new values: info={.chargerAcOnline = false, .chargerUsbOnline = true, .chargerWirelessOnline = false, .maxChargingCurrent = 500000, .maxChargingVoltage = 5000000, .batteryStatus = FULL, .batteryHealth = GOOD, .batteryPresent = true, .batteryLevel = 100, .batteryVoltage = 4354, .batteryTemperature = 280, .batteryCurrent = -3, .batteryCycleCount = 4, .batteryFullCharge = 3163000, .batteryChargeCounter = 3177197, .batteryTechnology = Li-ion}, mBatteryLevelCritical=false, mPlugType=2
09-09 18:58:35.627  1505  1742 I BatteryService: shutdownIfLowCurrentLocked batteryLevel = 100 , hasChargingCurrent = true(isPowered=true,batteryCurrent=-3,hardware=qcom) , hitShutdownVoltage = true(batteryVoltage=4354,mBatteryMinVoltage=-1) , isSystemReady = true
09-09 18:58:35.627  1505  1706 D BatteryStatsImpl: resetWhenChargingLongTime resetTime=25200000 ,mchargingUPTime=1558901157 , (resetTime-(uptime-mchargingUPTime))=22619937 ,onBattery=false
09-09 18:58:35.628  1505  1742 D BatteryService: Sending ACTION_BATTERY_CHANGED. scale:100, info:{.chargerAcOnline = false, .chargerUsbOnline = true, .chargerWirelessOnline = false, .maxChargingCurrent = 500000, .maxChargingVoltage = 5000000, .batteryStatus = FULL, .batteryHealth = GOOD, .batteryPresent = true, .batteryLevel = 100, .batteryVoltage = 4354, .batteryTemperature = 280, .batteryCurrent = -3, .batteryCycleCount = 4, .batteryFullCharge = 3163000, .batteryChargeCounter = 3177197, .batteryTechnology = Li-ion}, EXTRA_WIRELESS_CHARGER_DISABLE = false
09-09 18:58:37.312  1505  1726 D AutomaticBrightnessController: RingBuffer :[57.0 / 2ms, 58.0 / 399ms, 57.0 / 399ms, 58.0 / 799ms, 57.0 / 1401ms, 56.0 / 400ms, 57.0 / 400ms, 58.0 / 602ms, 59.0 / 1001ms, 58.0 / 200ms, 59.0 / 601ms, 58.0 / 199ms, 59.0 / 200ms, 58.0 / 396ms, 59.0 / 200ms, 58.0 / 604ms, 59.0 / 200ms, 60.0 / 998ms, 61.0 / 200ms, 60.0 / 598ms, 59.0 / 201ms, 60.0 / 1402ms]
09-09 18:58:37.539  1019  1141 E storaged: getDiskStats failed with result NOT_SUPPORTED and size 0
09-09 18:58:47.315  1505  1726 D AutomaticBrightnessController: RingBuffer :[60.0 / 400ms, 61.0 / 200ms, 60.0 / 1600ms, 59.0 / 401ms, 60.0 / 600ms, 58.0 / 202ms, 59.0 / 597ms, 60.0 / 799ms, 61.0 / 200ms, 60.0 / 202ms, 61.0 / 197ms, 60.0 / 203ms, 59.0 / 201ms, 57.0 / 196ms, 56.0 / 603ms, 54.0 / 600ms, 56.0 / 198ms, 57.0 / 200ms, 60.0 / 803ms, 61.0 / 200ms, 60.0 / 598ms, 61.0 / 399ms, 60.0 / 401ms, 59.0 / 404ms]
09-09 18:58:57.225  1505  1742 D BatteryService: Processing new values: info={.chargerAcOnline = false, .chargerUsbOnline = true, .chargerWirelessOnline = false, .maxChargingCurrent = 500000, .maxChargingVoltage = 5000000, .batteryStatus = FULL, .batteryHealth = GOOD, .batteryPresent = true, .batteryLevel = 100, .batteryVoltage = 4353, .batteryTemperature = 280, .batteryCurrent = -2, .batteryCycleCount = 4, .batteryFullCharge = 3163000, .batteryChargeCounter = 3177214, .batteryTechnology = Li-ion}, mBatteryLevelCritical=false, mPlugType=2
09-09 18:58:57.226  1505  1742 I BatteryService: shutdownIfLowCurrentLocked batteryLevel = 100 , hasChargingCurrent = true(isPowered=true,batteryCurrent=-2,hardware=qcom) , hitShutdownVoltage = true(batteryVoltage=4353,mBatteryMinVoltage=-1) , isSystemReady = true
09-09 18:58:57.226  1505  1742 D BatteryService: Sending ACTION_BATTERY_CHANGED. scale:100, info:{.chargerAcOnline = false, .chargerUsbOnline = true, .chargerWirelessOnline = false, .maxChargingCurrent = 500000, .maxChargingVoltage = 5000000, .batteryStatus = FULL, .batteryHealth = GOOD, .batteryPresent = true, .batteryLevel = 100, .batteryVoltage = 4353, .batteryTemperature = 280, .batteryCurrent = -2, .batteryCycleCount = 4, .batteryFullCharge = 3163000, .batteryChargeCounter = 3177214, .batteryTechnology = Li-ion}, EXTRA_WIRELESS_CHARGER_DISABLE = false
09-09 18:58:57.229  1505  1706 D BatteryStatsImpl: resetWhenChargingLongTime resetTime=25200000 ,mchargingUPTime=1558901157 , (resetTime-(uptime-mchargingUPTime))=22598335 ,onBattery=false
09-09 18:58:57.910  1505  1726 D AutomaticBrightnessController: RingBuffer :[59.0 / 202ms, 60.0 / 597ms, 61.0 / 202ms, 60.0 / 1997ms, 61.0 / 199ms, 60.0 / 404ms, 61.0 / 801ms, 60.0 / 599ms, 61.0 / 401ms, 60.0 / 597ms, 61.0 / 203ms, 60.0 / 199ms, 61.0 / 201ms, 60.0 / 598ms, 61.0 / 400ms, 60.0 / 2200ms, 61.0 / 200ms, 60.0 / 798ms]
09-09 18:59:03.633  1505  1742 D BatteryService: Processing new values: info={.chargerAcOnline = false, .chargerUsbOnline = true, .chargerWirelessOnline = false, .maxChargingCurrent = 500000, .maxChargingVoltage = 5000000, .batteryStatus = FULL, .batteryHealth = GOOD, .batteryPresent = true, .batteryLevel = 100, .batteryVoltage = 4353, .batteryTemperature = 290, .batteryCurrent = -3, .batteryCycleCount = 4, .batteryFullCharge = 3163000, .batteryChargeCounter = 3177218, .batteryTechnology = Li-ion}, mBatteryLevelCritical=false, mPlugType=2
09-09 18:59:03.633  1505  1742 I BatteryService: shutdownIfLowCurrentLocked batteryLevel = 100 , hasChargingCurrent = true(isPowered=true,batteryCurrent=-3,hardware=qcom) , hitShutdownVoltage = true(batteryVoltage=4353,mBatteryMinVoltage=-1) , isSystemReady = true
09-09 18:59:03.633  1505  1706 D BatteryStatsImpl: resetWhenChargingLongTime resetTime=25200000 ,mchargingUPTime=1558901157 , (resetTime-(uptime-mchargingUPTime))=22591930 ,onBattery=false
09-09 18:59:03.634  1505  1742 D BatteryService: Sending ACTION_BATTERY_CHANGED. scale:100, info:{.chargerAcOnline = false, .chargerUsbOnline = true, .chargerWirelessOnline = false, .maxChargingCurrent = 500000, .maxChargingVoltage = 5000000, .batteryStatus = FULL, .batteryHealth = GOOD, .batteryPresent = true, .batteryLevel = 100, .batteryVoltage = 4353, .batteryTemperature = 290, .batteryCurrent = -3, .batteryCycleCount = 4, .batteryFullCharge = 3163000, .batteryChargeCounter = 3177218, .batteryTechnology = Li-ion}, EXTRA_WIRELESS_CHARGER_DISABLE = false
09-09 18:59:07.913  1505  1726 D AutomaticBrightnessController: RingBuffer :[60.0 / 399ms, 61.0 / 204ms, 60.0 / 2600ms, 59.0 / 198ms, 60.0 / 1202ms, 59.0 / 197ms, 60.0 / 2599ms, 61.0 / 602ms, 60.0 / 601ms, 59.0 / 799ms, 60.0 / 201ms, 59.0 / 198ms, 60.0 / 200ms, 59.0 / 402ms]
09-09 18:59:18.515  1505  1726 D AutomaticBrightnessController: RingBuffer :[59.0 / 196ms, 60.0 / 1200ms, 59.0 / 404ms, 60.0 / 198ms, 59.0 / 801ms, 60.0 / 401ms, 59.0 / 597ms, 60.0 / 400ms, 59.0 / 603ms, 58.0 / 200ms, 60.0 / 398ms, 59.0 / 2002ms, 60.0 / 797ms, 59.0 / 201ms, 60.0 / 402ms, 59.0 / 1000ms, 60.0 / 200ms, 59.0 / 800ms]
09-09 18:59:28.714  1505  1726 D AutomaticBrightnessController: RingBuffer :[59.0 / 401ms, 60.0 / 802ms, 59.0 / 199ms, 60.0 / 596ms, 59.0 / 402ms, 58.0 / 400ms, 59.0 / 203ms, 58.0 / 600ms, 59.0 / 1598ms, 58.0 / 999ms, 59.0 / 199ms, 60.0 / 3002ms, 59.0 / 599ms, 58.0 / 601ms]
09-09 18:59:35.622  1505  1742 D BatteryService: Processing new values: info={.chargerAcOnline = false, .chargerUsbOnline = true, .chargerWirelessOnline = false, .maxChargingCurrent = 500000, .maxChargingVoltage = 5000000, .batteryStatus = FULL, .batteryHealth = GOOD, .batteryPresent = true, .batteryLevel = 100, .batteryVoltage = 4354, .batteryTemperature = 290, .batteryCurrent = -3, .batteryCycleCount = 4, .batteryFullCharge = 3163000, .batteryChargeCounter = 3177242, .batteryTechnology = Li-ion}, mBatteryLevelCritical=false, mPlugType=2
09-09 18:59:35.622  1505  1742 I BatteryService: shutdownIfLowCurrentLocked batteryLevel = 100 , hasChargingCurrent = true(isPowered=true,batteryCurrent=-3,hardware=qcom) , hitShutdownVoltage = true(batteryVoltage=4354,mBatteryMinVoltage=-1) , isSystemReady = true
09-09 18:59:35.623  1505  1742 D BatteryService: Sending ACTION_BATTERY_CHANGED. scale:100, info:{.chargerAcOnline = false, .chargerUsbOnline = true, .chargerWirelessOnline = false, .maxChargingCurrent = 500000, .maxChargingVoltage = 5000000, .batteryStatus = FULL, .batteryHealth = GOOD, .batteryPresent = true, .batteryLevel = 100, .batteryVoltage = 4354, .batteryTemperature = 290, .batteryCurrent = -3, .batteryCycleCount = 4, .batteryFullCharge = 3163000, .batteryChargeCounter = 3177242, .batteryTechnology = Li-ion}, EXTRA_WIRELESS_CHARGER_DISABLE = false
09-09 18:59:35.626  1505  1706 D BatteryStatsImpl: resetWhenChargingLongTime resetTime=25200000 ,mchargingUPTime=1558901157 , (resetTime-(uptime-mchargingUPTime))=22559938 ,onBattery=false
09-09 18:59:37.540  1019  1141 E storaged: getDiskStats failed with result NOT_SUPPORTED and size 0
09-09 18:59:37.812  1505  2823 D ActivityManager: Raise procstate to external provider: ProcessRecord{5c37eb0 18562:com.cubic.autohome/u0a34}
09-09 18:59:37.866  1505  2823 I chatty  : uid=1000(system) Binder:1505_8 identical 6 lines
09-09 18:59:37.866  1505  2823 D ActivityManager: Raise procstate to external provider: ProcessRecord{5c37eb0 18562:com.cubic.autohome/u0a34}
09-09 18:59:38.917  1505  1726 D AutomaticBrightnessController: RingBuffer :[58.0 / 398ms, 59.0 / 398ms, 60.0 / 602ms, 59.0 / 199ms, 60.0 / 403ms, 59.0 / 796ms, 58.0 / 203ms, 59.0 / 598ms, 58.0 / 200ms, 59.0 / 403ms, 60.0 / 1797ms, 59.0 / 399ms, 58.0 / 201ms, 59.0 / 1401ms, 60.0 / 202ms, 59.0 / 200ms, 58.0 / 200ms, 59.0 / 200ms, 60.0 / 996ms, 59.0 / 204ms, 60.0 / 601ms]
09-09 18:59:49.717  1505  1726 D AutomaticBrightnessController: RingBuffer :[60.0 / 194ms, 59.0 / 204ms, 60.0 / 600ms, 59.0 / 2797ms, 58.0 / 201ms, 59.0 / 1198ms, 58.0 / 405ms, 59.0 / 800ms, 58.0 / 199ms, 59.0 / 599ms, 60.0 / 199ms, 59.0 / 601ms, 60.0 / 600ms, 59.0 / 1403ms, 58.0 / 1799ms]
09-09 19:00:00.718  1505  1726 D AutomaticBrightnessController: RingBuffer :[58.0 / 801ms, 59.0 / 598ms, 58.0 / 602ms, 59.0 / 600ms, 58.0 / 597ms, 59.0 / 202ms, 58.0 / 2399ms, 59.0 / 599ms, 58.0 / 1400ms, 57.0 / 600ms, 58.0 / 1203ms, 59.0 / 399ms, 58.0 / 1803ms]
09-09 19:00:02.270  1505  1742 D BatteryService: Processing new values: info={.chargerAcOnline = false, .chargerUsbOnline = true, .chargerWirelessOnline = false, .maxChargingCurrent = 500000, .maxChargingVoltage = 5000000, .batteryStatus = FULL, .batteryHealth = GOOD, .batteryPresent = true, .batteryLevel = 100, .batteryVoltage = 4354, .batteryTemperature = 290, .batteryCurrent = -3, .batteryCycleCount = 4, .batteryFullCharge = 3163000, .batteryChargeCounter = 3177262, .batteryTechnology = Li-ion}, mBatteryLevelCritical=false, mPlugType=2
09-09 19:00:02.271  1505  1706 D BatteryStatsImpl: resetWhenChargingLongTime resetTime=25200000 ,mchargingUPTime=1558901157 , (resetTime-(uptime-mchargingUPTime))=22533293 ,onBattery=false
09-09 19:00:02.272  1505  1742 I BatteryService: shutdownIfLowCurrentLocked batteryLevel = 100 , hasChargingCurrent = true(isPowered=true,batteryCurrent=-3,hardware=qcom) , hitShutdownVoltage = true(batteryVoltage=4354,mBatteryMinVoltage=-1) , isSystemReady = true
09-09 19:00:02.272  1505  1742 D BatteryService: Sending ACTION_BATTERY_CHANGED. scale:100, info:{.chargerAcOnline = false, .chargerUsbOnline = true, .chargerWirelessOnline = false, .maxChargingCurrent = 500000, .maxChargingVoltage = 5000000, .batteryStatus = FULL, .batteryHealth = GOOD, .batteryPresent = true, .batteryLevel = 100, .batteryVoltage = 4354, .batteryTemperature = 290, .batteryCurrent = -3, .batteryCycleCount = 4, .batteryFullCharge = 3163000, .batteryChargeCounter = 3177262, .batteryTechnology = Li-ion}, EXTRA_WIRELESS_CHARGER_DISABLE = false
09-09 19:00:10.919  1505  1726 D AutomaticBrightnessController: RingBuffer :[58.0 / 204ms, 59.0 / 400ms, 58.0 / 397ms, 59.0 / 202ms, 58.0 / 199ms, 59.0 / 398ms, 58.0 / 202ms, 59.0 / 998ms, 60.0 / 200ms, 59.0 / 402ms, 60.0 / 399ms, 59.0 / 801ms, 58.0 / 200ms, 59.0 / 1399ms, 60.0 / 201ms, 59.0 / 199ms, 60.0 / 200ms, 59.0 / 1402ms, 58.0 / 199ms, 59.0 / 1398ms, 60.0 / 405ms]
09-09 19:00:21.123  1505  1726 D AutomaticBrightnessController: RingBuffer :[59.0 / 393ms, 60.0 / 200ms, 59.0 / 200ms, 60.0 / 201ms, 59.0 / 799ms, 60.0 / 198ms, 59.0 / 600ms, 60.0 / 800ms, 59.0 / 203ms, 60.0 / 600ms, 61.0 / 201ms, 60.0 / 598ms, 59.0 / 198ms, 60.0 / 604ms, 59.0 / 201ms, 60.0 / 4203ms]
09-09 19:00:21.349  1505 10743 D ActivityManager: Raise procstate to external provider: ProcessRecord{5c37eb0 18562:com.cubic.autohome/u0a34}
09-09 19:00:21.350  1505  2823 D ActivityManager: Raise procstate to external provider: ProcessRecord{5c37eb0 18562:com.cubic.autohome/u0a34}
09-09 19:00:21.389  1505  2823 I chatty  : uid=1000(system) Binder:1505_8 identical 4 lines
09-09 19:00:21.390  1505  2823 D ActivityManager: Raise procstate to external provider: ProcessRecord{5c37eb0 18562:com.cubic.autohome/u0a34}
09-09 19:00:21.413  1505 10743 D ActivityManager: Raise procstate to external provider: ProcessRecord{5c37eb0 18562:com.cubic.autohome/u0a34}
09-09 19:00:21.428  1505 10743 I chatty  : uid=1000(system) Binder:1505_17 identical 2 lines
09-09 19:00:21.428  1505 10743 D ActivityManager: Raise procstate to external provider: ProcessRecord{5c37eb0 18562:com.cubic.autohome/u0a34}
09-09 19:00:21.448  1505  2823 D ActivityManager: Raise procstate to external provider: ProcessRecord{5c37eb0 18562:com.cubic.autohome/u0a34}
09-09 19:00:21.549  1505  2823 I chatty  : uid=1000(system) Binder:1505_8 identical 5 lines
09-09 19:00:21.582  1505  2823 D ActivityManager: Raise procstate to external provider: ProcessRecord{5c37eb0 18562:com.cubic.autohome/u0a34}
09-09 19:00:21.647  1505  1567 D ActivityManager: Raise procstate to external provider: ProcessRecord{5c37eb0 18562:com.cubic.autohome/u0a34}
09-09 19:00:21.685  1505  1567 D ActivityManager: Raise procstate to external provider: ProcessRecord{5c37eb0 18562:com.cubic.autohome/u0a34}
09-09 19:00:21.719  1505  2823 D ActivityManager: Raise procstate to external provider: ProcessRecord{5c37eb0 18562:com.cubic.autohome/u0a34}
09-09 19:00:21.746  1505 10743 D ActivityManager: Raise procstate to external provider: ProcessRecord{5c37eb0 18562:com.cubic.autohome/u0a34}
09-09 19:00:21.781  1505  1567 D ActivityManager: Raise procstate to external provider: ProcessRecord{5c37eb0 18562:com.cubic.autohome/u0a34}
09-09 19:00:21.793  1505 10743 D ActivityManager: Raise procstate to external provider: ProcessRecord{5c37eb0 18562:com.cubic.autohome/u0a34}
09-09 19:00:21.793  1505  1567 D ActivityManager: Raise procstate to external provider: ProcessRecord{5c37eb0 18562:com.cubic.autohome/u0a34}
09-09 19:00:21.794  1505  1567 I chatty  : uid=1000(system) Binder:1505_1 identical 1 line
09-09 19:00:21.794  1505  1567 D ActivityManager: Raise procstate to external provider: ProcessRecord{5c37eb0 18562:com.cubic.autohome/u0a34}
09-09 19:00:21.815  1505  2823 D ActivityManager: Raise procstate to external provider: ProcessRecord{5c37eb0 18562:com.cubic.autohome/u0a34}
09-09 19:00:21.827  1505  1567 D ActivityManager: Raise procstate to external provider: ProcessRecord{5c37eb0 18562:com.cubic.autohome/u0a34}
09-09 19:00:21.827  1505  7433 D ActivityManager: Raise procstate to external provider: ProcessRecord{5c37eb0 18562:com.cubic.autohome/u0a34}
09-09 19:00:21.828  1505  2823 D ActivityManager: Raise procstate to external provider: ProcessRecord{5c37eb0 18562:com.cubic.autohome/u0a34}
09-09 19:00:21.828  1505  2823 I chatty  : uid=1000(system) Binder:1505_8 identical 1 line
09-09 19:00:21.829  1505  2823 D ActivityManager: Raise procstate to external provider: ProcessRecord{5c37eb0 18562:com.cubic.autohome/u0a34}
09-09 19:00:21.832  1505  7433 D ActivityManager: Raise procstate to external provider: ProcessRecord{5c37eb0 18562:com.cubic.autohome/u0a34}
09-09 19:00:21.833  1505  7433 I chatty  : uid=1000(system) Binder:1505_14 identical 1 line
09-09 19:00:21.833  1505  7433 D ActivityManager: Raise procstate to external provider: ProcessRecord{5c37eb0 18562:com.cubic.autohome/u0a34}
09-09 19:00:21.851  1505 10743 D ActivityManager: Raise procstate to external provider: ProcessRecord{5c37eb0 18562:com.cubic.autohome/u0a34}
09-09 19:00:21.883  1505  7433 D ActivityManager: Raise procstate to external provider: ProcessRecord{5c37eb0 18562:com.cubic.autohome/u0a34}
09-09 19:00:21.916  1505  7433 D ActivityManager: Raise procstate to external provider: ProcessRecord{5c37eb0 18562:com.cubic.autohome/u0a34}
09-09 19:00:21.948  1505 10743 D ActivityManager: Raise procstate to external provider: ProcessRecord{5c37eb0 18562:com.cubic.autohome/u0a34}
09-09 19:00:21.973  1505 10743 D ActivityManager: Raise procstate to external provider: ProcessRecord{5c37eb0 18562:com.cubic.autohome/u0a34}
09-09 19:00:22.043  1505  7433 D ActivityManager: Raise procstate to external provider: ProcessRecord{5c37eb0 18562:com.cubic.autohome/u0a34}
09-09 19:00:22.091  1505  1567 D ActivityManager: Raise procstate to external provider: ProcessRecord{5c37eb0 18562:com.cubic.autohome/u0a34}
09-09 19:00:22.175  1505  7433 D ActivityManager: Raise procstate to external provider: ProcessRecord{5c37eb0 18562:com.cubic.autohome/u0a34}
09-09 19:00:22.211  1505  1567 D ActivityManager: Raise procstate to external provider: ProcessRecord{5c37eb0 18562:com.cubic.autohome/u0a34}
09-09 19:00:22.891  1505  1567 I chatty  : uid=1000(system) Binder:1505_1 identical 1 line
09-09 19:00:22.937  1505  1567 D ActivityManager: Raise procstate to external provider: ProcessRecord{5c37eb0 18562:com.cubic.autohome/u0a34}
09-09 19:00:31.916  1505  1726 D AutomaticBrightnessController: RingBuffer :[60.0 / 202ms, 59.0 / 198ms, 60.0 / 1400ms, 59.0 / 199ms, 60.0 / 401ms, 59.0 / 598ms, 60.0 / 3199ms, 59.0 / 200ms, 60.0 / 600ms, 61.0 / 198ms, 60.0 / 404ms, 61.0 / 398ms, 60.0 / 2999ms]
09-09 19:00:35.622  1505  1742 D BatteryService: Processing new values: info={.chargerAcOnline = false, .chargerUsbOnline = true, .chargerWirelessOnline = false, .maxChargingCurrent = 500000, .maxChargingVoltage = 5000000, .batteryStatus = FULL, .batteryHealth = GOOD, .batteryPresent = true, .batteryLevel = 100, .batteryVoltage = 4354, .batteryTemperature = 290, .batteryCurrent = -2, .batteryCycleCount = 4, .batteryFullCharge = 3163000, .batteryChargeCounter = 3177286, .batteryTechnology = Li-ion}, mBatteryLevelCritical=false, mPlugType=2
09-09 19:00:35.622  1505  1742 I BatteryService: shutdownIfLowCurrentLocked batteryLevel = 100 , hasChargingCurrent = true(isPowered=true,batteryCurrent=-2,hardware=qcom) , hitShutdownVoltage = true(batteryVoltage=4354,mBatteryMinVoltage=-1) , isSystemReady = true
09-09 19:00:35.623  1505  1742 D BatteryService: Sending ACTION_BATTERY_CHANGED. scale:100, info:{.chargerAcOnline = false, .chargerUsbOnline = true, .chargerWirelessOnline = false, .maxChargingCurrent = 500000, .maxChargingVoltage = 5000000, .batteryStatus = FULL, .batteryHealth = GOOD, .batteryPresent = true, .batteryLevel = 100, .batteryVoltage = 4354, .batteryTemperature = 290, .batteryCurrent = -2, .batteryCycleCount = 4, .batteryFullCharge = 3163000, .batteryChargeCounter = 3177286, .batteryTechnology = Li-ion}, EXTRA_WIRELESS_CHARGER_DISABLE = false
09-09 19:00:35.624  1505  1706 D BatteryStatsImpl: resetWhenChargingLongTime resetTime=25200000 ,mchargingUPTime=1558901157 , (resetTime-(uptime-mchargingUPTime))=22499941 ,onBattery=false
09-09 19:00:37.543  1019  1141 E storaged: getDiskStats failed with result NOT_SUPPORTED and size 0
09-09 19:00:42.091  1505 10743 I ActivityManager: Killing 25988:com.google.process.gservices/u0a113 (adj 906): empty for 1803s
09-09 19:00:48.121  1505  1726 D AutomaticBrightnessController: RingBuffer :[59.0 / 189ms, 60.0 / 3203ms, 61.0 / 599ms, 60.0 / 6602ms]
09-09 19:00:59.720  1505  1726 D AutomaticBrightnessController: RingBuffer :[60.0 / 2396ms, 61.0 / 203ms, 60.0 / 199ms, 61.0 / 200ms, 60.0 / 601ms, 61.0 / 200ms, 60.0 / 3999ms, 59.0 / 200ms, 60.0 / 3199ms]
09-09 19:01:07.318  1505  1742 D BatteryService: Processing new values: info={.chargerAcOnline = false, .chargerUsbOnline = true, .chargerWirelessOnline = false, .maxChargingCurrent = 500000, .maxChargingVoltage = 5000000, .batteryStatus = FULL, .batteryHealth = GOOD, .batteryPresent = true, .batteryLevel = 100, .batteryVoltage = 4354, .batteryTemperature = 290, .batteryCurrent = -3, .batteryCycleCount = 4, .batteryFullCharge = 3163000, .batteryChargeCounter = 3177311, .batteryTechnology = Li-ion}, mBatteryLevelCritical=false, mPlugType=2
09-09 19:01:07.319  1505  1742 I BatteryService: shutdownIfLowCurrentLocked batteryLevel = 100 , hasChargingCurrent = true(isPowered=true,batteryCurrent=-3,hardware=qcom) , hitShutdownVoltage = true(batteryVoltage=4354,mBatteryMinVoltage=-1) , isSystemReady = true
09-09 19:01:07.319  1505  1706 D BatteryStatsImpl: resetWhenChargingLongTime resetTime=25200000 ,mchargingUPTime=1558901157 , (resetTime-(uptime-mchargingUPTime))=22468245 ,onBattery=false
09-09 19:01:07.319  1505  1742 D BatteryService: Sending ACTION_BATTERY_CHANGED. scale:100, info:{.chargerAcOnline = false, .chargerUsbOnline = true, .chargerWirelessOnline = false, .maxChargingCurrent = 500000, .maxChargingVoltage = 5000000, .batteryStatus = FULL, .batteryHealth = GOOD, .batteryPresent = true, .batteryLevel = 100, .batteryVoltage = 4354, .batteryTemperature = 290, .batteryCurrent = -3, .batteryCycleCount = 4, .batteryFullCharge = 3163000, .batteryChargeCounter = 3177311, .batteryTechnology = Li-ion}, EXTRA_WIRELESS_CHARGER_DISABLE = false
09-09 19:01:09.543  1505  1706 E BatteryExternalStatsWorker: no controller energy info supplied for bluetooth
09-09 19:01:09.608  1505  1706 W BatteryExternalStatsWorker: modem info is invalid: ModemActivityInfo{ mTimestamp=4089672326 mSleepTimeMs=-639674578 mIdleTimeMs=420292270 mTxTimeMs[]=[0, 0, 0, 0, 0] mRxTimeMs=14187220 mEnergyUsed=0}
09-09 19:01:15.340  1505  1693 I ActivityManager: Start proc 28158:com.whatsapp/u0a30 for broadcast com.whatsapp/.AlarmBroadcastReceiver
09-09 19:01:15.340  1505  1693 D ActivityManager: handleProcessStartedLocked mDoneFinishBooting && app.pid != 0 ---> notifyProcessStart, app.processName = com.whatsapp, app.info = ApplicationInfo{1732c29 com.whatsapp}, app.hostingType = broadcast, getHostingName() = ComponentInfo{com.whatsapp/com.whatsapp.AlarmBroadcastReceiver}, getIntentFlag() = 20, getIsPackageRunning() = false, app = ProcessRecord{6347bae 28158:com.whatsapp/u0a30}, getExtraData() = Bundle[{BROADCAST_INTENT=Intent { act=com.whatsapp.action.HOURLY_CRON flg=0x14 cmp=com.whatsapp/.AlarmBroadcastReceiver (has extras) }, CALLER_PACKAGE=com.whatsapp}]
09-09 19:01:15.341  1505  2519 V ActivityManager: notifyProcessStart: com.whatsapp for: broadcast from: com.whatsapp packageName: com.whatsapp className: com.whatsapp.AlarmBroadcastReceiver
09-09 19:01:15.520 28158 28158 D ActivityThread: Loading provider com.whatsapp.provider.contact: com.whatsapp.contact.ContactProvider
09-09 19:01:15.718  1505  1726 D AutomaticBrightnessController: RingBuffer :[61.0 / 991ms, 60.0 / 399ms, 61.0 / 199ms, 60.0 / 805ms, 61.0 / 797ms, 60.0 / 404ms, 61.0 / 399ms, 60.0 / 7396ms]
09-09 19:01:15.799  1505  1693 I ActivityManager: Start proc 28233:com.google.process.gservices/u0a113 for content provider com.google.android.gsf/.gservices.GservicesProvider
09-09 19:01:15.799  1505  1693 D ActivityManager: handleProcessStartedLocked mDoneFinishBooting && app.pid != 0 ---> notifyProcessStart, app.processName = com.google.process.gservices, app.info = ApplicationInfo{414b079 com.google.android.gsf}, app.hostingType = content provider, getHostingName() = ComponentInfo{com.google.android.gsf/com.google.android.gsf.gservices.GservicesProvider}, getIntentFlag() = 0, getIsPackageRunning() = false, app = ProcessRecord{12a31be 28233:com.google.process.gservices/u0a113}, getExtraData() = null
09-09 19:01:15.801  1505  2519 V ActivityManager: notifyProcessStart: com.google.process.gservices for: content provider from: null packageName: com.google.android.gsf className: com.google.android.gsf.gservices.GservicesProvider
09-09 19:01:16.085  1505  1505 D NotificationService: handleSavePolicyFile
09-09 19:01:16.107  1505  1505 D NotificationService: handleSavePolicyFile
09-09 19:01:16.372  1505  1693 I ActivityManager: Start proc 28274:android.process.acore/u0a97 for content provider com.android.providers.contacts/.ContactsProvider2
09-09 19:01:16.372  1505  1693 D ActivityManager: handleProcessStartedLocked mDoneFinishBooting && app.pid != 0 ---> notifyProcessStart, app.processName = android.process.acore, app.info = ApplicationInfo{2e24600 com.android.providers.contacts}, app.hostingType = content provider, getHostingName() = ComponentInfo{com.android.providers.contacts/com.android.providers.contacts.ContactsProvider2}, getIntentFlag() = 0, getIsPackageRunning() = false, app = ProcessRecord{fabfe39 28274:android.process.acore/u0a97}, getExtraData() = null
09-09 19:01:16.373  1505  2519 V ActivityManager: notifyProcessStart: android.process.acore for: content provider from: null packageName: com.android.providers.contacts className: com.android.providers.contacts.ContactsProvider2
09-09 19:01:16.610  1505  2785 D AppOps  : noteProxyOperationDialog.proxied, com.whatsapp/10030, code = 4, mode = 0
09-09 19:01:16.744  1505 17800 D AppOps  : noteProxyOperationDialog.proxied, com.whatsapp/10030, code = 4, mode = 0
09-09 19:01:16.796  1505  2785 D AppOps  : noteProxyOperationDialog.proxied, com.whatsapp/10030, code = 4, mode = 0
09-09 19:01:27.323  1505  1726 D AutomaticBrightnessController: RingBuffer :[60.0 / 1196ms, 61.0 / 201ms, 60.0 / 2198ms, 61.0 / 400ms, 60.0 / 3800ms, 61.0 / 203ms, 60.0 / 2400ms]
09-09 19:01:35.623  1505  1742 D BatteryService: Processing new values: info={.chargerAcOnline = false, .chargerUsbOnline = true, .chargerWirelessOnline = false, .maxChargingCurrent = 500000, .maxChargingVoltage = 5000000, .batteryStatus = FULL, .batteryHealth = GOOD, .batteryPresent = true, .batteryLevel = 100, .batteryVoltage = 4353, .batteryTemperature = 290, .batteryCurrent = -3, .batteryCycleCount = 4, .batteryFullCharge = 3163000, .batteryChargeCounter = 3177330, .batteryTechnology = Li-ion}, mBatteryLevelCritical=false, mPlugType=2
09-09 19:01:35.623  1505  1742 I BatteryService: shutdownIfLowCurrentLocked batteryLevel = 100 , hasChargingCurrent = true(isPowered=true,batteryCurrent=-3,hardware=qcom) , hitShutdownVoltage = true(batteryVoltage=4353,mBatteryMinVoltage=-1) , isSystemReady = true
09-09 19:01:35.624  1505  1742 D BatteryService: Sending ACTION_BATTERY_CHANGED. scale:100, info:{.chargerAcOnline = false, .chargerUsbOnline = true, .chargerWirelessOnline = false, .maxChargingCurrent = 500000, .maxChargingVoltage = 5000000, .batteryStatus = FULL, .batteryHealth = GOOD, .batteryPresent = true, .batteryLevel = 100, .batteryVoltage = 4353, .batteryTemperature = 290, .batteryCurrent = -3, .batteryCycleCount = 4, .batteryFullCharge = 3163000, .batteryChargeCounter = 3177330, .batteryTechnology = Li-ion}, EXTRA_WIRELESS_CHARGER_DISABLE = false
09-09 19:01:35.624  1505  1706 D BatteryStatsImpl: resetWhenChargingLongTime resetTime=25200000 ,mchargingUPTime=1558901157 , (resetTime-(uptime-mchargingUPTime))=22439940 ,onBattery=false
09-09 19:01:37.522  1505  1726 D AutomaticBrightnessController: RingBuffer :[60.0 / 399ms, 61.0 / 400ms, 60.0 / 396ms, 61.0 / 202ms, 60.0 / 1202ms, 61.0 / 197ms, 60.0 / 603ms, 61.0 / 198ms, 60.0 / 199ms, 61.0 / 204ms, 60.0 / 599ms, 61.0 / 197ms, 60.0 / 3199ms, 61.0 / 201ms, 60.0 / 1600ms, 59.0 / 204ms, 60.0 / 598ms]
09-09 19:01:37.544  1019  1141 E storaged: getDiskStats failed with result NOT_SUPPORTED and size 0
09-09 19:01:49.124  1505  1726 D AutomaticBrightnessController: RingBuffer :[60.0 / 3798ms, 59.0 / 601ms, 60.0 / 600ms, 59.0 / 200ms, 60.0 / 599ms, 61.0 / 198ms, 60.0 / 4604ms]
09-09 19:01:49.598  1505  3815 D AppOps  : noteProxyOperationDialog.proxied, com.whatsapp/10030, code = 4, mode = 0
09-09 19:01:49.972  1505  2785 D AppOps  : noteProxyOperationDialog.proxied, com.whatsapp/10030, code = 4, mode = 0
09-09 19:01:50.074  1505  2785 I chatty  : uid=1000(system) Binder:1505_6 identical 1 line
09-09 19:01:50.125  1505  2785 D AppOps  : noteProxyOperationDialog.proxied, com.whatsapp/10030, code = 4, mode = 0
09-09 19:01:59.723  1505  1726 D AutomaticBrightnessController: RingBuffer :[60.0 / 192ms, 59.0 / 206ms, 60.0 / 1394ms, 61.0 / 200ms, 60.0 / 8799ms]
09-09 19:02:09.726  1505  1726 D AutomaticBrightnessController: RingBuffer :[60.0 / 396ms, 61.0 / 1400ms, 60.0 / 2000ms, 61.0 / 801ms, 60.0 / 198ms, 61.0 / 202ms, 60.0 / 1202ms, 61.0 / 196ms, 60.0 / 604ms, 61.0 / 799ms, 60.0 / 397ms, 61.0 / 402ms, 60.0 / 1000ms, 61.0 / 403ms, 60.0 / 400ms]
09-09 19:02:12.353  1505  1742 D BatteryService: Processing new values: info={.chargerAcOnline = false, .chargerUsbOnline = true, .chargerWirelessOnline = false, .maxChargingCurrent = 500000, .maxChargingVoltage = 5000000, .batteryStatus = FULL, .batteryHealth = GOOD, .batteryPresent = true, .batteryLevel = 100, .batteryVoltage = 4353, .batteryTemperature = 290, .batteryCurrent = -2, .batteryCycleCount = 4, .batteryFullCharge = 3163000, .batteryChargeCounter = 3177356, .batteryTechnology = Li-ion}, mBatteryLevelCritical=false, mPlugType=2
