09-09 19:04:42.075 25960 25960 W Finsky  : [2] pis.run(6): No real network when expected
09-09 19:04:42.089 25960 25960 I Finsky  : [2] pfj.a(67): ConstraintMapping: 24-77777777,  -> L: 0ms, D: 55696198ms, C: false, I: true, N: 0
09-09 19:04:42.135 25960 25960 I Finsky  : [2] pfj.a(67): ConstraintMapping: 1-1337, 10-4, 10-8, 10-11, 10-15, 10-18, 10-22, 10-29, 10-30, 10-38, 10-39, 10-42, 10-47, 10-48, 10-50, 10-55, 12-1,  -> L: 0ms, D: 622777ms, C: false, I: false, N: 1
09-09 19:04:42.139 25960 25960 I Finsky  : [2] pfj.a(67): ConstraintMapping: 3-279,  -> L: 0ms, D: 84189157ms, C: false, I: true, N: 1
09-09 19:04:42.142 25960 25960 I Finsky  : [2] pfj.a(67): ConstraintMapping: 3-280,  -> L: 0ms, D: 84189222ms, C: true, I: true, N: 2
09-09 19:04:42.144 25960 25960 I Finsky  : [2] pfj.a(67): ConstraintMapping: 26-1414141414,  -> L: 13086277ms, D: 13986277ms, C: false, I: false, N: 0
09-09 19:04:42.146 25960 25960 I Finsky  : [2] com.google.android.finsky.scheduler.JobSchedulerEngine.a(42): Cancelling existing job with id: 9005
09-09 19:04:42.149 25960 25960 I Finsky  : [2] com.google.android.finsky.scheduler.JobSchedulerEngine.a(42): Cancelling existing job with id: 9004
09-09 19:04:42.153 25960 25960 I Finsky  : [2] com.google.android.finsky.scheduler.JobSchedulerEngine.a(42): Cancelling existing job with id: 9009
09-09 19:04:42.156 25960 25960 I Finsky  : [2] com.google.android.finsky.scheduler.JobSchedulerEngine.a(42): Cancelling existing job with id: 9000
09-09 19:04:42.160 25960 25960 I Finsky  : [2] com.google.android.finsky.scheduler.JobSchedulerEngine.a(16): Throttling wakeup for job 9001 (expected to run in 0 ms) due to recent wakeup
09-09 19:04:42.160 25960 25960 I Finsky  : [2] com.google.android.finsky.scheduler.JobSchedulerEngine.a(4): Scheduling job Id: 9001, L: 30000, D: 55696198, C: false, I: true, N: 0
09-09 19:04:42.163 25960 25960 I Finsky  : [2] com.google.android.finsky.scheduler.JobSchedulerEngine.a(16): Throttling wakeup for job 9002 (expected to run in 0 ms) due to recent wakeup
09-09 19:04:42.178 25960 25960 I Finsky  : [2] com.google.android.finsky.scheduler.JobSchedulerEngine.a(21): No real network when expected for job 9002. Delaying: 1800000
09-09 19:04:42.179 25960 25960 I Finsky  : [2] com.google.android.finsky.scheduler.JobSchedulerEngine.a(4): Scheduling job Id: 9002, L: 1800000, D: 1800000, C: false, I: false, N: 1
09-09 19:04:42.182 25960 25960 I Finsky  : [2] com.google.android.finsky.scheduler.JobSchedulerEngine.a(16): Throttling wakeup for job 9006 (expected to run in 0 ms) due to recent wakeup
09-09 19:04:42.199 25960 25960 I Finsky  : [2] com.google.android.finsky.scheduler.JobSchedulerEngine.a(21): No real network when expected for job 9006. Delaying: 1800000
09-09 19:04:42.200 25960 25960 I Finsky  : [2] com.google.android.finsky.scheduler.JobSchedulerEngine.a(4): Scheduling job Id: 9006, L: 1800000, D: 84189157, C: false, I: true, N: 1
09-09 19:04:42.203 25960 25960 I Finsky  : [2] com.google.android.finsky.scheduler.JobSchedulerEngine.a(16): Throttling wakeup for job 9007 (expected to run in 0 ms) due to recent wakeup
09-09 19:04:42.222 25960 25960 I Finsky  : [2] com.google.android.finsky.scheduler.JobSchedulerEngine.a(21): No real network when expected for job 9007. Delaying: 1800000
09-09 19:04:42.223 25960 25960 I Finsky  : [2] com.google.android.finsky.scheduler.JobSchedulerEngine.a(4): Scheduling job Id: 9007, L: 1800000, D: 84189222, C: true, I: true, N: 2
09-09 19:04:42.227 25960 25960 I Finsky  : [2] com.google.android.finsky.scheduler.JobSchedulerEngine.a(4): Scheduling job Id: 9008, L: 13086277, D: 13986277, C: false, I: false, N: 0
09-09 19:04:42.409  2538  2538 D NetworkController.WifiSignalController: Change in state from: connected=true,enabled=true,level=4,inetCondition=1,iconGroup=IconGroup(Wi-Fi Icons),activityIn=true,activityOut=true,rssi=-47,lastModified=09-09 19:04:42,ssid="Algento-1705-5G",isTransient=false,statusLabel=null
09-09 19:04:42.409  2538  2538 D NetworkController.WifiSignalController: 	to: connected=true,enabled=true,level=4,inetCondition=1,iconGroup=IconGroup(Wi-Fi Icons),activityIn=false,activityOut=false,rssi=-47,lastModified=09-09 19:04:42,ssid="Algento-1705-5G",isTransient=false,statusLabel=null
09-09 19:04:42.449   740 27666 I chatty  : uid=1000(system) HwBinder:740_3 expire 11 lines
09-09 19:04:43.857 21095 21346 D HomeActivity: 11 : showNextSearchword == 
09-09 19:04:45.090  2538  2658 D NetworkController: onReceive: intent=Intent { act=android.net.wifi.RSSI_CHANGED flg=0x4000010 (has extras) }
09-09 19:04:45.095  2538  2658 D NetworkController.WifiSignalController: Change in state from: connected=true,enabled=true,level=4,inetCondition=1,iconGroup=IconGroup(Wi-Fi Icons),activityIn=false,activityOut=false,rssi=-47,lastModified=09-09 19:04:42,ssid="Algento-1705-5G",isTransient=false,statusLabel=null
09-09 19:04:45.095  2538  2658 D NetworkController.WifiSignalController: 	to: connected=true,enabled=true,level=4,inetCondition=1,iconGroup=IconGroup(Wi-Fi Icons),activityIn=false,activityOut=false,rssi=-48,lastModified=09-09 19:04:42,ssid="Algento-1705-5G",isTransient=false,statusLabel=null
09-09 19:04:46.265 28158 28196 E FirebaseInstanceId: Token retrieval failed: SERVICE_NOT_AVAILABLE
09-09 19:04:47.433  2538  2538 D NetworkController.WifiSignalController: Change in state from: connected=true,enabled=true,level=4,inetCondition=1,iconGroup=IconGroup(Wi-Fi Icons),activityIn=false,activityOut=false,rssi=-48,lastModified=09-09 19:04:45,ssid="Algento-1705-5G",isTransient=false,statusLabel=null
09-09 19:04:47.433  2538  2538 D NetworkController.WifiSignalController: 	to: connected=true,enabled=true,level=4,inetCondition=1,iconGroup=IconGroup(Wi-Fi Icons),activityIn=true,activityOut=true,rssi=-48,lastModified=09-09 19:04:45,ssid="Algento-1705-5G",isTransient=false,statusLabel=null
09-09 19:04:47.933  1505  1726 D AutomaticBrightnessController: RingBuffer :[47.0 / 799ms, 46.0 / 1801ms, 47.0 / 1198ms, 48.0 / 200ms, 51.0 / 200ms, 53.0 / 201ms, 54.0 / 603ms, 56.0 / 196ms, 54.0 / 802ms, 53.0 / 201ms, 52.0 / 199ms, 51.0 / 202ms, 49.0 / 397ms, 50.0 / 203ms, 49.0 / 196ms, 48.0 / 203ms, 49.0 / 599ms, 48.0 / 1402ms, 49.0 / 398ms, 50.0 / 1001ms]
09-09 19:04:48.114  2538  2658 D NetworkController: onReceive: intent=Intent { act=android.net.wifi.RSSI_CHANGED flg=0x4000010 (has extras) }
09-09 19:04:48.118 15023 15023 I chatty  : uid=10433(im.thebot.messenger) expire 990 lines
09-09 19:04:48.120  2538  2658 D NetworkController.WifiSignalController: Change in state from: connected=true,enabled=true,level=4,inetCondition=1,iconGroup=IconGroup(Wi-Fi Icons),activityIn=true,activityOut=true,rssi=-48,lastModified=09-09 19:04:47,ssid="Algento-1705-5G",isTransient=false,statusLabel=null
09-09 19:04:48.120  2538  2658 D NetworkController.WifiSignalController: 	to: connected=true,enabled=true,level=4,inetCondition=1,iconGroup=IconGroup(Wi-Fi Icons),activityIn=true,activityOut=true,rssi=-47,lastModified=09-09 19:04:47,ssid="Algento-1705-5G",isTransient=false,statusLabel=null
09-09 19:04:48.449  2538  2538 D NetworkController.WifiSignalController: Change in state from: connected=true,enabled=true,level=4,inetCondition=1,iconGroup=IconGroup(Wi-Fi Icons),activityIn=true,activityOut=true,rssi=-47,lastModified=09-09 19:04:48,ssid="Algento-1705-5G",isTransient=false,statusLabel=null
09-09 19:04:48.449  2538  2538 D NetworkController.WifiSignalController: 	to: connected=true,enabled=true,level=4,inetCondition=1,iconGroup=IconGroup(Wi-Fi Icons),activityIn=false,activityOut=false,rssi=-47,lastModified=09-09 19:04:48,ssid="Algento-1705-5G",isTransient=false,statusLabel=null
09-09 19:04:48.890 21095 21346 D HomeActivity: 12 : showNextSearchword == 
09-09 19:04:51.133  2538  2658 D NetworkController: onReceive: intent=Intent { act=android.net.wifi.RSSI_CHANGED flg=0x4000010 (has extras) }
09-09 19:04:51.592 15023 15164 I chatty  : uid=10433(im.thebot.messenger) expire 10 lines
09-09 19:04:52.475  1505  2375 I chatty  : uid=1000(system) WifiService expire 43 lines
09-09 19:04:53.619 18634 18679 D UMS_Agent: resetTimer
09-09 19:04:53.633 18634 18683 D UMS_Agent: resetTimer
09-09 19:04:53.926 21095 21346 D HomeActivity: 13 : showNextSearchword == 27
09-09 19:04:54.169  2538  2658 D NetworkController: onReceive: intent=Intent { act=android.net.wifi.RSSI_CHANGED flg=0x4000010 (has extras) }
09-09 19:04:55.324 20237 31390 E PlayCommon: [14045] gdm.e: Failed to connect to server for server timestamp: java.net.SocketTimeoutException: failed to connect to play.googleapis.com/172.217.27.138 (port 443) from /10.0.0.44 (port 49052) after 10000ms
09-09 19:04:55.325 20237 31391 I PlayCommon: [14046] gdm.e: Connecting to server for timestamp: https://play.googleapis.com/play/log/timestamp
09-09 19:04:55.357 19943 19943 W ChimeraUtils: Non Chimera context
09-09 19:04:55.357 19943 19943 W ChimeraUtils: Non Chimera context
09-09 19:04:55.401 19943 30723 E Auth    : [GoogleAccountDataServiceImpl] getToken() -> BAD_AUTHENTICATION. Account: <ELLIDED:-4221336>, App: com.google.android.gms, Service: oauth2:https://www.googleapis.com/auth/games
09-09 19:04:55.401 19943 30723 E Auth    : rpc: Long live credential not available.
09-09 19:04:55.401 19943 30723 E Auth    : 	at jgc.a(:com.google.android.gms@18381037@18.3.81 (100400-257258062):59)
09-09 19:04:55.401 19943 30723 E Auth    : 	at jfc.a(Unknown Source:2)
09-09 19:04:55.401 19943 30723 E Auth    : 	at jfa.a(:com.google.android.gms@18381037@18.3.81 (100400-257258062):15)
09-09 19:04:55.401 19943 30723 E Auth    : 	at jfa.a(:com.google.android.gms@18381037@18.3.81 (100400-257258062):7)
09-09 19:04:55.401 19943 30723 E Auth    : 	at hgv.a(:com.google.android.gms@18381037@18.3.81 (100400-257258062):32)
09-09 19:04:55.401 19943 30723 E Auth    : 	at hgv.a(:com.google.android.gms@18381037@18.3.81 (100400-257258062):79)
09-09 19:04:55.401 19943 30723 E Auth    : 	at hhc.a(:com.google.android.gms@18381037@18.3.81 (100400-257258062):3)
09-09 19:04:55.401 19943 30723 E Auth    : 	at hhd.a(:com.google.android.gms@18381037@18.3.81 (100400-257258062):2)
09-09 19:04:55.401 19943 30723 E Auth    : 	at hhd.c(:com.google.android.gms@18381037@18.3.81 (100400-257258062):6)
09-09 19:04:55.401 19943 30723 E Auth    : 	at hja.getAuthToken(:com.google.android.gms@18381037@18.3.81 (100400-257258062):8)
09-09 19:04:55.401 19943 30723 E Auth    : 	at android.accounts.AbstractAccountAuthenticator$Transport.getAuthToken(AbstractAccountAuthenticator.java:247)
09-09 19:04:55.401 19943 30723 E Auth    : 	at android.accounts.IAccountAuthenticator$Stub.onTransact(IAccountAuthenticator.java:114)
09-09 19:04:55.401 19943 30723 E Auth    : 	at android.os.Binder.transact(Binder.java:667)
09-09 19:04:55.401 19943 30723 E Auth    : 	at efj.onTransact(:com.google.android.gms@18381037@18.3.81 (100400-257258062):3)
09-09 19:04:55.401 19943 30723 E Auth    : 	at android.os.Binder.transact(Binder.java:667)
09-09 19:04:55.401 19943 30723 E Auth    : 	at aakw.onTransact(:com.google.android.gms@18381037@18.3.81 (100400-257258062):19)
09-09 19:04:55.401 19943 30723 E Auth    : 	at android.os.Binder.execTransact(Binder.java:731)
09-09 19:04:55.402 19943 30723 W Auth    : [GetToken] GetToken failed with status code: BadAuthentication
09-09 19:04:55.430 19943 30723 W Auth    : [GoogleAuthUtil] GoogleAuthUtil
09-09 19:04:55.430 19943 30723 W GLSActivity: 
09-09 19:04:55.430 19943 30723 W GLSActivity: hho: BadAuthentication
09-09 19:04:55.430 19943 30723 W GLSActivity: 	at hhc.a(:com.google.android.gms@18381037@18.3.81 (100400-257258062):13)
09-09 19:04:55.430 19943 30723 W GLSActivity: 	at hhd.a(:com.google.android.gms@18381037@18.3.81 (100400-257258062):2)
09-09 19:04:55.430 19943 30723 W GLSActivity: 	at hhd.c(:com.google.android.gms@18381037@18.3.81 (100400-257258062):6)
09-09 19:04:55.430 19943 30723 W GLSActivity: 	at hja.getAuthToken(:com.google.android.gms@18381037@18.3.81 (100400-257258062):8)
09-09 19:04:55.430 19943 30723 W GLSActivity: 	at android.accounts.AbstractAccountAuthenticator$Transport.getAuthToken(AbstractAccountAuthenticator.java:247)
09-09 19:04:55.430 19943 30723 W GLSActivity: 	at android.accounts.IAccountAuthenticator$Stub.onTransact(IAccountAuthenticator.java:114)
09-09 19:04:55.430 19943 30723 W GLSActivity: 	at android.os.Binder.transact(Binder.java:667)
09-09 19:04:55.430 19943 30723 W GLSActivity: 	at efj.onTransact(:com.google.android.gms@18381037@18.3.81 (100400-257258062):3)
09-09 19:04:55.430 19943 30723 W GLSActivity: 	at android.os.Binder.transact(Binder.java:667)
09-09 19:04:55.430 19943 30723 W GLSActivity: 	at aakw.onTransact(:com.google.android.gms@18381037@18.3.81 (100400-257258062):19)
09-09 19:04:55.430 19943 30723 W GLSActivity: 	at android.os.Binder.execTransact(Binder.java:731)
09-09 19:04:55.442 20237 31390 W PlayCommon: [14045] gdm.e: Deferring log upload because couldn't retrieve auth token
09-09 19:04:56.493  2538  2538 D NetworkController.WifiSignalController: Change in state from: connected=true,enabled=true,level=4,inetCondition=1,iconGroup=IconGroup(Wi-Fi Icons),activityIn=false,activityOut=false,rssi=-47,lastModified=09-09 19:04:48,ssid="Algento-1705-5G",isTransient=false,statusLabel=null
09-09 19:04:56.493  2538  2538 D NetworkController.WifiSignalController: 	to: connected=true,enabled=true,level=4,inetCondition=1,iconGroup=IconGroup(Wi-Fi Icons),activityIn=true,activityOut=true,rssi=-47,lastModified=09-09 19:04:48,ssid="Algento-1705-5G",isTransient=false,statusLabel=null
09-09 19:04:56.613   740 27666 I chatty  : uid=1000(system) HwBinder:740_3 expire 30 lines
09-09 19:04:57.166  1505  2376 I chatty  : uid=1000(system) WifiStateMachin expire 62 lines
09-09 19:04:57.216  2538  2658 D NetworkController: onReceive: intent=Intent { act=android.net.wifi.RSSI_CHANGED flg=0x4000010 (has extras) }
09-09 19:04:57.499  2538  2538 D NetworkController.WifiSignalController: Change in state from: connected=true,enabled=true,level=4,inetCondition=1,iconGroup=IconGroup(Wi-Fi Icons),activityIn=true,activityOut=true,rssi=-47,lastModified=09-09 19:04:56,ssid="Algento-1705-5G",isTransient=false,statusLabel=null
09-09 19:04:57.499  2538  2538 D NetworkController.WifiSignalController: 	to: connected=true,enabled=true,level=4,inetCondition=1,iconGroup=IconGroup(Wi-Fi Icons),activityIn=false,activityOut=false,rssi=-47,lastModified=09-09 19:04:56,ssid="Algento-1705-5G",isTransient=false,statusLabel=null
09-09 19:04:58.928 21095 21346 D HomeActivity: 14 : showNextSearchword == 
09-09 19:04:58.934 15023 15023 I chatty  : uid=10433(im.thebot.messenger) expire 813 lines
09-09 19:05:00.002  2538  2538 D SystemUIUpdateMonitor: run() curMinutes = 26133785 mLastMinute = 26133784
09-09 19:05:00.003  2538  2538 D SystemUIUpdateMonitor: sendTimeTickIntent() : receiver = com.android.keyguard.cust.KeyguardTextClock$1@1051e17 scheduler = Handler (android.os.Handler) {b9d43ed}
09-09 19:05:00.003  2538  2538 D SystemUIUpdateMonitor: sendTimeTickIntent() : receiver = com.android.systemui.statusbar.policy.DateView$1@b230204 scheduler = Handler (android.os.Handler) {b9d43ed}
09-09 19:05:00.003  2538  2538 D SystemUIUpdateMonitor: sendTimeTickIntent() : receiver = com.android.systemui.keyguard.glance.clockstyle.AnalogClock$1@2f65222 scheduler = Handler (android.os.Handler) {b9d43ed}
09-09 19:05:00.003  2538  2538 D SystemUIUpdateMonitor: sendTimeTickIntent() : receiver = com.android.systemui.statusbar.policy.DateView$1@83384b3 scheduler = Handler (android.os.Handler) {b9d43ed}
09-09 19:05:00.003  2538  2538 D SystemUIUpdateMonitor: sendTimeTickIntent() : receiver = com.android.keyguard.cust.KeyguardTextClock$1@5d03a70 scheduler = Handler (android.os.Handler) {b9d43ed}
09-09 19:05:00.003  2538  2538 D SystemUIUpdateMonitor: sendTimeTickIntent() : receiver = com.android.systemui.statusbar.policy.DateView$1@e1731e9 scheduler = Handler (android.os.Handler) {b9d43ed}
09-09 19:05:00.003  2538  2538 D SystemUIUpdateMonitor: sendTimeTickIntent() : receiver = com.android.systemui.keyguard.glance.clockstyle.AnalogClock$1@44b6e6e scheduler = Handler (android.os.Handler) {b9d43ed}
09-09 19:05:00.003  2538  2538 D SystemUIUpdateMonitor: sendTimeTickIntent() : receiver = com.android.systemui.statusbar.policy.DateView$1@6d7b90f scheduler = Handler (android.os.Handler) {b9d43ed}
09-09 19:05:00.003  2538  2538 D SystemUIUpdateMonitor: sendTimeTickIntent() : receiver = com.android.keyguard.cust.KeyguardTextClock$1@4d68d9c scheduler = Handler (android.os.Handler) {b9d43ed}
09-09 19:05:00.003  2538  2986 D KeyguardTextClock: onReceive action = android.intent.action.TIME_TICK
09-09 19:05:00.003  2538  2538 D SystemUIUpdateMonitor: sendTimeTickIntent() : receiver = com.android.systemui.statusbar.policy.Clock$2@87676a6 scheduler = Handler (android.os.Handler) {b9d43ed}
09-09 19:05:00.004  2538  2538 D SystemUIUpdateMonitor: sendTimeTickIntent() : receiver = com.android.systemui.statusbar.policy.Clock$2@78ec8e9 scheduler = Handler (android.os.Handler) {b9d43ed}
09-09 19:05:00.004  2538  2538 D SystemUIUpdateMonitor: sendTimeTickIntent() : receiver = com.android.systemui.statusbar.policy.Clock$2@7db2bfa scheduler = Handler (android.os.Handler) {b9d43ed}
09-09 19:05:00.004  2538  2538 D SystemUIUpdateMonitor: sendTimeTickIntent() : receiver = com.android.systemui.statusbar.policy.DateView$1@d698408 scheduler = Handler (android.os.Handler) {b9d43ed}
09-09 19:05:00.004  2538  2538 D SystemUIUpdateMonitor: sendTimeTickIntent() : receiver = com.android.systemui.statusbar.policy.DateView$1@aa00dc6 scheduler = Handler (android.os.Handler) {b9d43ed}
09-09 19:05:00.004  2538  2538 D SystemUIUpdateMonitor: setTimeHandler() mTimeTICK_receiver.size() = 14
09-09 19:05:00.004  2538  2538 D SystemUIUpdateMonitor: setTimeHandler() newDelay = 59996
09-09 19:05:00.005  2538  2986 D DateView: onReceive action = android.intent.action.TIME_TICK
09-09 19:05:00.006  2538  2986 D DateView: onReceive action = android.intent.action.TIME_TICK
09-09 19:05:00.006  2538  2986 D KeyguardTextClock: onReceive action = android.intent.action.TIME_TICK
09-09 19:05:00.006  2538  2986 D DateView: onReceive action = android.intent.action.TIME_TICK
09-09 19:05:00.007  2538  2986 D DateView: onReceive action = android.intent.action.TIME_TICK
09-09 19:05:00.007  2538  2986 D KeyguardTextClock: onReceive action = android.intent.action.TIME_TICK
09-09 19:05:00.007  2538  2986 D Policy.Clock: onReceive action = android.intent.action.TIME_TICK
09-09 19:05:00.007  2538  2986 I chatty  : uid=10130(com.android.systemui) TimeTick identical 16 lines
09-09 19:05:00.008  2538  2538 I chatty  : uid=10130(com.android.systemui) expire 25 lines
09-09 19:05:00.030 22225 22638 I ScreenReceiver: onReceive run action:android.intent.action.TIME_TICK
09-09 19:05:00.030 22225 22638 I ScreenReceiver: android.intent.action.TIME_TICK
09-09 19:05:00.036 22225 22638 I AWUpdateRunnable: mWidgetArr:1, strategy:ViewUpdateStrategy
09-09 19:05:00.036 22225 22638 I AWUpdateRunnable: run strategy:ViewUpdateStrategy, type:TIME_TICK
09-09 19:05:00.050 17611 17611 E TimerManager: Action : android.intent.action.TIME_TICK
09-09 19:05:00.063 21095 21095 E TimerManager: Action : android.intent.action.TIME_TICK
09-09 19:05:00.079 19984 19984 D PagedView: PagedView.onMeasure(): 1080, 2280
09-09 19:05:00.079 19984 19984 D PagedView: PagedView.scaledSize: 1080, 2280
09-09 19:05:00.079 19984 19984 D PagedView: PagedView.parentSize: 4560, 4560
09-09 19:05:00.079 19984 19984 D PagedView: PagedView.horizontalPadding: 42
09-09 19:05:00.079 19984 19984 D PagedView: PagedView.verticalPadding: 312
09-09 19:05:00.079 19984 19984 D PagedView: PagedView.onLayout()
09-09 19:05:00.079 19984 19984 D PagedView: 	layout-child0: 0, 0
09-09 19:05:00.080 19984 19984 D PagedView: 	layout-child1: 1101, 89
09-09 19:05:00.080 19984 19984 D PagedView: 	layout-child2: 2161, 89
09-09 19:05:00.080 19984 19984 D PagedView: 	layout-child3: 3221, 89
09-09 19:05:00.080 19984 19984 I ItemLongClick: DragDriver : null, Options : null, isAccessibleDrag : false
09-09 19:05:00.095 19984 19984 D PagedView: PagedView.onMeasure(): 1080, 2280
09-09 19:05:00.095 19984 19984 D PagedView: PagedView.scaledSize: 1080, 2280
09-09 19:05:00.095 19984 19984 D PagedView: PagedView.parentSize: 4560, 4560
09-09 19:05:00.095 19984 19984 D PagedView: PagedView.horizontalPadding: 42
09-09 19:05:00.095 19984 19984 D PagedView: PagedView.verticalPadding: 312
09-09 19:05:00.096 19984 19984 D PagedView: PagedView.onLayout()
09-09 19:05:00.096 19984 19984 D PagedView: 	layout-child0: 0, 0
09-09 19:05:00.096 19984 19984 D PagedView: 	layout-child1: 1101, 89
09-09 19:05:00.096 19984 19984 D PagedView: 	layout-child2: 2161, 89
09-09 19:05:00.096 19984 19984 D PagedView: 	layout-child3: 3221, 89
09-09 19:05:00.096 19984 19984 I ItemLongClick: DragDriver : null, Options : null, isAccessibleDrag : false
09-09 19:05:00.112 19984 19984 D PagedView: PagedView.onMeasure(): 1080, 2280
09-09 19:05:00.112 19984 19984 D PagedView: PagedView.scaledSize: 1080, 2280
09-09 19:05:00.112 19984 19984 D PagedView: PagedView.parentSize: 4560, 4560
09-09 19:05:00.112 19984 19984 D PagedView: PagedView.horizontalPadding: 42
09-09 19:05:00.112 19984 19984 D PagedView: PagedView.verticalPadding: 312
09-09 19:05:00.113 19984 19984 D PagedView: PagedView.onLayout()
09-09 19:05:00.113 19984 19984 D PagedView: 	layout-child0: 0, 0
09-09 19:05:00.113 19984 19984 D PagedView: 	layout-child1: 1101, 89
09-09 19:05:00.114 19984 19984 D PagedView: 	layout-child2: 2161, 89
09-09 19:05:00.114 19984 19984 D PagedView: 	layout-child3: 3221, 89
09-09 19:05:00.114 19984 19984 I ItemLongClick: DragDriver : null, Options : null, isAccessibleDrag : false
09-09 19:05:00.241  2538  2658 I chatty  : uid=10130(com.android.systemui) SysUiBg expire 12 lines
09-09 19:05:01.701  1505  1690 I chatty  : uid=1000(system) android.bg expire 16 lines
09-09 19:05:01.706  1505  3948 I chatty  : uid=1000(system) IzatProvider expire 10 lines
09-09 19:05:01.707   760   760 V LocSvc_HIDL_IzatOsNpGlue: [locationChanged][95] [HS] <<<<= [HC]
09-09 19:05:01.708   760  3971 E LocSvc_libulp: ulp_brain_transition_all_providers, no QUIPC/GNSS transition logic run due to both engines are OFF 
09-09 19:05:01.712   760  2744 V LocSvc_HIDL_IzatProvider: [onLocationChanged][72] [HS] =>>>> [HC]
09-09 19:05:01.719 20424 20424 V [zmh00_Geek]  LocationModule: lastLongitude: 116.333709 lastLatitude: 39.996909
09-09 19:05:03.050 18562 18601 D UMS_Agent: resetTimer
09-09 19:05:03.108 15023 15105 I chatty  : uid=10433(im.thebot.messenger) expire 118 lines
09-09 19:05:03.137  1505  1726 D AutomaticBrightnessController: RingBuffer :[47.0 / 395ms, 48.0 / 200ms, 47.0 / 200ms, 48.0 / 200ms, 47.0 / 401ms, 48.0 / 402ms, 47.0 / 598ms, 46.0 / 205ms, 47.0 / 398ms, 48.0 / 201ms, 46.0 / 197ms, 47.0 / 397ms, 46.0 / 202ms, 45.0 / 6404ms]
09-09 19:05:03.233  1505  2378 I chatty  : uid=1000(system) WifiScanningSer expire 27 lines
09-09 19:05:03.258 21131 21131 D wpa_supplicant: nl80211: Drv Event 33 (NL80211_CMD_TRIGGER_SCAN) received for wlan0
09-09 19:05:03.258 21131 21131 D wpa_supplicant: wlan0: nl80211: Scan trigger
09-09 19:05:03.258 21131 21131 D wpa_supplicant: wlan0: Event SCAN_STARTED (46) received
09-09 19:05:03.258 21131 21131 D wpa_supplicant: wlan0: External program started a scan
09-09 19:05:03.929 21095 21346 D HomeActivity: 15 : showNextSearchword == 
09-09 19:05:04.049 18782 18812 D UMS_Agent: resetTimer
09-09 19:05:05.452 18887 18924 D UMS_Agent: resetTimer
09-09 19:05:05.622 21131 21131 D wpa_supplicant: nl80211: Drv Event 34 (NL80211_CMD_NEW_SCAN_RESULTS) received for wlan0
09-09 19:05:05.622 21131 21131 D wpa_supplicant: wlan0: nl80211: New scan results available
09-09 19:05:05.622 21131 21131 D wpa_supplicant: nl80211: Scan probed for SSID ''
09-09 19:05:05.622 21131 21131 D wpa_supplicant: nl80211: Scan probed for SSID 'ddddd'
09-09 19:05:05.622 21131 21131 D wpa_supplicant: nl80211: Scan included frequencies: 2412 2417 2422 2427 2432 2437 2442 2447 2452 2457 2462 2467 2472 5180 5200 5220 5240 5260 5280 5300 5320 5745 5765 5785 5805 5825
09-09 19:05:05.622 21131 21131 D wpa_supplicant: wlan0: Event SCAN_RESULTS (3) received
09-09 19:05:05.623 21131 21131 D wpa_supplicant: nl80211: Received scan results (10 BSSes)
09-09 19:05:05.623 21131 21131 D wpa_supplicant: nl80211: Scan results indicate BSS status with 9c:3d:cf:4a:d0:30 as associated
09-09 19:05:05.623 21131 21131 D wpa_supplicant: wlan0: BSS: Start scan result update 4219
09-09 19:05:05.623 21131 21131 D wpa_supplicant: wlan0: BSS: Add new id 7597 BSSID 18:31:bf:39:15:b8 SSID 'ALGENTO_2G' freq 2422
09-09 19:05:05.623 21131 21131 D wpa_supplicant: wlan0: BSS: Add new id 7598 BSSID 3e:a0:67:5c:39:f5 SSID 'xiaoxindayin' freq 2442
09-09 19:05:05.623 21131 21131 D wpa_supplicant: BSS: last_scan_res_used=10/32
09-09 19:05:05.623 21131 21131 D wpa_supplicant: wlan0: New scan results available (own=0 ext=1)
09-09 19:05:05.623 21131 21131 D wpa_supplicant: wlan0: Do not use results from externally requested scan operation for network selection
09-09 19:05:05.626  1131  2521 I LOWI-8.6.0.26: [LOWI-Scan] lowi_close_record:Scan done in 4089884470ms, 10 APs in scan results
09-09 19:05:05.801 18562 18604 D UMS_Agent: resetTimer
09-09 19:05:06.211 18935 18975 D UMS_Agent: resetTimer
09-09 19:05:06.356 18782 18816 D UMS_Agent: resetTimer
09-09 19:05:07.698   740   947 I chatty  : uid=1000(system) HwBinder:740_2 expire 19 lines
09-09 19:05:07.840 18887 18927 D UMS_Agent: resetTimer
09-09 19:05:08.029 18935 18977 D UMS_Agent: resetTimer
09-09 19:05:08.933 21095 21346 D HomeActivity: 16 : showNextSearchword == 
09-09 19:05:10.613 15023 15164 I chatty  : uid=10433(im.thebot.messenger) expire 10 lines
09-09 19:05:11.957  1505  7433 D ActivityManager: Raise procstate to external provider: ProcessRecord{5c37eb0 18562:com.cubic.autohome/u0a34}
09-09 19:05:12.032  1505  7433 I chatty  : uid=1000(system) Binder:1505_14 identical 7 lines
09-09 19:05:12.032  1505  7433 D ActivityManager: Raise procstate to external provider: ProcessRecord{5c37eb0 18562:com.cubic.autohome/u0a34}
09-09 19:05:12.081  1505  1568 D ActivityManager: Raise procstate to external provider: ProcessRecord{5c37eb0 18562:com.cubic.autohome/u0a34}
09-09 19:05:12.091  1505  2785 D ActivityManager: Raise procstate to external provider: ProcessRecord{5c37eb0 18562:com.cubic.autohome/u0a34}
09-09 19:05:12.092  1505  2785 I chatty  : uid=1000(system) Binder:1505_6 identical 1 line
09-09 19:05:12.092  1505  2785 D ActivityManager: Raise procstate to external provider: ProcessRecord{5c37eb0 18562:com.cubic.autohome/u0a34}
09-09 19:05:12.113  1505  7433 D ActivityManager: Raise procstate to external provider: ProcessRecord{5c37eb0 18562:com.cubic.autohome/u0a34}
09-09 19:05:12.178  1505  2785 D ActivityManager: Raise procstate to external provider: ProcessRecord{5c37eb0 18562:com.cubic.autohome/u0a34}
09-09 19:05:12.218  1505  2785 I chatty  : uid=1000(system) Binder:1505_6 identical 1 line
09-09 19:05:12.250  1505  2785 D ActivityManager: Raise procstate to external provider: ProcessRecord{5c37eb0 18562:com.cubic.autohome/u0a34}
09-09 19:05:12.279  1505  7433 D ActivityManager: Raise procstate to external provider: ProcessRecord{5c37eb0 18562:com.cubic.autohome/u0a34}
09-09 19:05:12.310  1505  7433 D ActivityManager: Raise procstate to external provider: ProcessRecord{5c37eb0 18562:com.cubic.autohome/u0a34}
09-09 19:05:12.321  1505  2785 D ActivityManager: Raise procstate to external provider: ProcessRecord{5c37eb0 18562:com.cubic.autohome/u0a34}
09-09 19:05:12.322  1505  7433 D ActivityManager: Raise procstate to external provider: ProcessRecord{5c37eb0 18562:com.cubic.autohome/u0a34}
09-09 19:05:12.323  1505  7433 I chatty  : uid=1000(system) Binder:1505_14 identical 1 line
09-09 19:05:12.323  1505  7433 D ActivityManager: Raise procstate to external provider: ProcessRecord{5c37eb0 18562:com.cubic.autohome/u0a34}
09-09 19:05:12.341  1505  1568 D ActivityManager: Raise procstate to external provider: ProcessRecord{5c37eb0 18562:com.cubic.autohome/u0a34}
09-09 19:05:12.354  1505  7433 D ActivityManager: Raise procstate to external provider: ProcessRecord{5c37eb0 18562:com.cubic.autohome/u0a34}
09-09 19:05:12.354  1505  1568 D ActivityManager: Raise procstate to external provider: ProcessRecord{5c37eb0 18562:com.cubic.autohome/u0a34}
09-09 19:05:13.575  1505  2375 I chatty  : uid=1000(system) WifiService expire 21 lines
09-09 19:05:13.968 21095 21346 D HomeActivity: 17 : showNextSearchword == 
09-09 19:05:14.449 20237 31393 I PlayCommon: [14048] gdm.e: Preparing logs for uploading
09-09 19:05:15.365  1505  2376 I chatty  : uid=1000(system) WifiStateMachin expire 56 lines
09-09 19:05:15.401  1505  1568 I chatty  : uid=1000(system) Binder:1505_2 expire 16 lines
09-09 19:05:15.402  1505  7433 I chatty  : uid=1000(system) Binder:1505_14 expire 20 lines
09-09 19:05:16.060 18782 19181 I tnet-jni: 6398 - [spdyPingRecvCallback] - 
09-09 19:05:16.060 18782 19181 I tnet-jni: 6398 - [SpdySessionCallBack.spdyPingRecvCallback] - org.android.spdy.SpdySession@4e4629d
09-09 19:05:16.061 18782 19181 D accs.SilenceConn_24601826:  spdyPingRecvCallback uniId:264
09-09 19:05:16.061 18782 19181 D accs.MsgRecv_24601826:  onRcvPing
09-09 19:05:16.061 18782 19181 D accs.HeartbeatManager:  onHeartbeatSucc
09-09 19:05:16.061 18782 19181 D accs.OrangeAdapter:  isSmartHb result:true
09-09 19:05:16.061 18782 19181 D accs.HeartbeatManager:  set 480
09-09 19:05:16.094 18782 19181 D accs.UtilityImpl:  setServiceTime:1568027116066
09-09 19:05:16.592  2538  2538 I chatty  : uid=10130(com.android.systemui) expire 21 lines
09-09 19:05:18.424  2538  2658 I chatty  : uid=10130(com.android.systemui) SysUiBg expire 10 lines
09-09 19:05:18.432 15023 15023 I chatty  : uid=10433(im.thebot.messenger) expire 1484 lines
09-09 19:05:18.530 20237 12576 W gle.android.gm: resources.arsc in APK '/data/app/com.alibaba.android.rimet-i4IUGUK9zeNMkVGatRFKZw==/base.apk' is compressed.
09-09 19:05:18.586 20237 12576 W gle.android.gm: resources.arsc in APK '/system/product/CDA/items/QQBrowser/QQBrowser.apk' is compressed.
09-09 19:05:18.607 20237 12576 W gle.android.gm: resources.arsc in APK '/data/app/com.baidu.video-Jbgfu4mhRL3iB5QeNzZUeA==/base.apk' is compressed.
09-09 19:05:18.625 20237 12576 W gle.android.gm: resources.arsc in APK '/data/app/com.eg.android.AlipayGphone-d15KHbJHZ_hWqa8NE2dfUQ==/base.apk' is compressed.
09-09 19:05:18.776 20237 12576 W gle.android.gm: resources.arsc in APK '/data/app/com.netease.cloudmusic-D8MSdufSBlmR9PGerpkpWg==/base.apk' is compressed.
09-09 19:05:18.809 20237 12576 W gle.android.gm: resources.arsc in APK '/data/app/com.qiyi.video-nM1pT2ooxsp0NTrIQdh8Ig==/base.apk' is compressed.
09-09 19:05:18.841 20237 20250 I gle.android.gm: Background concurrent copying GC freed 212411(10MB) AllocSpace objects, 8(352KB) LOS objects, 49% free, 12MB/24MB, paused 668us total 136.813ms
09-09 19:05:18.858 20237 12576 W gle.android.gm: resources.arsc in APK '/data/app/com.ss.android.ugc.aweme-yDNbVFNCKFTTFalWd95FOA==/base.apk' is compressed.
09-09 19:05:18.903 20237 12576 W gle.android.gm: resources.arsc in APK '/data/app/com.tencent.qqlive-EUFZ4dkbFOEbUTiHWMwBFA==/base.apk' is compressed.
09-09 19:05:18.949 20237 12576 W gle.android.gm: resources.arsc in APK '/data/app/com.xingin.xhs-9hVUhacR6kA_CwmlDGGlWA==/base.apk' is compressed.
09-09 19:05:19.008 21095 21346 D HomeActivity: 18 : showNextSearchword == iPhone11
09-09 19:05:19.051 20237 28765 I AppsUpload: Uploading list of 75 apps for 0 account(s)
09-09 19:05:20.749   740 27666 I chatty  : uid=1000(system) HwBinder:740_3 expire 30 lines
09-09 19:05:12.355  1505  1568 I chatty  : uid=1000(system) Binder:1505_2 identical 1 line
09-09 19:05:12.355  1505  1568 D ActivityManager: Raise procstate to external provider: ProcessRecord{5c37eb0 18562:com.cubic.autohome/u0a34}
09-09 19:05:22.938  1505  1726 D AutomaticBrightnessController: RingBuffer :[45.0 / 10793ms]
09-09 19:05:23.629 18634 18679 D UMS_Agent: resetTimer
09-09 19:05:23.641 18634 18683 D UMS_Agent: resetTimer
09-09 19:05:24.019 21095 21346 D HomeActivity: 19 : showNextSearchword == 
09-09 19:05:24.633  1505  2375 I chatty  : uid=1000(system) WifiService expire 50 lines
09-09 19:05:25.211 15023 15105 I chatty  : uid=10433(im.thebot.messenger) expire 81 lines
09-09 19:05:25.248 15023 15164 I chatty  : uid=10433(im.thebot.messenger) expire 11 lines
09-09 19:05:27.553  1505  1742 D BatteryService: Processing new values: info={.chargerAcOnline = false, .chargerUsbOnline = true, .chargerWirelessOnline = false, .maxChargingCurrent = 500000, .maxChargingVoltage = 5000000, .batteryStatus = FULL, .batteryHealth = GOOD, .batteryPresent = true, .batteryLevel = 100, .batteryVoltage = 4353, .batteryTemperature = 290, .batteryCurrent = -2, .batteryCycleCount = 4, .batteryFullCharge = 3163000, .batteryChargeCounter = 3177362, .batteryTechnology = Li-ion}, mBatteryLevelCritical=false, mPlugType=2
09-09 19:05:27.553  1505  1742 I BatteryService: shutdownIfLowCurrentLocked batteryLevel = 100 , hasChargingCurrent = true(isPowered=true,batteryCurrent=-2,hardware=qcom) , hitShutdownVoltage = true(batteryVoltage=4353,mBatteryMinVoltage=-1) , isSystemReady = true
09-09 19:05:27.554  1505  1706 D BatteryStatsImpl: resetWhenChargingLongTime resetTime=25200000 ,mchargingUPTime=1558901157 , (resetTime-(uptime-mchargingUPTime))=22208010 ,onBattery=false
09-09 19:05:27.554  1505  1742 D BatteryService: Sending ACTION_BATTERY_CHANGED. scale:100, info:{.chargerAcOnline = false, .chargerUsbOnline = true, .chargerWirelessOnline = false, .maxChargingCurrent = 500000, .maxChargingVoltage = 5000000, .batteryStatus = FULL, .batteryHealth = GOOD, .batteryPresent = true, .batteryLevel = 100, .batteryVoltage = 4353, .batteryTemperature = 290, .batteryCurrent = -2, .batteryCycleCount = 4, .batteryFullCharge = 3163000, .batteryChargeCounter = 3177362, .batteryTechnology = Li-ion}, EXTRA_WIRELESS_CHARGER_DISABLE = false
09-09 19:05:27.556  2841  2841 D QtiCarrierConfigHelper: WARNING, no carrier configs on phone Id: 0
09-09 19:05:27.558 21322 21322 I [BatteryProtectApp]: ACTION_BATTERY_CHANGED -> Temprature : 29.0
09-09 19:05:27.558 21322 21322 I [BatteryProtectApp]: DetectBatteryService: MaxTempShutDown : false
09-09 19:05:27.558 21322 21322 I [BatteryProtectApp]: DetectBatteryService: LowTempShutDown : false
09-09 19:05:27.559 21322 21322 I [BatteryProtectApp]: IS_SUPPORT_DECREASE_CHARGING : true
09-09 19:05:27.565   760   760 V LocSvc_HIDL_IzatSubscription: [batteryLevelUpdate][777] [HS] <<<<= [HC]
09-09 19:05:29.060 21095 21346 D HomeActivity: 20 : showNextSearchword == 
09-09 19:05:33.074 18562 18601 D UMS_Agent: resetTimer
09-09 19:05:34.067 21095 21346 D HomeActivity: 21 : showNextSearchword == 
09-09 19:05:34.094 18782 18812 D UMS_Agent: resetTimer
09-09 19:05:34.934  1505  1726 D AutomaticBrightnessController: RingBuffer :[47.0 / 397ms, 48.0 / 802ms, 47.0 / 799ms, 48.0 / 5800ms, 49.0 / 199ms, 48.0 / 3800ms]
09-09 19:05:35.492 18887 18924 D UMS_Agent: resetTimer
09-09 19:05:35.620  1505  1742 D BatteryService: Processing new values: info={.chargerAcOnline = false, .chargerUsbOnline = true, .chargerWirelessOnline = false, .maxChargingCurrent = 500000, .maxChargingVoltage = 5000000, .batteryStatus = FULL, .batteryHealth = GOOD, .batteryPresent = true, .batteryLevel = 100, .batteryVoltage = 4353, .batteryTemperature = 290, .batteryCurrent = -2, .batteryCycleCount = 4, .batteryFullCharge = 3163000, .batteryChargeCounter = 3177369, .batteryTechnology = Li-ion}, mBatteryLevelCritical=false, mPlugType=2
09-09 19:05:35.621  1505  1742 I BatteryService: shutdownIfLowCurrentLocked batteryLevel = 100 , hasChargingCurrent = true(isPowered=true,batteryCurrent=-2,hardware=qcom) , hitShutdownVoltage = true(batteryVoltage=4353,mBatteryMinVoltage=-1) , isSystemReady = true
09-09 19:05:35.621  1505  1742 D BatteryService: Sending ACTION_BATTERY_CHANGED. scale:100, info:{.chargerAcOnline = false, .chargerUsbOnline = true, .chargerWirelessOnline = false, .maxChargingCurrent = 500000, .maxChargingVoltage = 5000000, .batteryStatus = FULL, .batteryHealth = GOOD, .batteryPresent = true, .batteryLevel = 100, .batteryVoltage = 4353, .batteryTemperature = 290, .batteryCurrent = -2, .batteryCycleCount = 4, .batteryFullCharge = 3163000, .batteryChargeCounter = 3177369, .batteryTechnology = Li-ion}, EXTRA_WIRELESS_CHARGER_DISABLE = false
09-09 19:05:35.622  1505  1706 D BatteryStatsImpl: resetWhenChargingLongTime resetTime=25200000 ,mchargingUPTime=1558901157 , (resetTime-(uptime-mchargingUPTime))=22199942 ,onBattery=false
09-09 19:05:35.629 21322 21322 I [BatteryProtectApp]: ACTION_BATTERY_CHANGED -> Temprature : 29.0
09-09 19:05:35.631 21322 21322 I [BatteryProtectApp]: DetectBatteryService: MaxTempShutDown : false
09-09 19:05:35.631 21322 21322 I [BatteryProtectApp]: DetectBatteryService: LowTempShutDown : false
09-09 19:05:35.632   760   760 V LocSvc_HIDL_IzatSubscription: [batteryLevelUpdate][777] [HS] <<<<= [HC]
09-09 19:05:35.632  2841  2841 D QtiCarrierConfigHelper: WARNING, no carrier configs on phone Id: 0
09-09 19:05:35.631  2538  2538 I chatty  : uid=10130(com.android.systemui) expire 13 lines
09-09 19:05:35.635 21322 21322 I [BatteryProtectApp]: IS_SUPPORT_DECREASE_CHARGING : true
09-09 19:05:35.710  1505 14033 I chatty  : uid=1000(system) Binder:1505_1C expire 16 lines
09-09 19:05:35.843 18562 18604 D UMS_Agent: resetTimer
09-09 19:05:36.219 18935 18975 D UMS_Agent: resetTimer
09-09 19:05:36.396 18782 18816 D UMS_Agent: resetTimer
09-09 19:05:36.588  1505  2376 I chatty  : uid=1000(system) WifiStateMachin expire 69 lines
09-09 19:05:36.635  2538  2658 I chatty  : uid=10130(com.android.systemui) SysUiBg expire 12 lines
09-09 19:05:37.552  1019  1141 E storaged: getDiskStats failed with result NOT_SUPPORTED and size 0
09-09 19:05:37.788  7236  7299 D WorkerThreadMonitor: Kill MSF check result[ senderSize:0,sendInterval:12248700,receiveInterval=12248699,addCmdCount=0
09-09 19:05:37.890 18887 18927 D UMS_Agent: resetTimer
09-09 19:05:38.074 18935 18977 D UMS_Agent: resetTimer
09-09 19:05:38.598 18562 18726 I beacon  : url=http://beacon-api.aliyuncs.com/beacon/fetch/config/byappkey
09-09 19:05:38.637  1505  1726 D AutomaticBrightnessController: updateAmbientLux Ring =[48.0 / 2300ms, 49.0 / 199ms, 48.0 / 3799ms, 47.0 / 202ms, 48.0 / 200ms, 49.0 / 604ms, 50.0 / 195ms, 52.0 / 200ms, 53.0 / 200ms, 54.0 / 200ms, 56.0 / 401ms, 57.0 / 199ms, 56.0 / 1302ms]
09-09 19:05:38.637  1505  1726 D AutomaticBrightnessController: updateAmbientLux Light sensor value: 56 lux.
09-09 19:05:38.637  1505  1726 D SettingsProvider: Brightness >> Calling : android >> Pid : 1505 : screen_brightness =  37
09-09 19:05:38.642  1505  1505 V SettingsProvider: Notifying for 0: content://settings/system/screen_brightness
09-09 19:05:38.643  1505  1726 D SettingsProvider: Brightness >> Calling : android >> Pid : 1505 : screen_brightness =  37
09-09 19:05:38.653  1505  2501 D DisplayManagerService: Set backlight to 35
09-09 19:05:38.655   742   742 D qdlights: write_int: write 35 to /sys/class/leds/lcd-backlight/brightness
09-09 19:05:38.656   742   742 D qdlights: write_int: fd opened :
09-09 19:05:38.656   742   742 D qdlights: write_int: amt = 3, value = 35
09-09 19:05:38.656   742   742 D qdlights: 
09-09 19:05:38.668  1505  1726 D SettingsProvider: Brightness >> Calling : android >> Pid : 1505 : screen_brightness =  37
09-09 19:05:38.669  1505  2501 D DisplayManagerService: Set backlight to 37
09-09 19:05:38.670   742   742 D qdlights: write_int: write 37 to /sys/class/leds/lcd-backlight/brightness
09-09 19:05:38.670   742   742 D qdlights: write_int: fd opened :
09-09 19:05:38.670   742   742 D qdlights: write_int: amt = 3, value = 37
09-09 19:05:38.670   742   742 D qdlights: 
09-09 19:05:38.717 18562 18726 I beacon  : [fetchByAppKey] result: {"errCode":"OK","result":[{"value":"{\"status\":\"normal\",\"ut\":\"enable\"}","key":"___push_service___"},{"value":"{\"status\":\"normal\",\"ut\":\"enable\"}","key":"___hotfix_service___"},{"value":"{\"status\":\"normal\",\"ut\":\"enable\"}","key":"___feedback_service___"},{"value":"{\"status\":\"normal\",\"ut\":\"enable\",\"ip-ranking\":\"enable\"}","key":"___httpdns_service___"}]}
09-09 19:05:38.717 18562 18726 E MPS:BeaconManager: parse beacon config
09-09 19:05:38.717 18562 18726 D MPS:BeaconManager: beacon key:___push_service___; beacon value:{"status":"normal","ut":"enable"}
09-09 19:05:38.717 18562 18726 D MPS:BeaconManager: push configs:{"status":"normal","ut":"enable"}
09-09 19:05:38.717 18562 18726 D MPS:BeaconManager: is report enabled:enable
09-09 19:05:38.717 18562 18726 D MPS:BeaconManager: beacon key:___hotfix_service___; beacon value:{"status":"normal","ut":"enable"}
09-09 19:05:38.724  3261  3261 D FileOperator: Mode change to WRITE_MODE!
09-09 19:05:38.726 18562 18726 D MPS:BeaconManager: beacon key:___feedback_service___; beacon value:{"status":"normal","ut":"enable"}
09-09 19:05:38.726 18562 18726 D MPS:BeaconManager: beacon key:___httpdns_service___; beacon value:{"status":"normal","ut":"enable","ip-ranking":"enable"}
09-09 19:05:39.084 21095 21346 D HomeActivity: 22 : showNextSearchword == 
09-09 19:05:39.672  1505  2785 I chatty  : uid=1000(system) Binder:1505_6 expire 12 lines
09-09 19:05:39.672  1505  1568 I chatty  : uid=1000(system) Binder:1505_2 expire 10 lines
09-09 19:05:39.674  1505  7433 I chatty  : uid=1000(system) Binder:1505_14 expire 11 lines
09-09 19:05:39.718 18782 18851 I beacon  : url=http://beacon-api.aliyuncs.com/beacon/fetch/config/byappkey
09-09 19:05:39.801 18782 18851 I beacon  : [fetchByAppKey] result: {"errCode":"OK","result":[{"value":"{\"status\":\"normal\",\"ut\":\"enable\"}","key":"___push_service___"},{"value":"{\"status\":\"normal\",\"ut\":\"enable\"}","key":"___hotfix_service___"},{"value":"{\"status\":\"normal\",\"ut\":\"enable\"}","key":"___feedback_service___"},{"value":"{\"status\":\"normal\",\"ut\":\"enable\",\"ip-ranking\":\"enable\"}","key":"___httpdns_service___"}]}
09-09 19:05:39.801 18782 18851 E MPS:BeaconManager: parse beacon config
09-09 19:05:39.802 18782 18851 D MPS:BeaconManager: beacon key:___push_service___; beacon value:{"status":"normal","ut":"enable"}
09-09 19:05:39.802 18782 18851 D MPS:BeaconManager: push configs:{"status":"normal","ut":"enable"}
09-09 19:05:39.804 18782 18851 D MPS:BeaconManager: is report enabled:enable
09-09 19:05:39.804 18782 18851 D MPS:BeaconManager: beacon key:___hotfix_service___; beacon value:{"status":"normal","ut":"enable"}
09-09 19:05:39.804 18782 18851 D MPS:BeaconManager: beacon key:___feedback_service___; beacon value:{"status":"normal","ut":"enable"}
09-09 19:05:39.804 18782 18851 D MPS:BeaconManager: beacon key:___httpdns_service___; beacon value:{"status":"normal","ut":"enable","ip-ranking":"enable"}
09-09 19:05:42.770   740 27666 I chatty  : uid=1000(system) HwBinder:740_3 expire 10 lines
09-09 19:05:44.090 15023 15023 I chatty  : uid=10433(im.thebot.messenger) expire 710 lines
09-09 19:05:44.095 21095 21346 D HomeActivity: 23 : showNextSearchword == 
09-09 19:05:45.009 15023 15105 I chatty  : uid=10433(im.thebot.messenger) expire 92 lines
09-09 19:05:45.059 15023 15164 I chatty  : uid=10433(im.thebot.messenger) expire 11 lines
09-09 19:05:45.590 20237 31391 E PlayCommon: [14046] gdm.e: Failed to connect to server for server timestamp: java.net.SocketTimeoutException: failed to connect to play.googleapis.com/172.217.27.138 (port 443) from /10.0.0.44 (port 49082) after 10000ms
09-09 19:05:45.590 20237 31391 W PlayCommon: [14046] gdm.a: No account for auth token provided
09-09 19:05:45.591 20237 31393 I PlayCommon: [14048] gdm.e: Connecting to server for timestamp: https://play.googleapis.com/play/log/timestamp
09-09 19:05:45.592 20237 31391 I PlayCommon: [14046] gdm.e: Connecting to server: https://play.googleapis.com/play/log?format=raw&proto_v2=true
09-09 19:05:46.736  1505  1726 D AutomaticBrightnessController: RingBuffer :[49.0 / 195ms, 50.0 / 195ms, 52.0 / 200ms, 53.0 / 200ms, 54.0 / 200ms, 56.0 / 401ms, 57.0 / 199ms, 56.0 / 3004ms, 57.0 / 598ms, 58.0 / 198ms, 57.0 / 205ms, 56.0 / 795ms, 57.0 / 204ms, 56.0 / 799ms, 57.0 / 604ms, 56.0 / 2994ms]
09-09 19:05:49.127 21095 21346 D HomeActivity: 24 : showNextSearchword == 
09-09 19:05:49.768  1505  2375 I chatty  : uid=1000(system) WifiService expire 32 lines
09-09 19:05:51.135 20237 18639 W RecoverableKeyStoreGms: [EnrollmentManager] Failed to download certificate.
09-09 19:05:51.139 20237 18639 I RecoverableKeyStoreGms: [RecoverableKeyStoreGmsGcmTaskChimeraService] Cert download and update status=[CERT_DOWNLOAD_FAILED]
09-09 19:05:51.356 19943 29721 W Uploader: liujing@algento.com no longer exists, so no auth token.
09-09 19:05:51.377  1505  1568 I chatty  : uid=1000(system) Binder:1505_2 expire 65 lines
09-09 19:05:51.393 19943 29721 W Uploader: liujing@algento.com no longer exists, so no auth token.
09-09 19:05:53.657 18634 18679 D UMS_Agent: resetTimer
09-09 19:05:53.660 18634 18683 D UMS_Agent: resetTimer
09-09 19:05:54.133 21095 21346 D HomeActivity: 25 : showNextSearchword == 
09-09 19:05:57.138  1505  1726 D AutomaticBrightnessController: RingBuffer :[56.0 / 199ms, 57.0 / 204ms, 56.0 / 597ms, 57.0 / 399ms, 56.0 / 1000ms, 57.0 / 200ms, 56.0 / 600ms, 57.0 / 2002ms, 56.0 / 199ms, 57.0 / 1399ms, 58.0 / 200ms, 57.0 / 200ms, 58.0 / 200ms, 57.0 / 201ms, 58.0 / 400ms, 57.0 / 1199ms, 58.0 / 200ms, 57.0 / 601ms, 58.0 / 601ms]
09-09 19:05:57.816 15023 15023 I chatty  : uid=10433(im.thebot.messenger) expire 1111 lines
09-09 19:05:57.952   740 27666 I chatty  : uid=1000(system) HwBinder:740_3 expire 121 lines
09-09 19:05:59.168 21095 21346 D HomeActivity: 26 : showNextSearchword == 
09-09 19:05:59.273 15023 15105 I chatty  : uid=10433(im.thebot.messenger) expire 39 lines
09-09 19:06:00.001  2538  2538 I chatty  : uid=10130(com.android.systemui) expire 42 lines
09-09 19:06:00.027 22225 22566 I ScreenReceiver: onReceive run action:android.intent.action.TIME_TICK
09-09 19:06:00.027 22225 22566 I ScreenReceiver: android.intent.action.TIME_TICK
09-09 19:06:00.030 22225 22566 I AWUpdateRunnable: mWidgetArr:1, strategy:ViewUpdateStrategy
09-09 19:06:00.030 22225 22566 I AWUpdateRunnable: run strategy:ViewUpdateStrategy, type:TIME_TICK
09-09 19:06:00.038 17611 17611 E TimerManager: Action : android.intent.action.TIME_TICK
09-09 19:06:00.053 21095 21095 E TimerManager: Action : android.intent.action.TIME_TICK
09-09 19:06:00.067 19984 19984 D PagedView: PagedView.onMeasure(): 1080, 2280
09-09 19:06:00.067 19984 19984 D PagedView: PagedView.scaledSize: 1080, 2280
09-09 19:06:00.067 19984 19984 D PagedView: PagedView.parentSize: 4560, 4560
09-09 19:06:00.067 19984 19984 D PagedView: PagedView.horizontalPadding: 42
09-09 19:06:00.067 19984 19984 D PagedView: PagedView.verticalPadding: 312
09-09 19:06:00.068 19984 19984 D PagedView: PagedView.onLayout()
09-09 19:06:00.069 19984 19984 D PagedView: 	layout-child0: 0, 0
09-09 19:06:00.069 19984 19984 D PagedView: 	layout-child1: 1101, 89
09-09 19:06:00.069 19984 19984 D PagedView: 	layout-child2: 2161, 89
09-09 19:06:00.069 19984 19984 D PagedView: 	layout-child3: 3221, 89
09-09 19:06:00.069 19984 19984 I ItemLongClick: DragDriver : null, Options : null, isAccessibleDrag : false
09-09 19:06:00.084 19984 19984 D PagedView: PagedView.onMeasure(): 1080, 2280
09-09 19:06:00.084 19984 19984 D PagedView: PagedView.scaledSize: 1080, 2280
09-09 19:06:00.084 19984 19984 D PagedView: PagedView.parentSize: 4560, 4560
09-09 19:06:00.084 19984 19984 D PagedView: PagedView.horizontalPadding: 42
09-09 19:06:00.084 19984 19984 D PagedView: PagedView.verticalPadding: 312
09-09 19:06:00.085 19984 19984 D PagedView: PagedView.onLayout()
09-09 19:06:00.085 19984 19984 D PagedView: 	layout-child0: 0, 0
09-09 19:06:00.085 19984 19984 D PagedView: 	layout-child1: 1101, 89
09-09 19:06:00.085 19984 19984 D PagedView: 	layout-child2: 2161, 89
09-09 19:06:00.085 19984 19984 D PagedView: 	layout-child3: 3221, 89
09-09 19:06:00.085 19984 19984 I ItemLongClick: DragDriver : null, Options : null, isAccessibleDrag : false
09-09 19:06:00.102 19984 19984 D PagedView: PagedView.onMeasure(): 1080, 2280
09-09 19:06:00.102 19984 19984 D PagedView: PagedView.scaledSize: 1080, 2280
09-09 19:06:00.102 19984 19984 D PagedView: PagedView.parentSize: 4560, 4560
09-09 19:06:00.102 19984 19984 D PagedView: PagedView.horizontalPadding: 42
09-09 19:06:00.102 19984 19984 D PagedView: PagedView.verticalPadding: 312
09-09 19:06:00.103 19984 19984 D PagedView: PagedView.onLayout()
09-09 19:06:00.103 19984 19984 D PagedView: 	layout-child0: 0, 0
09-09 19:06:00.103 19984 19984 D PagedView: 	layout-child1: 1101, 89
09-09 19:06:00.103 19984 19984 D PagedView: 	layout-child2: 2161, 89
09-09 19:06:00.103 19984 19984 D PagedView: 	layout-child3: 3221, 89
09-09 19:06:00.103 19984 19984 I ItemLongClick: DragDriver : null, Options : null, isAccessibleDrag : false
09-09 19:06:00.871  1505  2376 I chatty  : uid=1000(system) WifiStateMachin expire 65 lines
09-09 19:06:00.878  1505  2785 I chatty  : uid=1000(system) Binder:1505_6 expire 18 lines
09-09 19:06:01.121 15023 15164 I chatty  : uid=10433(im.thebot.messenger) expire 4 lines
09-09 19:06:01.732   760   760 V LocSvc_HIDL_IzatOsNpGlue: [locationChanged][95] [HS] <<<<= [HC]
09-09 19:06:01.732   760  3971 E LocSvc_libulp: ulp_brain_transition_all_providers, no QUIPC/GNSS transition logic run due to both engines are OFF 
09-09 19:06:01.733   760  2744 V LocSvc_HIDL_IzatProvider: [onLocationChanged][72] [HS] =>>>> [HC]
09-09 19:06:03.122 18562 18601 D UMS_Agent: resetTimer
09-09 19:06:03.243  1505  2378 I chatty  : uid=1000(system) WifiScanningSer expire 26 lines
09-09 19:06:03.264 21131 21131 D wpa_supplicant: nl80211: Drv Event 33 (NL80211_CMD_TRIGGER_SCAN) received for wlan0
09-09 19:06:03.264 21131 21131 D wpa_supplicant: wlan0: nl80211: Scan trigger
09-09 19:06:03.265 21131 21131 D wpa_supplicant: wlan0: Event SCAN_STARTED (46) received
