09-09 19:04:09.218  1505  1505 D NotificationService: handleSavePolicyFile
09-09 19:04:09.225   740 27666 D SDM     : DisplayBase::BuildLayerStackStats: LayerStack layer_count: 6, app_layer_count: 5, gpu_target_index: 5, display type: 0
09-09 19:04:09.228  4456 28769 I UpdateBackgroundOpsService: intent.getAction() = update_apps_background
09-09 19:04:09.241   740 27666 D SDM     : DisplayBase::BuildLayerStackStats: LayerStack layer_count: 6, app_layer_count: 5, gpu_target_index: 5, display type: 0
09-09 19:04:09.258   740 27666 D SDM     : DisplayBase::BuildLayerStackStats: LayerStack layer_count: 6, app_layer_count: 5, gpu_target_index: 5, display type: 0
09-09 19:04:09.270 18562 28691 W .cubic.autohom: resources.arsc in APK '/system/product/CDA/items/QQBrowser/QQBrowser.apk' is compressed.
09-09 19:04:09.275   740 27666 D SDM     : DisplayBase::BuildLayerStackStats: LayerStack layer_count: 6, app_layer_count: 5, gpu_target_index: 5, display type: 0
09-09 19:04:09.291   740 27666 D SDM     : DisplayBase::BuildLayerStackStats: LayerStack layer_count: 6, app_layer_count: 5, gpu_target_index: 5, display type: 0
09-09 19:04:09.308   740 27666 D SDM     : DisplayBase::BuildLayerStackStats: LayerStack layer_count: 6, app_layer_count: 5, gpu_target_index: 5, display type: 0
09-09 19:04:09.309  1505  7433 I AccessibilityManagerService: Added user client for pid:28692 and userId:0
09-09 19:04:09.324 28692 28692 I DecorView: It support bigbang
09-09 19:04:09.325   740 27666 D SDM     : DisplayBase::BuildLayerStackStats: LayerStack layer_count: 6, app_layer_count: 5, gpu_target_index: 5, display type: 0
09-09 19:04:09.329 28692 28692 I PhoneWindow: isNeedChangeNaviBarColor taskInfo: [android.app.ActivityManager$RunningTaskInfo@4dd7e95] size: 1
09-09 19:04:09.329 28692 28692 I PhoneWindow: isAPPNeedChange pkgName: com.test.ffmpegvideoplay needKeep: false
09-09 19:04:09.329 28692 28692 I PhoneWindow: isNeedChangeNaviBarColor false
09-09 19:04:09.329 28692 28692 I PhoneWindow: generateLayout mNavigationBarColor: ff000000
09-09 19:04:09.329 28692 28692 I PhoneWindow: generateLayout isLightNavi false, Visibility: 0
09-09 19:04:09.341   740 27666 D SDM     : DisplayBase::BuildLayerStackStats: LayerStack layer_count: 6, app_layer_count: 5, gpu_target_index: 5, display type: 0
09-09 19:04:09.358   740 27666 D SDM     : DisplayBase::BuildLayerStackStats: LayerStack layer_count: 6, app_layer_count: 5, gpu_target_index: 5, display type: 0
09-09 19:04:09.375   740 27666 D SDM     : DisplayBase::BuildLayerStackStats: LayerStack layer_count: 6, app_layer_count: 5, gpu_target_index: 5, display type: 0
09-09 19:04:09.391   740 27666 D SDM     : DisplayBase::BuildLayerStackStats: LayerStack layer_count: 6, app_layer_count: 5, gpu_target_index: 5, display type: 0
09-09 19:04:09.408   740 27666 D SDM     : DisplayBase::BuildLayerStackStats: LayerStack layer_count: 6, app_layer_count: 5, gpu_target_index: 5, display type: 0
09-09 19:04:09.425   740 27666 D SDM     : DisplayBase::BuildLayerStackStats: LayerStack layer_count: 6, app_layer_count: 5, gpu_target_index: 5, display type: 0
09-09 19:04:09.429 28692 28692 W ffmpegvideopla: Accessing hidden method Landroid/view/View;->computeFitSystemWindows(Landroid/graphics/Rect;Landroid/graphics/Rect;)Z (light greylist, reflection)
09-09 19:04:09.430 28692 28692 W ffmpegvideopla: Accessing hidden method Landroid/view/ViewGroup;->makeOptionalFitsSystemWindows()V (light greylist, reflection)
09-09 19:04:09.441   740 27666 D SDM     : DisplayBase::BuildLayerStackStats: LayerStack layer_count: 6, app_layer_count: 5, gpu_target_index: 5, display type: 0
09-09 19:04:09.453 18562 28691 W .cubic.autohom: resources.arsc in APK '/data/app/com.xingin.xhs-9hVUhacR6kA_CwmlDGGlWA==/base.apk' is compressed.
09-09 19:04:09.458   740 27666 D SDM     : DisplayBase::BuildLayerStackStats: LayerStack layer_count: 6, app_layer_count: 5, gpu_target_index: 5, display type: 0
09-09 19:04:09.475   740 27666 D SDM     : DisplayBase::BuildLayerStackStats: LayerStack layer_count: 6, app_layer_count: 5, gpu_target_index: 5, display type: 0
09-09 19:04:09.491   740 27666 D SDM     : DisplayBase::BuildLayerStackStats: LayerStack layer_count: 6, app_layer_count: 5, gpu_target_index: 5, display type: 0
09-09 19:04:09.508   740 27666 D SDM     : DisplayBase::BuildLayerStackStats: LayerStack layer_count: 6, app_layer_count: 5, gpu_target_index: 5, display type: 0
09-09 19:04:09.519 20237 23916 I Icing   : IndexChimeraService.getServiceInterface callingPackage=com.google.android.gms componentName=AppsCorpus serviceId=36
09-09 19:04:09.520 20237 32345 I Icing   : IndexChimeraService.getServiceInterface callingPackage=com.google.android.gms componentName=AppsCorpus serviceId=32
09-09 19:04:09.525   740 27666 D SDM     : DisplayBase::BuildLayerStackStats: LayerStack layer_count: 6, app_layer_count: 5, gpu_target_index: 5, display type: 0
09-09 19:04:09.530 20237 28765 W Icing   : No valid account for uploading user actions: adpe: Not signed in
09-09 19:04:09.542   740 27666 D SDM     : DisplayBase::BuildLayerStackStats: LayerStack layer_count: 6, app_layer_count: 5, gpu_target_index: 5, display type: 0
09-09 19:04:09.551 28692 28692 D OpenGLRenderer: Skia GL Pipeline
09-09 19:04:09.558   740 27666 D SDM     : DisplayBase::BuildLayerStackStats: LayerStack layer_count: 6, app_layer_count: 5, gpu_target_index: 5, display type: 0
09-09 19:04:09.575   740 27666 D SDM     : DisplayBase::BuildLayerStackStats: LayerStack layer_count: 6, app_layer_count: 5, gpu_target_index: 5, display type: 0
09-09 19:04:09.591   740 27666 D SDM     : DisplayBase::BuildLayerStackStats: LayerStack layer_count: 6, app_layer_count: 5, gpu_target_index: 5, display type: 0
09-09 19:04:09.601 20237 28765 I Icing   : Usage reports ok 1, Failed Usage reports 0, indexed 0, rejected 0
09-09 19:04:09.604 20237 28765 W Icing   : No valid account for uploading user actions: adpe: Not signed in
09-09 19:04:09.609   740 27666 D SDM     : DisplayBase::BuildLayerStackStats: LayerStack layer_count: 6, app_layer_count: 5, gpu_target_index: 5, display type: 0
09-09 19:04:09.618 20237 28765 I Icing   : Usage reports ok 0, Failed Usage reports 0, indexed 0, rejected 0
09-09 19:04:09.624 28692 28692 I PressGestureDetector: deviceProvisioned=true
09-09 19:04:09.626   740 27666 D SDM     : DisplayBase::BuildLayerStackStats: LayerStack layer_count: 6, app_layer_count: 5, gpu_target_index: 5, display type: 0
09-09 19:04:09.643   740 27666 D SDM     : DisplayBase::BuildLayerStackStats: LayerStack layer_count: 6, app_layer_count: 5, gpu_target_index: 5, display type: 0
09-09 19:04:09.658   740 27666 D SDM     : DisplayBase::BuildLayerStackStats: LayerStack layer_count: 6, app_layer_count: 5, gpu_target_index: 5, display type: 0
09-09 19:04:09.676 28692 28772 I Adreno  : QUALCOMM build                   : a4d39a0, I6fd668c4d3
09-09 19:04:09.676 28692 28772 I Adreno  : Build Date                       : 10/05/18
09-09 19:04:09.676 28692 28772 I Adreno  : OpenGL ES Shader Compiler Version: EV031.25.03.01
09-09 19:04:09.676 28692 28772 I Adreno  : Local Branch                     : 
09-09 19:04:09.676 28692 28772 I Adreno  : Remote Branch                    : refs/tags/AU_LINUX_ANDROID_LA.UM.7.2.R1.09.00.00.442.049
09-09 19:04:09.676 28692 28772 I Adreno  : Remote Branch                    : NONE
09-09 19:04:09.676 28692 28772 I Adreno  : Reconstruct Branch               : NOTHING
09-09 19:04:09.676 28692 28772 I Adreno  : Build Config                     : S L 6.0.7 AArch64
09-09 19:04:09.676   740 27666 D SDM     : DisplayBase::BuildLayerStackStats: LayerStack layer_count: 6, app_layer_count: 5, gpu_target_index: 5, display type: 0
09-09 19:04:09.681 28692 28772 I Adreno  : PFP: 0x005ff112, ME: 0x005ff066
09-09 19:04:09.686 28692 28772 I ConfigStore: android::hardware::configstore::V1_0::ISurfaceFlingerConfigs::hasWideColorDisplay retrieved: 0
09-09 19:04:09.686 28692 28772 I ConfigStore: android::hardware::configstore::V1_0::ISurfaceFlingerConfigs::hasHDRDisplay retrieved: 0
09-09 19:04:09.687 28692 28772 I OpenGLRenderer: Initialized EGL, version 1.4
09-09 19:04:09.687 28692 28772 D OpenGLRenderer: Swap behavior 2
09-09 19:04:09.691 18562 28691 D PackageItemInfo: loadLabel() sume= ,sume1=
09-09 19:04:09.693   740 27666 D SDM     : DisplayBase::BuildLayerStackStats: LayerStack layer_count: 6, app_layer_count: 5, gpu_target_index: 5, display type: 0
09-09 19:04:09.709   740 27666 D SDM     : DisplayBase::BuildLayerStackStats: LayerStack layer_count: 6, app_layer_count: 5, gpu_target_index: 5, display type: 0
09-09 19:04:09.725   740 27666 D SDM     : DisplayBase::BuildLayerStackStats: LayerStack layer_count: 6, app_layer_count: 5, gpu_target_index: 5, display type: 0
09-09 19:04:09.741   740 27666 D SDM     : DisplayBase::BuildLayerStackStats: LayerStack layer_count: 6, app_layer_count: 5, gpu_target_index: 5, display type: 0
09-09 19:04:09.749  1505  1706 I chatty  : uid=1000(system) batterystats-wo expire 18 lines
09-09 19:04:09.759   740 27666 D SDM     : DisplayBase::BuildLayerStackStats: LayerStack layer_count: 6, app_layer_count: 5, gpu_target_index: 5, display type: 0
09-09 19:04:09.764  1505  1706 E BatteryExternalStatsWorker: no controller energy info supplied for bluetooth
09-09 19:04:09.776   740 27666 D SDM     : DisplayBase::BuildLayerStackStats: LayerStack layer_count: 6, app_layer_count: 5, gpu_target_index: 5, display type: 0
09-09 19:04:09.786  1505  1706 W BatteryExternalStatsWorker: modem info is invalid: ModemActivityInfo{ mTimestamp=4089852543 mSleepTimeMs=-639542965 mIdleTimeMs=420340282 mTxTimeMs[]=[0, 0, 0, 0, 0] mRxTimeMs=14187815 mEnergyUsed=0}
09-09 19:04:09.792   740 27666 D SDM     : DisplayBase::BuildLayerStackStats: LayerStack layer_count: 6, app_layer_count: 5, gpu_target_index: 5, display type: 0
09-09 19:04:09.797  3261  3261 D DataBatteryUsageRecord: type: WIFI mIsCharging: true diffBytes: 50488 lastBytes: 4359050602 currentBytes: 4359101090
09-09 19:04:09.797  3261  3261 D DataBatteryUsageRecord: type: MOBILE mIsCharging: true diffBytes: 0 lastBytes: 0 currentBytes: 0
09-09 19:04:09.797  3261  3261 I AlarmRecord: getAlarmDumpInfo()
09-09 19:04:09.809   740 27666 D SDM     : DisplayBase::BuildLayerStackStats: LayerStack layer_count: 6, app_layer_count: 5, gpu_target_index: 5, display type: 0
09-09 19:04:09.825   740 27666 D SDM     : DisplayBase::BuildLayerStackStats: LayerStack layer_count: 6, app_layer_count: 5, gpu_target_index: 5, display type: 0
09-09 19:04:09.842   740 27666 D SDM     : DisplayBase::BuildLayerStackStats: LayerStack layer_count: 6, app_layer_count: 5, gpu_target_index: 5, display type: 0
09-09 19:04:09.855  3261  3261 I PowerCalculator: writeToTable: 20190909190409,180,1.0,32.2,(0.0,92:4:4,154:2:0,153:0:3,45:2:0,31:1:1),50488,0,-0.05,100,129.0,P0Q0,3:0,,,,(),-1,0,6,0,B0,3163,(),0,0,0,0
09-09 19:04:09.855  3261  3261 D FileOperator: Mode change to WRITE_MODE!
09-09 19:04:09.859   740 27666 D SDM     : DisplayBase::BuildLayerStackStats: LayerStack layer_count: 6, app_layer_count: 5, gpu_target_index: 5, display type: 0
09-09 19:04:09.866  3261 28781 I PowerLog.PwlUtils: fusedValue = true
09-09 19:04:09.866  3261 28781 I DataBatteryUsageRecord: setDataUsageUpdateFlag!!
09-09 19:04:09.866  3261 28781 D DataBatteryUsageRecord: updateBatteryUsageRecord!!
09-09 19:04:09.866  3261 28781 D DataBatteryUsageRecord: processAppDataUsage!!
09-09 19:04:09.870  3261  3261 D FileOperator: Mode change to WRITE_MODE!
09-09 19:04:09.871  3261  3261 D FileOperator: Mode change to WRITE_MODE!
09-09 19:04:09.875   740 27666 D SDM     : DisplayBase::BuildLayerStackStats: LayerStack layer_count: 6, app_layer_count: 5, gpu_target_index: 5, display type: 0
09-09 19:04:09.892   740 27666 D SDM     : DisplayBase::BuildLayerStackStats: LayerStack layer_count: 6, app_layer_count: 5, gpu_target_index: 5, display type: 0
09-09 19:04:09.909   740 27666 D SDM     : DisplayBase::BuildLayerStackStats: LayerStack layer_count: 6, app_layer_count: 5, gpu_target_index: 5, display type: 0
09-09 19:04:09.919  1505  1724 I chatty  : uid=1000(system) android.display expire 2 lines
09-09 19:04:09.926   740 27666 D SDM     : DisplayBase::BuildLayerStackStats: LayerStack layer_count: 6, app_layer_count: 5, gpu_target_index: 5, display type: 0
09-09 19:04:09.935  1505  2389 I chatty  : uid=1000(system) Binder:1505_3 expire 10 lines
09-09 19:04:09.943   740 27666 D SDM     : DisplayBase::BuildLayerStackStats: LayerStack layer_count: 6, app_layer_count: 5, gpu_target_index: 5, display type: 0
09-09 19:04:09.962   740 27666 D SDM     : DisplayBase::BuildLayerStackStats: LayerStack layer_count: 8, app_layer_count: 7, gpu_target_index: 7, display type: 0
09-09 19:04:09.976 18562 28691 W .cubic.autohom: resources.arsc in APK '/data/app/com.tencent.qqlive-EUFZ4dkbFOEbUTiHWMwBFA==/base.apk' is compressed.
09-09 19:04:09.976   740 27666 D SDM     : DisplayBase::BuildLayerStackStats: LayerStack layer_count: 8, app_layer_count: 7, gpu_target_index: 7, display type: 0
09-09 19:04:09.993   740 27666 D SDM     : DisplayBase::BuildLayerStackStats: LayerStack layer_count: 8, app_layer_count: 7, gpu_target_index: 7, display type: 0
09-09 19:04:10.009   740 27666 D SDM     : DisplayBase::BuildLayerStackStats: LayerStack layer_count: 8, app_layer_count: 7, gpu_target_index: 7, display type: 0
09-09 19:04:10.026   740 27666 D SDM     : DisplayBase::BuildLayerStackStats: LayerStack layer_count: 8, app_layer_count: 7, gpu_target_index: 7, display type: 0
09-09 19:04:10.043   740 27666 D SDM     : DisplayBase::BuildLayerStackStats: LayerStack layer_count: 8, app_layer_count: 7, gpu_target_index: 7, display type: 0
09-09 19:04:10.060   740 27666 D SDM     : DisplayBase::BuildLayerStackStats: LayerStack layer_count: 8, app_layer_count: 7, gpu_target_index: 7, display type: 0
09-09 19:04:10.076   740 27666 D SDM     : DisplayBase::BuildLayerStackStats: LayerStack layer_count: 8, app_layer_count: 7, gpu_target_index: 7, display type: 0
09-09 19:04:10.078   780   851 W SurfaceFlinger: Attempting to set client state on removed layer: Splash Screen com.test.ffmpegvideoplay#0
09-09 19:04:10.078   780   851 W SurfaceFlinger: Attempting to destroy on removed layer: Splash Screen com.test.ffmpegvideoplay#0
09-09 19:04:10.094   740 27666 D SDM     : DisplayBase::BuildLayerStackStats: LayerStack layer_count: 7, app_layer_count: 6, gpu_target_index: 6, display type: 0
09-09 19:04:10.097  3261 28781 I DataBatteryUsageRecord: getDataUsageToFile!!
09-09 19:04:10.097  3261 28781 I PowerLog.PwlUtils: fusedValue = true
09-09 19:04:10.103  3261 28781 D LOG_TAG : getWakelockUsageNew()!!
09-09 19:04:10.103  3261 28781 D PowerCalculator: saveUsageMapToFile 
09-09 19:04:10.103  3261 28781 D FileOperator: Mode change to WRITE_MODE!
09-09 19:04:10.104  3261 28781 D PowerCalculator: saveUsageMapToFile 
09-09 19:04:10.105  3261 28781 D FileOperator: Mode change to WRITE_MODE!
09-09 19:04:10.106  3261 28781 I PowerLog.PwlUtils: fusedValue = true
09-09 19:04:10.106  3261 28781 D PowerCalculator: topApCounter com.test.ffmpegvideoplay
09-09 19:04:10.106  3261 28781 I chatty  : uid=1000(system) com.evenwell.PowerMonitor identical 1 line
09-09 19:04:10.106  3261 28781 D PowerCalculator: topApCounter com.test.ffmpegvideoplay
09-09 19:04:10.109   740 27666 D SDM     : DisplayBase::BuildLayerStackStats: LayerStack layer_count: 7, app_layer_count: 6, gpu_target_index: 6, display type: 0
09-09 19:04:10.125   740 27666 D SDM     : DisplayBase::BuildLayerStackStats: LayerStack layer_count: 7, app_layer_count: 6, gpu_target_index: 6, display type: 0
09-09 19:04:10.141   740 27666 D SDM     : DisplayBase::BuildLayerStackStats: LayerStack layer_count: 7, app_layer_count: 6, gpu_target_index: 6, display type: 0
09-09 19:04:10.158   740 27666 D SDM     : DisplayBase::BuildLayerStackStats: LayerStack layer_count: 7, app_layer_count: 6, gpu_target_index: 6, display type: 0
09-09 19:04:10.175   740 27666 D SDM     : DisplayBase::BuildLayerStackStats: LayerStack layer_count: 7, app_layer_count: 6, gpu_target_index: 6, display type: 0
09-09 19:04:10.191   740 27666 D SDM     : DisplayBase::BuildLayerStackStats: LayerStack layer_count: 7, app_layer_count: 6, gpu_target_index: 6, display type: 0
09-09 19:04:10.208   740 27666 D SDM     : DisplayBase::BuildLayerStackStats: LayerStack layer_count: 7, app_layer_count: 6, gpu_target_index: 6, display type: 0
09-09 19:04:10.225   740 27666 D SDM     : DisplayBase::BuildLayerStackStats: LayerStack layer_count: 7, app_layer_count: 6, gpu_target_index: 6, display type: 0
09-09 19:04:10.242   740 27666 D SDM     : DisplayBase::BuildLayerStackStats: LayerStack layer_count: 7, app_layer_count: 6, gpu_target_index: 6, display type: 0
09-09 19:04:10.258   740 27666 D SDM     : DisplayBase::BuildLayerStackStats: LayerStack layer_count: 7, app_layer_count: 6, gpu_target_index: 6, display type: 0
09-09 19:04:10.275   740 27666 D SDM     : DisplayBase::BuildLayerStackStats: LayerStack layer_count: 7, app_layer_count: 6, gpu_target_index: 6, display type: 0
09-09 19:04:10.292   740 27666 D SDM     : DisplayBase::BuildLayerStackStats: LayerStack layer_count: 7, app_layer_count: 6, gpu_target_index: 6, display type: 0
09-09 19:04:10.308   740 27666 D SDM     : DisplayBase::BuildLayerStackStats: LayerStack layer_count: 7, app_layer_count: 6, gpu_target_index: 6, display type: 0
09-09 19:04:10.317 18562 28691 W .cubic.autohom: resources.arsc in APK '/data/app/com.ss.android.ugc.aweme-yDNbVFNCKFTTFalWd95FOA==/base.apk' is compressed.
09-09 19:04:10.325   740 27666 D SDM     : DisplayBase::BuildLayerStackStats: LayerStack layer_count: 7, app_layer_count: 6, gpu_target_index: 6, display type: 0
09-09 19:04:10.342   740 27666 D SDM     : DisplayBase::BuildLayerStackStats: LayerStack layer_count: 7, app_layer_count: 6, gpu_target_index: 6, display type: 0
09-09 19:04:10.358   740 27666 D SDM     : DisplayBase::BuildLayerStackStats: LayerStack layer_count: 7, app_layer_count: 6, gpu_target_index: 6, display type: 0
09-09 19:04:10.375   740 27666 D SDM     : DisplayBase::BuildLayerStackStats: LayerStack layer_count: 7, app_layer_count: 6, gpu_target_index: 6, display type: 0
09-09 19:04:10.391   740 27666 D SDM     : DisplayBase::BuildLayerStackStats: LayerStack layer_count: 7, app_layer_count: 6, gpu_target_index: 6, display type: 0
09-09 19:04:10.396 18562 28691 W .cubic.autohom: resources.arsc in APK '/data/app/com.baidu.video-Jbgfu4mhRL3iB5QeNzZUeA==/base.apk' is compressed.
09-09 19:04:10.409   740 27666 D SDM     : DisplayBase::BuildLayerStackStats: LayerStack layer_count: 7, app_layer_count: 6, gpu_target_index: 6, display type: 0
09-09 19:04:10.425   740 27666 D SDM     : DisplayBase::BuildLayerStackStats: LayerStack layer_count: 7, app_layer_count: 6, gpu_target_index: 6, display type: 0
09-09 19:04:10.442   740 27666 D SDM     : DisplayBase::BuildLayerStackStats: LayerStack layer_count: 7, app_layer_count: 6, gpu_target_index: 6, display type: 0
09-09 19:04:10.459   740 27666 D SDM     : DisplayBase::BuildLayerStackStats: LayerStack layer_count: 7, app_layer_count: 6, gpu_target_index: 6, display type: 0
09-09 19:04:10.475   740 27666 D SDM     : DisplayBase::BuildLayerStackStats: LayerStack layer_count: 7, app_layer_count: 6, gpu_target_index: 6, display type: 0
09-09 19:04:10.492   740 27666 D SDM     : DisplayBase::BuildLayerStackStats: LayerStack layer_count: 7, app_layer_count: 6, gpu_target_index: 6, display type: 0
09-09 19:04:10.508   740 27666 D SDM     : DisplayBase::BuildLayerStackStats: LayerStack layer_count: 7, app_layer_count: 6, gpu_target_index: 6, display type: 0
09-09 19:04:10.525   740 27666 D SDM     : DisplayBase::BuildLayerStackStats: LayerStack layer_count: 7, app_layer_count: 6, gpu_target_index: 6, display type: 0
09-09 19:04:10.542   740 27666 D SDM     : DisplayBase::BuildLayerStackStats: LayerStack layer_count: 7, app_layer_count: 6, gpu_target_index: 6, display type: 0
09-09 19:04:10.558   740 27666 D SDM     : DisplayBase::BuildLayerStackStats: LayerStack layer_count: 7, app_layer_count: 6, gpu_target_index: 6, display type: 0
09-09 19:04:10.575   740 27666 D SDM     : DisplayBase::BuildLayerStackStats: LayerStack layer_count: 7, app_layer_count: 6, gpu_target_index: 6, display type: 0
09-09 19:04:10.591   740 27666 D SDM     : DisplayBase::BuildLayerStackStats: LayerStack layer_count: 7, app_layer_count: 6, gpu_target_index: 6, display type: 0
09-09 19:04:10.608   740 27666 D SDM     : DisplayBase::BuildLayerStackStats: LayerStack layer_count: 7, app_layer_count: 6, gpu_target_index: 6, display type: 0
09-09 19:04:10.629 20237 28765 I Icing   : Indexing com.google.android.gms-apps from com.google.android.gms
09-09 19:04:10.691   740 27666 D SDM     : DisplayBase::BuildLayerStackStats: LayerStack layer_count: 7, app_layer_count: 6, gpu_target_index: 6, display type: 0
09-09 19:04:10.705 20237 28765 I Icing   : Indexing com.google.android.gms-internal.3p:MobileApplication from com.google.android.gms
09-09 19:04:10.719 20237 28765 I Icing   : Indexing com.google.android.gms-internal.3p:MusicGroup from com.google.android.gms
09-09 19:04:10.730 20237 28765 I Icing   : Indexing com.google.android.gms-internal.3p:MusicPlaylist from com.google.android.gms
09-09 19:04:10.737 20237 28765 I Icing   : Indexing com.google.android.gms-internal.3p:DigitalDocument from com.google.android.gms
09-09 19:04:10.747 20237 28765 I Icing   : Indexing com.google.android.gms-internal.3p:MusicAlbum from com.google.android.gms
09-09 19:04:10.755 20237 28765 I Icing   : Indexing com.google.android.gms-internal.3p:Message from com.google.android.gms
09-09 19:04:10.765 20237 28765 I Icing   : Indexing com.google.android.gms-internal.3p:Photograph from com.google.android.gms
09-09 19:04:10.773 20237 28765 I Icing   : Indexing com.google.android.gms-internal.3p:MusicRecording from com.google.android.gms
09-09 19:04:10.779 20237 28765 I Icing   : Indexing done com.google.android.gms-apps
09-09 19:04:10.782 20237 28765 I Icing   : Indexing done com.google.android.gms-internal.3p:MobileApplication
09-09 19:04:10.785 20237 28765 I Icing   : Indexing done com.google.android.gms-internal.3p:MusicGroup
09-09 19:04:10.789 20237 28765 I Icing   : Indexing done com.google.android.gms-internal.3p:MusicPlaylist
09-09 19:04:10.791 20237 28765 I Icing   : Indexing done com.google.android.gms-internal.3p:DigitalDocument
09-09 19:04:10.794 20237 28765 I Icing   : Indexing done com.google.android.gms-internal.3p:MusicAlbum
09-09 19:04:10.797 20237 28765 I Icing   : Indexing done com.google.android.gms-internal.3p:Message
09-09 19:04:10.799 20237 28765 I Icing   : Indexing done com.google.android.gms-internal.3p:Photograph
09-09 19:04:10.802 20237 28765 I Icing   : Indexing done com.google.android.gms-internal.3p:MusicRecording
09-09 19:04:10.978 18562 28691 W .cubic.autohom: resources.arsc in APK '/data/app/com.alibaba.android.rimet-i4IUGUK9zeNMkVGatRFKZw==/base.apk' is compressed.
09-09 19:04:11.061 15023 15105 I chatty  : uid=10433(im.thebot.messenger) expire 49 lines
09-09 19:04:11.075 15023 15023 I chatty  : uid=10433(im.thebot.messenger) expire 778 lines
09-09 19:04:11.155 18562 28691 W .cubic.autohom: resources.arsc in APK '/data/app/com.sina.weibo--QmGxPdTLfkBU3YvapK4Aw==/base.apk' is compressed.
09-09 19:04:11.288  3261 14791 D FileOperator: Mode change to WRITE_MODE!
09-09 19:04:11.570 18562 28691 W .cubic.autohom: resources.arsc in APK '/data/app/com.netease.cloudmusic-D8MSdufSBlmR9PGerpkpWg==/base.apk' is compressed.
09-09 19:04:11.607 18562 28691 W .cubic.autohom: resources.arsc in APK '/data/app/com.eg.android.AlipayGphone-d15KHbJHZ_hWqa8NE2dfUQ==/base.apk' is compressed.
09-09 19:04:11.661  1505  3238 V BackupManagerConstants: getFullBackupRequiredNetworkType(...) returns 2
09-09 19:04:11.661  1505  3238 V BackupManagerConstants: getFullBackupRequireCharging(...) returns true
09-09 19:04:11.718 18562 28713 D PackageItemInfo: loadLabel() sume= ,sume1=
09-09 19:04:13.151 21131 21131 D wpa_supplicant: nl80211: Drv Event 33 (NL80211_CMD_TRIGGER_SCAN) received for wlan0
09-09 19:04:13.151 21131 21131 D wpa_supplicant: wlan0: nl80211: Scan trigger
09-09 19:04:13.151 21131 21131 D wpa_supplicant: wlan0: Event SCAN_STARTED (46) received
09-09 19:04:13.151 21131 21131 D wpa_supplicant: wlan0: External program started a scan
09-09 19:04:13.175  1505  2750 I chatty  : uid=1000(system) NetworkTimeUpda expire 16 lines
09-09 19:04:13.309   740 27666 D SDM     : DisplayBase::BuildLayerStackStats: LayerStack layer_count: 7, app_layer_count: 6, gpu_target_index: 6, display type: 0
09-09 19:04:13.326   740 27666 D SDM     : DisplayBase::BuildLayerStackStats: LayerStack layer_count: 7, app_layer_count: 6, gpu_target_index: 6, display type: 0
09-09 19:04:13.409   740 27666 D SDM     : DisplayBase::BuildLayerStackStats: LayerStack layer_count: 7, app_layer_count: 6, gpu_target_index: 6, display type: 0
09-09 19:04:13.509   740 27666 D SDM     : DisplayBase::BuildLayerStackStats: LayerStack layer_count: 7, app_layer_count: 6, gpu_target_index: 6, display type: 0
09-09 19:04:13.526   740 27666 D SDM     : DisplayBase::BuildLayerStackStats: LayerStack layer_count: 7, app_layer_count: 6, gpu_target_index: 6, display type: 0
09-09 19:04:13.535 28692 28787 E LC XXX  :  /sdcard/Download/test.mp4
09-09 19:04:13.535 28692 28787 E LC XXX  : :   /sdcard/Download/test.mp4
09-09 19:04:13.536 28692 28787 E LC XXX  : 2222222 /sdcard/Download/test.mp4
09-09 19:04:13.537 28692 28788 E LC XXX  : avformat_open_input,    0
09-09 19:04:13.540 28692 28788 E LC XXX  : avformat_open_input,    0
09-09 19:04:13.542   740 27666 D SDM     : DisplayBase::BuildLayerStackStats: LayerStack layer_count: 7, app_layer_count: 6, gpu_target_index: 6, display type: 0
09-09 19:04:13.542 28692 28788 E LC XXX  : avformat_open_input,    0
09-09 19:04:13.547 28692 28788 I chatty  : uid=10429(com.test.ffmpegvideoplay) identical 29 lines
09-09 19:04:13.548 28692 28788 E LC XXX  : avformat_open_input,    0
09-09 19:04:13.559   740 27666 D SDM     : DisplayBase::BuildLayerStackStats: LayerStack layer_count: 7, app_layer_count: 6, gpu_target_index: 6, display type: 0
09-09 19:04:13.562 28692 28788 E LC XXX  : avformat_open_input,    0
09-09 19:04:13.567 28692 28788 E LC XXX  : avformat_open_input,    0
09-09 19:04:13.576   740 27666 D SDM     : DisplayBase::BuildLayerStackStats: LayerStack layer_count: 7, app_layer_count: 6, gpu_target_index: 6, display type: 0
09-09 19:04:13.580 28692 28788 E LC XXX  :  /sdcard/Download/test.mp4 
09-09 19:04:13.587 28692 28788 E LC XXX  : avformat_open_input,    0
09-09 19:04:13.592   740 27666 D SDM     : DisplayBase::BuildLayerStackStats: LayerStack layer_count: 7, app_layer_count: 6, gpu_target_index: 6, display type: 0
09-09 19:04:13.598 28692 28788 E LC XXX  : avformat_open_input,    0
09-09 19:04:13.599 28692 28788 E LC XXX  : avformat_open_input,    0
09-09 19:04:13.599 28692 28788 E LC XXX  : : 960, : 540, : 1/1 (/)
09-09 19:04:13.606 28692 28788 E LC XXX  :   0   
09-09 19:04:13.607 28692 28788 E LC XXX  :   0   
09-09 19:04:13.607 28692 28788 E LC XXX  : avformat_open_input,    0
09-09 19:04:13.607 28692 28788 E LC XXX  :   0   
09-09 19:04:13.607 28692 28788 E LC XXX  :   0   
09-09 19:04:13.607 28692 28788 E LC XXX  : avformat_open_input,    0
09-09 19:04:13.607 28692 28788 E LC XXX  :   0   
09-09 19:04:13.607 28692 28788 F libc    : Fatal signal 11 (SIGSEGV), code 1 (SEGV_MAPERR), fault addr 0x12 in tid 28788 (Thread-2), pid 28692 (ffmpegvideoplay)
09-09 19:04:13.607 28692 28788 E LC XXX  :   0   
09-09 19:04:13.609   740 27666 D SDM     : DisplayBase::BuildLayerStackStats: LayerStack layer_count: 7, app_layer_count: 6, gpu_target_index: 6, display type: 0
09-09 19:04:13.617 17611 17649 I AdEventThread: onHandleRoutineUploadEvent
09-09 19:04:13.625   740 27666 D SDM     : DisplayBase::BuildLayerStackStats: LayerStack layer_count: 7, app_layer_count: 6, gpu_target_index: 6, display type: 0
09-09 19:04:13.642   740 27666 D SDM     : DisplayBase::BuildLayerStackStats: LayerStack layer_count: 7, app_layer_count: 6, gpu_target_index: 6, display type: 0
09-09 19:04:13.659   740 27666 D SDM     : DisplayBase::BuildLayerStackStats: LayerStack layer_count: 7, app_layer_count: 6, gpu_target_index: 6, display type: 0
09-09 19:04:13.676   740 27666 D SDM     : DisplayBase::BuildLayerStackStats: LayerStack layer_count: 7, app_layer_count: 6, gpu_target_index: 6, display type: 0
09-09 19:04:13.677 21095 21346 D HomeActivity: 5 : showNextSearchword == 
09-09 19:04:13.693   740 27666 D SDM     : DisplayBase::BuildLayerStackStats: LayerStack layer_count: 7, app_layer_count: 6, gpu_target_index: 6, display type: 0
09-09 19:04:13.697 28810 28810 I crash_dump64: obtaining output fd from tombstoned, type: kDebuggerdTombstone
09-09 19:04:13.698  1113  1113 I /system/bin/tombstoned: received crash request for pid 28788
09-09 19:04:13.700 28810 28810 I crash_dump64: performing dump of process 28692 (target tid = 28788)
09-09 19:04:13.709   740 27666 D SDM     : DisplayBase::BuildLayerStackStats: LayerStack layer_count: 7, app_layer_count: 6, gpu_target_index: 6, display type: 0
09-09 19:04:13.724 28810 28810 F DEBUG   : *** *** *** *** *** *** *** *** *** *** *** *** *** *** *** ***
09-09 19:04:13.724 28810 28810 F DEBUG   : Build fingerprint: 'Nokia/Dragon_00CN/DRG:9/PPR1.180610.011/00CN_3_47I:user/release-keys'
09-09 19:04:13.724 28810 28810 F DEBUG   : Revision: '0'
09-09 19:04:13.724 28810 28810 F DEBUG   : ABI: 'arm64'
09-09 19:04:13.725 28810 28810 F DEBUG   : pid: 28692, tid: 28788, name: Thread-2  >>> com.test.ffmpegvideoplay <<<
09-09 19:04:13.725 28810 28810 F DEBUG   : signal 11 (SIGSEGV), code 1 (SEGV_MAPERR), fault addr 0x12
09-09 19:04:13.725 28810 28810 F DEBUG   : Cause: null pointer dereference
09-09 19:04:13.725 28810 28810 F DEBUG   :     x0  000000766030eb0c  x1  00000076601ff358  x2  000000000000000a  x3  0000000000000000
09-09 19:04:13.725 28810 28810 F DEBUG   :     x4  0000000000000000  x5  0000000000000000  x6  0000000000000000  x7  0000000000003800
09-09 19:04:13.725 28810 28810 F DEBUG   :     x8  0000000000000000  x9  0000000000101b0c  x10 0000000000000001  x11 0000000000000000
09-09 19:04:13.725 28810 28810 F DEBUG   :     x12 000000766020d000  x13 00000000000114a6  x14 0000000000000000  x15 8c00000000000000
09-09 19:04:13.725 28810 28810 F DEBUG   :     x16 0000007661538928  x17 00000076ff5c1ea8  x18 0000000000000001  x19 00000076601ff358
09-09 19:04:13.725 28810 28810 F DEBUG   :     x20 000000000000000a  x21 000000766030eb0c  x22 0000007661539068  x23 000000766151a6c2
09-09 19:04:13.725 28810 28810 F DEBUG   :     x24 0000007661539248  x25 0000000000000000  x26 000000766153924c  x27 0000007661539250
09-09 19:04:13.725 28810 28810 F DEBUG   :     x28 0000007661539070  x29 00000076601fefb0
09-09 19:04:13.725 28810 28810 F DEBUG   :     sp  00000076601fef80  lr  00000076614fc088  pc  00000076ff5c1ed0
09-09 19:04:13.726   740 27666 D SDM     : DisplayBase::BuildLayerStackStats: LayerStack layer_count: 7, app_layer_count: 6, gpu_target_index: 6, display type: 0
09-09 19:04:13.727 28810 28810 F DEBUG   : 
09-09 19:04:13.727 28810 28810 F DEBUG   : backtrace:
09-09 19:04:13.727 28810 28810 F DEBUG   :     #00 pc 0000000000080ed0  /system/lib64/libc.so (pthread_cond_timedwait+40)
09-09 19:04:13.727 28810 28810 F DEBUG   :     #01 pc 000000000002d084  /data/app/com.test.ffmpegvideoplay-9uhMqz6AP95_dXWGTWGuFA==/lib/arm64/libnative-lib.so
09-09 19:04:13.727 28810 28810 F DEBUG   :     #02 pc 0000000000081938  /system/lib64/libc.so (__pthread_start(void*)+36)
09-09 19:04:13.727 28810 28810 F DEBUG   :     #03 pc 0000000000023478  /system/lib64/libc.so (__start_thread+68)
09-09 19:04:13.742   740 27666 D SDM     : DisplayBase::BuildLayerStackStats: LayerStack layer_count: 7, app_layer_count: 6, gpu_target_index: 6, display type: 0
09-09 19:04:13.759   740 27666 D SDM     : DisplayBase::BuildLayerStackStats: LayerStack layer_count: 7, app_layer_count: 6, gpu_target_index: 6, display type: 0
09-09 19:04:13.776   740 27666 D SDM     : DisplayBase::BuildLayerStackStats: LayerStack layer_count: 7, app_layer_count: 6, gpu_target_index: 6, display type: 0
09-09 19:04:13.793   740 27666 D SDM     : DisplayBase::BuildLayerStackStats: LayerStack layer_count: 7, app_layer_count: 6, gpu_target_index: 6, display type: 0
09-09 19:04:13.805  4456  5084 I [PowerSavingAppG3]ProcessMonitorService: original mTopApList = [com.test.ffmpegvideoplay]
09-09 19:04:13.806  4456  5084 I [PowerSavingAppG3]ProcessMonitorService: keep mTopApList = [com.test.ffmpegvideoplay]
09-09 19:04:13.809   740 27666 D SDM     : DisplayBase::BuildLayerStackStats: LayerStack layer_count: 7, app_layer_count: 6, gpu_target_index: 6, display type: 0
09-09 19:04:13.826   740 27666 D SDM     : DisplayBase::BuildLayerStackStats: LayerStack layer_count: 7, app_layer_count: 6, gpu_target_index: 6, display type: 0
09-09 19:04:13.842   740 27666 D SDM     : DisplayBase::BuildLayerStackStats: LayerStack layer_count: 7, app_layer_count: 6, gpu_target_index: 6, display type: 0
09-09 19:04:13.859   740 27666 D SDM     : DisplayBase::BuildLayerStackStats: LayerStack layer_count: 7, app_layer_count: 6, gpu_target_index: 6, display type: 0
09-09 19:04:13.875   740 27666 D SDM     : DisplayBase::BuildLayerStackStats: LayerStack layer_count: 7, app_layer_count: 6, gpu_target_index: 6, display type: 0
09-09 19:04:13.939  3261 14791 D FileOperator: Mode change to WRITE_MODE!
09-09 19:04:13.958   740 27666 D SDM     : DisplayBase::BuildLayerStackStats: LayerStack layer_count: 7, app_layer_count: 6, gpu_target_index: 6, display type: 0
09-09 19:04:14.087  1113  1113 E /system/bin/tombstoned: Tombstone written to: /data/tombstones/tombstone_05
09-09 19:04:14.089  1505 28814 W ActivityManager:   Force finishing activity com.test.ffmpegvideoplay/.MainActivity
09-09 19:04:14.096  1505 28814 I chatty  : uid=1000 system_server expire 1 line
09-09 19:04:14.098  1014  1102 W statsd  : not interested in atom 130601
09-09 19:04:14.098  1014  1102 D statsd  : log source 1000 is allowed for fih atoms
09-09 19:04:14.098  1014  1102 D statsd  : log source 1000 is allowed for fih atoms
09-09 19:04:14.103  2538  2538 D StatusBar: hiding the MENU button
09-09 19:04:14.111  1505  2365 I chatty  : uid=1000(system) InputDispatcher expire 13 lines
09-09 19:04:14.111  1505  1568 I WindowManager: WIN DEATH: Window{4ed6492 u0 com.test.ffmpegvideoplay/com.test.ffmpegvideoplay.MainActivity}
09-09 19:04:14.112  1505  1568 I chatty  : uid=1000(system) Binder:1505_2 expire 28 lines
09-09 19:04:14.112  1505  2785 I ActivityManager: Process com.test.ffmpegvideoplay (pid 28692) has died: fore TOP 
09-09 19:04:14.113   657   657 I Zygote  : Process 28692 exited due to signal (11)
09-09 19:04:14.113  2538  2538 D StatusBar: hiding the MENU button
09-09 19:04:14.125   780   849 W SurfaceFlinger: Attempting to set client state on removed layer: com.test.ffmpegvideoplay/com.test.ffmpegvideoplay.MainActivity#0
09-09 19:04:14.126   780   849 W SurfaceFlinger: Attempting to destroy on removed layer: com.test.ffmpegvideoplay/com.test.ffmpegvideoplay.MainActivity#0
09-09 19:04:14.127   740 27666 D SDM     : DisplayBase::BuildLayerStackStats: LayerStack layer_count: 5, app_layer_count: 4, gpu_target_index: 4, display type: 0
09-09 19:04:14.144   740 27666 D SDM     : DisplayBase::BuildLayerStackStats: LayerStack layer_count: 5, app_layer_count: 4, gpu_target_index: 4, display type: 0
09-09 19:04:14.156  1014  1102 W statsd  : not interested in atom 130601
09-09 19:04:14.156  1014  1102 D statsd  : log source 1000 is allowed for fih atoms
09-09 19:04:14.156  1014  1102 D statsd  : log source 1000 is allowed for fih atoms
09-09 19:04:14.160   740 27666 D SDM     : DisplayBase::BuildLayerStackStats: LayerStack layer_count: 5, app_layer_count: 4, gpu_target_index: 4, display type: 0
09-09 19:04:14.164  1505  1724 W ActivityManager: setHasOverlayUi called on unknown pid: 28692
09-09 19:04:14.165  1505  1691 W IrisConfig: ColorManagerService is not Existed
09-09 19:04:14.167  2538  2538 D StatusBar: hiding the MENU button
09-09 19:04:14.171  4456 11392 I [PowerSavingAppG3]ProcessMonitorService: pid: 19984, calleeApp: com.android.launcher3
09-09 19:04:14.172  4456 11392 I [PowerSavingAppG3]ProcessMonitorService: com.android.launcher3 is not on launcher.
09-09 19:04:14.173 23046 23046 I BBS_IntentReceiver: Received action(android.intent.action.DROPBOX_ENTRY_ADDED)
09-09 19:04:14.173 23046 23046 I BBS_IntentReceiver: Start BBoxsBoxService
09-09 19:04:14.174 19984 20133 I NotificationListener: WorkerCallback message : 3, sIsConnected : true
09-09 19:04:14.174 19984 19984 V TestLog : Launcher.onResume()
09-09 19:04:14.175  1505  1724 D AR_ADV_APPS_USAGE_COL: com.test.ffmpegvideoplay -> resizable apps -> USAGE 4255
09-09 19:04:14.175  1014  1102 W statsd  : not interested in atom 130605
09-09 19:04:14.175  1014  1102 D statsd  : log source 1000 is allowed for fih atoms
09-09 19:04:14.175  1014  1102 D statsd  : log source 1000 is allowed for fih atoms
09-09 19:04:14.176   740 27666 D SDM     : DisplayBase::BuildLayerStackStats: LayerStack layer_count: 5, app_layer_count: 4, gpu_target_index: 4, display type: 0
09-09 19:04:14.184 19984 19984 I PhoneWindow: isNeedChangeNaviBarColor taskInfo: [android.app.ActivityManager$RunningTaskInfo@beea5f8] size: 1
09-09 19:04:14.184 19984 19984 I PhoneWindow: isAPPNeedChange pkgName: com.android.launcher3 needKeep: false
09-09 19:04:14.184 19984 19984 I PhoneWindow: isNeedChangeNaviBarColor false
09-09 19:04:14.184 19984 19984 I PhoneWindow: setNavigationBarColor mNavigationBarColor: 0
09-09 19:04:14.184 19984 19984 I PhoneWindow: setNavigationBarColor isLightNavi false, Visibility: 0
09-09 19:04:14.185 19984 20133 I NotificationListener: shouldBeFilteredOut isGroupHeader : false, missingTitleAndText : false
09-09 19:04:14.185 19984 20133 I NotificationListener: shouldBeFilteredOut isGroupHeader : false, missingTitleAndText : true
09-09 19:04:14.185 19984 20133 I NotificationListener: shouldBeFilteredOut isGroupHeader : false, missingTitleAndText : false
09-09 19:04:14.185 19984 20133 I NotificationListener: shouldBeFilteredOut !canShowBadge return
09-09 19:04:14.185 19984 20133 I NotificationListener: shouldBeFilteredOut !canShowBadge return
09-09 19:04:14.185 19984 20133 D InstallShortcutReceiver: Getting and clearing APPS_PENDING_INSTALL: null
09-09 19:04:14.185  4456 19467 I [PowerSavingAppG3]BackgroundCleanService: pid: 19984, calleeApp: com.android.launcher3
09-09 19:04:14.186 24109 24109 E STBMonitorReceiver: dropboxTag:data_app_native_crash;dropboxTime:1568027054117
09-09 19:04:14.187 24109 24109 W ContextImpl: Calling a method in the system process without a qualified user: android.app.ContextImpl.startService:1543 android.content.ContextWrapper.startService:664 android.content.ContextWrapper.startService:664 com.fihtdc.stbmonitor.queue.STBMonitorReceiver.onReceive:342 android.app.ActivityThread.handleReceiver:3406 
09-09 19:04:14.189 19984 19984 D Launcher: Broadcasting Home Idle Screen Intent ... orientation 5
09-09 19:04:14.191  4456 28818 I UpdateBackgroundOpsService: intent.getAction() = update_apps_background
09-09 19:04:14.193  4456 19467 I [PowerSavingAppG3]BackgroundCleanService: com.android.launcher3 is not on launcher.
09-09 19:04:14.197 19984 19984 D TestLog : Time spent in onResume: 23
09-09 19:04:14.197 24109 24109 E STBIntentService: Service Started.. 
09-09 19:04:14.203 19984 19984 D PagedView: PagedView.onMeasure(): 1080, 2280
09-09 19:04:14.203 19984 19984 D PagedView: PagedView.scaledSize: 1080, 2280
09-09 19:04:14.203 19984 19984 D PagedView: PagedView.parentSize: 4560, 4560
09-09 19:04:14.203 19984 19984 D PagedView: PagedView.horizontalPadding: 42
09-09 19:04:14.203 19984 19984 D PagedView: PagedView.verticalPadding: 312
09-09 19:04:14.204 23046 28819 I android_os_HwBinder: HwBinder: Starting thread pool for default::vendor.fih.hardware.box@1.0::IBox
09-09 19:04:14.205   756   756 E vendor.fih.hardware.box@1.0-service: Box::BoxCMD sbuf_len=74
09-09 19:04:14.205   756   756 I BBSYS   : BBS TRG: BBS: onHandleIntent action = android.intent.action.DROPBOX_ENTRY_ADDED
09-09 19:04:14.215  2538  2538 D StatusBar: setSystemUiVisibility vis=8708 mask=ffffffff oldVal=8008 newVal=8708 diff=700
09-09 19:04:14.215  2538  2538 D StatusBar: hiding the MENU button
09-09 19:04:14.220 19984 19984 D PagedView: PagedView.onLayout()
09-09 19:04:14.220 19984 19984 D PagedView: 	layout-child0: 0, 0
09-09 19:04:14.220 19984 19984 D PagedView: 	layout-child1: 1101, 89
09-09 19:04:14.220 24109 28820 E StabilityMonitor: [APRReport] get APRReport from memory
09-09 19:04:14.220 19984 19984 D PagedView: 	layout-child2: 2161, 89
09-09 19:04:14.220 19984 19984 D PagedView: 	layout-child3: 3221, 89
09-09 19:04:14.220 19984 19984 I ItemLongClick: DragDriver : null, Options : null, isAccessibleDrag : false
09-09 19:04:14.220 24109 28820 I StabilityMonitor: [APRReport] addDropboxEntry() data_app_native_crash
09-09 19:04:14.220 24109 28820 I StabilityMonitor: [ParserUtility] /data/system/dropbox/data_app_native_crash@1568027054117.txt
09-09 19:04:14.220 19984 19984 I NotificationListener: UiCallback message : 3, sNotificationsChangedListener : com.android.launcher3.popup.PopupDataProvider@7a23412
09-09 19:04:14.220 19984 19984 I PopupDataProvider: onNotificationFullRefresh activeNotifications is null ?
09-09 19:04:14.220 19984 19984 I PopupDataProvider: onNotificationFullRefresh activeNotifications size  : 2
09-09 19:04:14.220 19984 19984 I PopupDataProvider: onNotificationFullRefresh packageUserKey : com.android.vending, badgeInfo : null
09-09 19:04:14.221 19984 19984 W System.err: java.lang.Throwable: -xx- NotificationKeyData [0|com.android.vending|390105251|null|10116, 0]
09-09 19:04:14.221 19984 19984 W System.err: 	at com.android.launcher3.notification.NotificationKeyData.<init>(NotificationKeyData.java:42)
09-09 19:04:14.221 19984 19984 W System.err: 	at com.android.launcher3.notification.NotificationKeyData.fromNotification(NotificationKeyData.java:48)
09-09 19:04:14.221 19984 19984 W System.err: 	at com.android.launcher3.popup.PopupDataProvider.onNotificationFullRefresh(PopupDataProvider.java:133)
09-09 19:04:14.221 19984 19984 W System.err: 	at com.android.launcher3.notification.NotificationListener$2.handleMessage(NotificationListener.java:135)
09-09 19:04:14.221 19984 19984 W System.err: 	at android.os.Handler.dispatchMessage(Handler.java:103)
09-09 19:04:14.221 19984 19984 W System.err: 	at android.os.Looper.loop(Looper.java:198)
09-09 19:04:14.221 19984 19984 W System.err: 	at android.app.ActivityThread.main(ActivityThread.java:6729)
09-09 19:04:14.221 19984 19984 W System.err: 	at java.lang.reflect.Method.invoke(Native Method)
09-09 19:04:14.221 24109 28820 I StabilityMonitor: [ParserUtility] key word : com.test.ffmpegvideoplay
09-09 19:04:14.221 19984 19984 W System.err: 	at com.android.internal.os.RuntimeInit$MethodAndArgsCaller.run(RuntimeInit.java:493)
09-09 19:04:14.221 19984 19984 W System.err: 	at com.android.internal.os.ZygoteInit.main(ZygoteInit.java:858)
09-09 19:04:14.221 19984 19984 W System.err: java.lang.Throwable: -xx- addOrUpdateNotificationKey [0, null, com.android.launcher3.notification.NotificationKeyData@e7e08d3[0|com.android.vending|390105251|null|10116, null, 1]]
09-09 19:04:14.221 19984 19984 W System.err: 	at com.android.launcher3.badge.BadgeInfo.addOrUpdateNotificationKey(BadgeInfo.java:64)
09-09 19:04:14.221 19984 19984 W System.err: 	at com.android.launcher3.popup.PopupDataProvider.onNotificationFullRefresh(PopupDataProvider.java:132)
09-09 19:04:14.221 19984 19984 W System.err: 	at com.android.launcher3.notification.NotificationListener$2.handleMessage(NotificationListener.java:135)
09-09 19:04:14.221 19984 19984 W System.err: 	at android.os.Handler.dispatchMessage(Handler.java:103)
09-09 19:04:14.221 19984 19984 W System.err: 	at android.os.Looper.loop(Looper.java:198)
09-09 19:04:14.221 19984 19984 W System.err: 	at android.app.ActivityThread.main(ActivityThread.java:6729)
09-09 19:04:14.221 19984 19984 W System.err: 	at java.lang.reflect.Method.invoke(Native Method)
09-09 19:04:14.221 19984 19984 W System.err: 	at com.android.internal.os.RuntimeInit$MethodAndArgsCaller.run(RuntimeInit.java:493)
09-09 19:04:14.221 19984 19984 W System.err: 	at com.android.internal.os.ZygoteInit.main(ZygoteInit.java:858)
09-09 19:04:14.221 19984 19984 I -xx-    : addOrUpdateNotificationKey2 [1, true]
09-09 19:04:14.221 19984 19984 I PopupDataProvider: onNotificationFullRefresh packageUserKey : com.google.android.gms, badgeInfo : null
09-09 19:04:14.221 19984 19984 W System.err: java.lang.Throwable: -xx- NotificationKeyData [0|com.google.android.gms|1|com.google.android.backup.notification.account.tag|10113, 0]
09-09 19:04:14.221 19984 19984 W System.err: 	at com.android.launcher3.notification.NotificationKeyData.<init>(NotificationKeyData.java:42)
09-09 19:04:14.221 19984 19984 W System.err: 	at com.android.launcher3.notification.NotificationKeyData.fromNotification(NotificationKeyData.java:48)
09-09 19:04:14.221 19984 19984 W System.err: 	at com.android.launcher3.popup.PopupDataProvider.onNotificationFullRefresh(PopupDataProvider.java:133)
09-09 19:04:14.221 19984 19984 W System.err: 	at com.android.launcher3.notification.NotificationListener$2.handleMessage(NotificationListener.java:135)
09-09 19:04:14.221 19984 19984 W System.err: 	at android.os.Handler.dispatchMessage(Handler.java:103)
09-09 19:04:14.221 19984 19984 W System.err: 	at android.os.Looper.loop(Looper.java:198)
09-09 19:04:14.221 19984 19984 W System.err: 	at android.app.ActivityThread.main(ActivityThread.java:6729)
09-09 19:04:14.221 19984 19984 W System.err: 	at java.lang.reflect.Method.invoke(Native Method)
09-09 19:04:14.222 19984 19984 W System.err: 	at com.android.internal.os.RuntimeInit$MethodAndArgsCaller.run(RuntimeInit.java:493)
09-09 19:04:14.222 19984 19984 W System.err: 	at com.android.internal.os.ZygoteInit.main(ZygoteInit.java:858)
09-09 19:04:14.222 19984 19984 W System.err: java.lang.Throwable: -xx- addOrUpdateNotificationKey [0, null, com.android.launcher3.notification.NotificationKeyData@3a2590e[0|com.google.android.gms|1|com.google.android.backup.notification.account.tag|10113, null, 1]]
09-09 19:04:14.222 19984 19984 W System.err: 	at com.android.launcher3.badge.BadgeInfo.addOrUpdateNotificationKey(BadgeInfo.java:64)
09-09 19:04:14.222 19984 19984 W System.err: 	at com.android.launcher3.popup.PopupDataProvider.onNotificationFullRefresh(PopupDataProvider.java:132)
09-09 19:04:14.222 19984 19984 W System.err: 	at com.android.launcher3.notification.NotificationListener$2.handleMessage(NotificationListener.java:135)
09-09 19:04:14.222 19984 19984 W System.err: 	at android.os.Handler.dispatchMessage(Handler.java:103)
09-09 19:04:14.222 19984 19984 W System.err: 	at android.os.Looper.loop(Looper.java:198)
09-09 19:04:14.222 19984 19984 W System.err: 	at android.app.ActivityThread.main(ActivityThread.java:6729)
09-09 19:04:14.222 19984 19984 W System.err: 	at java.lang.reflect.Method.invoke(Native Method)
09-09 19:04:14.222 19984 19984 W System.err: 	at com.android.internal.os.RuntimeInit$MethodAndArgsCaller.run(RuntimeInit.java:493)
09-09 19:04:14.222 19984 19984 W System.err: 	at com.android.internal.os.ZygoteInit.main(ZygoteInit.java:858)
09-09 19:04:14.222 19984 19984 I -xx-    : addOrUpdateNotificationKey2 [1, true]
09-09 19:04:14.222 19984 19984 I PopupDataProvider: onNotificationFullRefresh prevBadge : com.android.launcher3.badge.BadgeInfo@1e1093c
09-09 19:04:14.222 19984 19984 I PopupDataProvider: onNotificationFullRefresh shouldBeInvalidated is false. so remove : com.google.android.gms
09-09 19:04:14.222 19984 19984 I PopupDataProvider: onNotificationFullRefresh prevBadge : com.android.launcher3.badge.BadgeInfo@e0966c5
09-09 19:04:14.222 19984 19984 I PopupDataProvider: onNotificationFullRefresh shouldBeInvalidated is false. so remove : com.android.vending
09-09 19:04:14.223 24109 28820 I StabilityMonitor: [ParserUtility] VERSIONCODE : 1
09-09 19:04:14.223 24109 28820 I StabilityMonitor: [ParserUtility] VERSIONNAME : 1.0
09-09 19:04:14.224 24109 28820 I StabilityMonitor: [APRReport] exceptionItem  tag:data_app_native_crash packageName:com.test.ffmpegvideoplay versionCode:1 versionName:1.0
09-09 19:04:14.226   740 27666 D SDM     : DisplayBase::BuildLayerStackStats: LayerStack layer_count: 5, app_layer_count: 4, gpu_target_index: 4, display type: 0
09-09 19:04:14.228  2538  2538 D StatusBar: hiding the MENU button
09-09 19:04:14.236  2538  2538 D ImageWallpaper: onOffsetsChanged: xOffset=0.0, yOffset=0.0, xOffsetStep=0.0, yOffsetStep=0.0, xPixels=0, yPixels=0
09-09 19:04:14.237  2538  2538 D ImageWallpaper: Suppressed drawFrame since redraw is not needed and offsets have not changed.
09-09 19:04:14.237  2538  2538 D ImageWallpaper: onVisibilityChanged: mVisible, visible=false, true
09-09 19:04:14.237  2538  2538 D ImageWallpaper: Visibility changed to visible=true
09-09 19:04:14.238  2538  2538 D ImageWallpaper: Suppressed drawFrame since redraw is not needed and offsets have not changed.
09-09 19:04:14.243   740 27666 D SDM     : DisplayBase::BuildLayerStackStats: LayerStack layer_count: 6, app_layer_count: 5, gpu_target_index: 5, display type: 0
09-09 19:04:14.243  2538  2538 D StatusBar: hiding the MENU button
09-09 19:04:14.258  2538  2538 D ScrimController: setScrimInFrontAlpha .. 0.0
09-09 19:04:14.258  2538  2538 D ScrimController: setScrimBehindAlpha .. 0.0
09-09 19:04:14.260   740 27666 D SDM     : DisplayBase::BuildLayerStackStats: LayerStack layer_count: 7, app_layer_count: 6, gpu_target_index: 6, display type: 0
09-09 19:04:14.264 23046 28823 I android_os_HwBinder: HwBinder: Starting thread pool for default::vendor.fih.hardware.box@1.0::IBox
